###############################################################################
#
# IAR ELF Linker V7.80.4.12462/W32 for ARM                28/Feb/2019  09:04:32
# Copyright 2007-2017 IAR Systems AB.
#
#    Output file  =  C:\Users\test\Desktop\11\test\EWARM\test\Exe\test.out
#    Map file     =  C:\Users\test\Desktop\11\test\EWARM\test\List\test.map
#    Command line =  
#        C:\Users\test\Desktop\11\test\EWARM\test\Obj\main.o
#        C:\Users\test\Desktop\11\test\EWARM\test\Obj\startup_stm32f103xb.o
#        C:\Users\test\Desktop\11\test\EWARM\test\Obj\stm32f1xx_hal.o
#        C:\Users\test\Desktop\11\test\EWARM\test\Obj\stm32f1xx_hal_cortex.o
#        C:\Users\test\Desktop\11\test\EWARM\test\Obj\stm32f1xx_hal_dma.o
#        C:\Users\test\Desktop\11\test\EWARM\test\Obj\stm32f1xx_hal_flash.o
#        C:\Users\test\Desktop\11\test\EWARM\test\Obj\stm32f1xx_hal_flash_ex.o
#        C:\Users\test\Desktop\11\test\EWARM\test\Obj\stm32f1xx_hal_gpio.o
#        C:\Users\test\Desktop\11\test\EWARM\test\Obj\stm32f1xx_hal_gpio_ex.o
#        C:\Users\test\Desktop\11\test\EWARM\test\Obj\stm32f1xx_hal_msp.o
#        C:\Users\test\Desktop\11\test\EWARM\test\Obj\stm32f1xx_hal_pwr.o
#        C:\Users\test\Desktop\11\test\EWARM\test\Obj\stm32f1xx_hal_rcc.o
#        C:\Users\test\Desktop\11\test\EWARM\test\Obj\stm32f1xx_hal_rcc_ex.o
#        C:\Users\test\Desktop\11\test\EWARM\test\Obj\stm32f1xx_hal_tim.o
#        C:\Users\test\Desktop\11\test\EWARM\test\Obj\stm32f1xx_hal_tim_ex.o
#        C:\Users\test\Desktop\11\test\EWARM\test\Obj\stm32f1xx_it.o
#        C:\Users\test\Desktop\11\test\EWARM\test\Obj\system_stm32f1xx.o
#        --redirect _Printf=_PrintfFull --redirect _Scanf=_ScanfFull -o
#        C:\Users\test\Desktop\11\test\EWARM\test\Exe\test.out --map
#        C:\Users\test\Desktop\11\test\EWARM\test\List\test.map --config
#        C:\Users\test\Desktop\11\test\EWARM/stm32f103xb_flash.icf
#        --semihosting --entry __iar_program_start --vfe
#
###############################################################################

*******************************************************************************
*** RUNTIME MODEL ATTRIBUTES
***

CppFlavor       = *
__SystemLibrary = DLib


*******************************************************************************
*** PLACEMENT SUMMARY
***

"A0":  place at 0x08000000 { ro section .intvec };
"P1":  place in [from 0x08000000 to 0x0801ffff] { ro };
"P2":  place in [from 0x20000000 to 0x20004fff] { rw, block CSTACK, block HEAP };
initialize by copy { rw };

  Section            Kind        Address   Size  Object
  -------            ----        -------   ----  ------
"A0":                                      0xec
  .intvec            ro code  0x08000000   0xec  startup_stm32f103xb.o [1]
                            - 0x080000ec   0xec

"P1":                                     0x948
  .text              ro code  0x080000ec  0x486  stm32f1xx_hal_rcc.o [1]
  .text              ro code  0x08000574    0xc  stm32f1xx_hal.o [1]
  .text              ro code  0x08000580   0x40  stm32f1xx_hal.o [1]
  .text              ro code  0x080005c0   0x56  ABImemcpy_unaligned.o [4]
  .text              ro code  0x08000618   0xc6  stm32f1xx_hal_cortex.o [1]
  .text              ro code  0x080006e0   0x9c  stm32f1xx_hal_msp.o [1]
  .text              ro code  0x0800077c   0x82  main.o [1]
  .text              ro code  0x08000800   0x24  stm32f1xx_hal.o [1]
  .text              ro code  0x08000824   0x5c  system_stm32f1xx.o [1]
  .text              ro code  0x08000880   0x2c  copy_init3.o [4]
  .text              ro code  0x080008ac   0x28  data_init.o [4]
  .iar.init_table    const    0x080008d4   0x14  - Linker created -
  .text              ro code  0x080008e8   0x1e  stm32f1xx_it.o [1]
  .text              ro code  0x08000908   0x10  stm32f1xx_hal.o [1]
  .text              ro code  0x08000918   0x1a  cmain.o [4]
  .text              ro code  0x08000932    0x4  low_level_init.o [3]
  .text              ro code  0x08000936    0x4  exit.o [3]
  .text              ro code  0x0800093c    0xa  cexit.o [4]
  .text              ro code  0x08000948   0x14  exit.o [5]
  .text              ro code  0x0800095c   0x10  startup_stm32f103xb.o [1]
  Initializer bytes  const    0x0800096c   0x10  <for P2-1>
  .text              ro code  0x0800097c    0xc  cstartup_M.o [4]
  .text              ro code  0x08000988    0x4  startup_stm32f103xb.o [1]
  .text              ro code  0x0800098c    0x4  startup_stm32f103xb.o [1]
  .text              ro code  0x08000990    0x4  startup_stm32f103xb.o [1]
  .text              ro code  0x08000994    0x4  startup_stm32f103xb.o [1]
  .text              ro code  0x08000998    0x4  startup_stm32f103xb.o [1]
  .text              ro code  0x0800099c    0x4  startup_stm32f103xb.o [1]
  .text              ro code  0x080009a0    0x4  startup_stm32f103xb.o [1]
  .text              ro code  0x080009a4    0x4  startup_stm32f103xb.o [1]
  .text              ro code  0x080009a8    0x4  startup_stm32f103xb.o [1]
  .text              ro code  0x080009ac    0x4  startup_stm32f103xb.o [1]
  .text              ro code  0x080009b0    0x4  startup_stm32f103xb.o [1]
  .text              ro code  0x080009b4    0x4  startup_stm32f103xb.o [1]
  .text              ro code  0x080009b8    0x4  startup_stm32f103xb.o [1]
  .text              ro code  0x080009bc    0x4  startup_stm32f103xb.o [1]
  .text              ro code  0x080009c0    0x4  startup_stm32f103xb.o [1]
  .text              ro code  0x080009c4    0x4  startup_stm32f103xb.o [1]
  .text              ro code  0x080009c8    0x4  startup_stm32f103xb.o [1]
  .text              ro code  0x080009cc    0x4  startup_stm32f103xb.o [1]
  .text              ro code  0x080009d0    0x4  startup_stm32f103xb.o [1]
  .text              ro code  0x080009d4    0x4  startup_stm32f103xb.o [1]
  .text              ro code  0x080009d8    0x4  startup_stm32f103xb.o [1]
  .text              ro code  0x080009dc    0x4  startup_stm32f103xb.o [1]
  .text              ro code  0x080009e0    0x4  startup_stm32f103xb.o [1]
  .text              ro code  0x080009e4    0x4  startup_stm32f103xb.o [1]
  .text              ro code  0x080009e8    0x4  startup_stm32f103xb.o [1]
  .text              ro code  0x080009ec    0x4  startup_stm32f103xb.o [1]
  .text              ro code  0x080009f0    0x4  startup_stm32f103xb.o [1]
  .text              ro code  0x080009f4    0x4  startup_stm32f103xb.o [1]
  .text              ro code  0x080009f8    0x4  startup_stm32f103xb.o [1]
  .text              ro code  0x080009fc    0x4  startup_stm32f103xb.o [1]
  .text              ro code  0x08000a00    0x4  startup_stm32f103xb.o [1]
  .text              ro code  0x08000a04    0x4  startup_stm32f103xb.o [1]
  .text              ro code  0x08000a08    0x4  startup_stm32f103xb.o [1]
  .text              ro code  0x08000a0c    0x4  startup_stm32f103xb.o [1]
  .text              ro code  0x08000a10    0x4  startup_stm32f103xb.o [1]
  .text              ro code  0x08000a14    0x4  startup_stm32f103xb.o [1]
  .text              ro code  0x08000a18    0x4  startup_stm32f103xb.o [1]
  .text              ro code  0x08000a1c    0x4  startup_stm32f103xb.o [1]
  .text              ro code  0x08000a20    0x4  startup_stm32f103xb.o [1]
  .text              ro code  0x08000a24    0x4  startup_stm32f103xb.o [1]
  .text              ro code  0x08000a28    0x4  startup_stm32f103xb.o [1]
  .text              ro code  0x08000a2c    0x4  startup_stm32f103xb.o [1]
  .text              ro code  0x08000a30    0x4  startup_stm32f103xb.o [1]
  .rodata            const    0x08000a34    0x0  copy_init3.o [4]
                            - 0x08000a34  0x948

"P2", part 1 of 2:                         0x10
  P2-1                        0x20000000   0x10  <Init block>
    .data            inited   0x20000000    0xc  stm32f1xx_hal.o [1]
    .data            inited   0x2000000c    0x4  system_stm32f1xx.o [1]
                            - 0x20000010   0x10

"P2", part 2 of 2:                        0x400
  CSTACK                      0x20000010  0x400  <Block>
    CSTACK           uninit   0x20000010  0x400  <Block tail>
                            - 0x20000410  0x400


*******************************************************************************
*** INIT TABLE
***

          Address     Size
          -------     ----
Copy (__iar_copy_init3)
    1 source range, total size 0x10:
          0x0800096c  0x10
    1 destination range, total size 0x10:
          0x20000000  0x10



*******************************************************************************
*** MODULE SUMMARY
***

    Module                  ro code  ro data  rw data
    ------                  -------  -------  -------
C:\Users\test\Desktop\11\test\EWARM\test\Obj: [1]
    main.o                      130
    startup_stm32f103xb.o       424
    stm32f1xx_hal.o             128       12       12
    stm32f1xx_hal_cortex.o      198
    stm32f1xx_hal_msp.o         156
    stm32f1xx_hal_rcc.o       1 158
    stm32f1xx_it.o               30
    system_stm32f1xx.o           92        4        4
    -------------------------------------------------
    Total:                    2 316       16       16

command line: [2]
    -------------------------------------------------
    Total:

dl7M_tlf.a: [3]
    exit.o                        4
    low_level_init.o              4
    -------------------------------------------------
    Total:                        8

rt7M_tl.a: [4]
    ABImemcpy_unaligned.o        86
    cexit.o                      10
    cmain.o                      26
    copy_init3.o                 44
    cstartup_M.o                 12
    data_init.o                  40
    -------------------------------------------------
    Total:                      218

shb_l.a: [5]
    exit.o                       20
    -------------------------------------------------
    Total:                       20

    Gaps                         14
    Linker created                        20    1 024
-----------------------------------------------------
    Grand Total:              2 576       36    1 040


*******************************************************************************
*** ENTRY LIST
***

Entry                      Address   Size  Type      Object
-----                      -------   ----  ----      ------
.iar.init_table$$Base   0x080008d4          --   Gb  - Linker created -
.iar.init_table$$Limit  0x080008e8          --   Gb  - Linker created -
?main                   0x08000919         Code  Gb  cmain.o [4]
AHBPrescTable           0x08000870   0x10  Data  Gb  system_stm32f1xx.o [1]
BusFault_Handler        0x080008ef    0x2  Code  Gb  stm32f1xx_it.o [1]
CSTACK$$Base            0x20000010          --   Gb  - Linker created -
CSTACK$$Limit           0x20000410          --   Gb  - Linker created -
DebugMon_Handler        0x080008f5    0x2  Code  Gb  stm32f1xx_it.o [1]
HAL_GetTick             0x08000575    0xc  Code  Wk  stm32f1xx_hal.o [1]
HAL_IncTick             0x08000909   0x10  Code  Wk  stm32f1xx_hal.o [1]
HAL_Init                0x08000801   0x20  Code  Gb  stm32f1xx_hal.o [1]
HAL_InitTick            0x08000581   0x40  Code  Wk  stm32f1xx_hal.o [1]
HAL_MspInit             0x080006e1   0x9c  Code  Gb  stm32f1xx_hal_msp.o [1]
HAL_NVIC_SetPriority    0x0800064d   0x3a  Code  Gb  stm32f1xx_hal_cortex.o [1]
HAL_NVIC_SetPriorityGrouping
                        0x08000633   0x1a  Code  Gb  stm32f1xx_hal_cortex.o [1]
HAL_RCC_ClockConfig     0x080003c7  0x10a  Code  Gb  stm32f1xx_hal_rcc.o [1]
HAL_RCC_GetHCLKFreq     0x08000533    0x6  Code  Gb  stm32f1xx_hal_rcc.o [1]
HAL_RCC_GetSysClockFreq
                        0x080004e5   0x4e  Code  Gb  stm32f1xx_hal_rcc.o [1]
HAL_RCC_OscConfig       0x080000ed  0x2d2  Code  Gb  stm32f1xx_hal_rcc.o [1]
HAL_SYSTICK_CLKSourceConfig
                        0x080006af   0x14  Code  Gb  stm32f1xx_hal_cortex.o [1]
HAL_SYSTICK_Callback    0x080006dd    0x2  Code  Wk  stm32f1xx_hal_cortex.o [1]
HAL_SYSTICK_Config      0x08000687   0x28  Code  Gb  stm32f1xx_hal_cortex.o [1]
HAL_SYSTICK_IRQHandler  0x080006d9    0x4  Code  Gb  stm32f1xx_hal_cortex.o [1]
HardFault_Handler       0x080008eb    0x2  Code  Gb  stm32f1xx_it.o [1]
MemManage_Handler       0x080008ed    0x2  Code  Gb  stm32f1xx_it.o [1]
NMI_Handler             0x080008e9    0x2  Code  Gb  stm32f1xx_it.o [1]
NVIC_SetPriority        0x08000619   0x1a  Code  Lc  stm32f1xx_hal_cortex.o [1]
PendSV_Handler          0x080008f7    0x2  Code  Gb  stm32f1xx_it.o [1]
Region$$Table$$Base     0x080008d4          --   Gb  - Linker created -
Region$$Table$$Limit    0x080008e8          --   Gb  - Linker created -
SVC_Handler             0x080008f3    0x2  Code  Gb  stm32f1xx_it.o [1]
SysTick_Handler         0x080008f9    0xe  Code  Gb  stm32f1xx_it.o [1]
SystemClock_Config      0x080007a1   0x5e  Code  Gb  main.o [1]
SystemCoreClock         0x2000000c    0x4  Data  Gb  system_stm32f1xx.o [1]
SystemInit              0x08000825   0x3a  Code  Gb  system_stm32f1xx.o [1]
UsageFault_Handler      0x080008f1    0x2  Code  Gb  stm32f1xx_it.o [1]
__cmain                 0x08000919         Code  Gb  cmain.o [4]
__exit                  0x08000949   0x14  Code  Gb  exit.o [5]
__iar_copy_init3        0x08000881   0x2c  Code  Gb  copy_init3.o [4]
__iar_data_init3        0x080008ad   0x28  Code  Gb  data_init.o [4]
__iar_program_start     0x0800097d         Code  Gb  cstartup_M.o [4]
__iar_unaligned___aeabi_memcpy4
                        0x080005c1         Code  Gb  ABImemcpy_unaligned.o [4]
__iar_unaligned___aeabi_memcpy8
                        0x080005c1         Code  Gb  ABImemcpy_unaligned.o [4]
__low_level_init        0x08000933    0x4  Code  Gb  low_level_init.o [3]
__vector_table          0x08000000         Data  Gb  startup_stm32f103xb.o [1]
_call_main              0x08000925         Code  Gb  cmain.o [4]
_exit                   0x0800093d         Code  Gb  cexit.o [4]
_main                   0x0800092f         Code  Gb  cmain.o [4]
exit                    0x08000937    0x4  Code  Gb  exit.o [3]
main                    0x0800077d   0x20  Code  Gb  main.o [1]
uwTick                  0x20000004    0x4  Data  Gb  stm32f1xx_hal.o [1]
uwTickFreq              0x20000000    0x1  Data  Gb  stm32f1xx_hal.o [1]
uwTickPrio              0x20000008    0x4  Data  Gb  stm32f1xx_hal.o [1]


[1] = C:\Users\test\Desktop\11\test\EWARM\test\Obj
[2] = command line
[3] = dl7M_tlf.a
[4] = rt7M_tl.a
[5] = shb_l.a

  2 576 bytes of readonly  code memory
     36 bytes of readonly  data memory
  1 040 bytes of readwrite data memory

Errors: none
Warnings: none
