###############################################################################
#
# IAR ELF Linker V7.80.4.12462/W32 for ARM                28/Feb/2019  10:26:08
# Copyright 2007-2017 IAR Systems AB.
#
#    Output file  =  
#        C:\Users\test\Desktop\11\ludeng\EWARM\ludeng\Exe\ludeng.out
#    Map file     =  
#        C:\Users\test\Desktop\11\ludeng\EWARM\ludeng\List\ludeng.map
#    Command line =  
#        C:\Users\test\Desktop\11\ludeng\EWARM\ludeng\Obj\adc.o
#        C:\Users\test\Desktop\11\ludeng\EWARM\ludeng\Obj\gpio.o
#        C:\Users\test\Desktop\11\ludeng\EWARM\ludeng\Obj\LCD1602.o
#        C:\Users\test\Desktop\11\ludeng\EWARM\ludeng\Obj\main.o
#        C:\Users\test\Desktop\11\ludeng\EWARM\ludeng\Obj\startup_stm32f103xb.o
#        C:\Users\test\Desktop\11\ludeng\EWARM\ludeng\Obj\stm32f1xx_hal.o
#        C:\Users\test\Desktop\11\ludeng\EWARM\ludeng\Obj\stm32f1xx_hal_adc.o
#        C:\Users\test\Desktop\11\ludeng\EWARM\ludeng\Obj\stm32f1xx_hal_adc_ex.o
#        C:\Users\test\Desktop\11\ludeng\EWARM\ludeng\Obj\stm32f1xx_hal_cortex.o
#        C:\Users\test\Desktop\11\ludeng\EWARM\ludeng\Obj\stm32f1xx_hal_dma.o
#        C:\Users\test\Desktop\11\ludeng\EWARM\ludeng\Obj\stm32f1xx_hal_flash.o
#        C:\Users\test\Desktop\11\ludeng\EWARM\ludeng\Obj\stm32f1xx_hal_flash_ex.o
#        C:\Users\test\Desktop\11\ludeng\EWARM\ludeng\Obj\stm32f1xx_hal_gpio.o
#        C:\Users\test\Desktop\11\ludeng\EWARM\ludeng\Obj\stm32f1xx_hal_gpio_ex.o
#        C:\Users\test\Desktop\11\ludeng\EWARM\ludeng\Obj\stm32f1xx_hal_msp.o
#        C:\Users\test\Desktop\11\ludeng\EWARM\ludeng\Obj\stm32f1xx_hal_pwr.o
#        C:\Users\test\Desktop\11\ludeng\EWARM\ludeng\Obj\stm32f1xx_hal_rcc.o
#        C:\Users\test\Desktop\11\ludeng\EWARM\ludeng\Obj\stm32f1xx_hal_rcc_ex.o
#        C:\Users\test\Desktop\11\ludeng\EWARM\ludeng\Obj\stm32f1xx_hal_tim.o
#        C:\Users\test\Desktop\11\ludeng\EWARM\ludeng\Obj\stm32f1xx_hal_tim_ex.o
#        C:\Users\test\Desktop\11\ludeng\EWARM\ludeng\Obj\stm32f1xx_hal_uart.o
#        C:\Users\test\Desktop\11\ludeng\EWARM\ludeng\Obj\stm32f1xx_it.o
#        C:\Users\test\Desktop\11\ludeng\EWARM\ludeng\Obj\system_stm32f1xx.o
#        C:\Users\test\Desktop\11\ludeng\EWARM\ludeng\Obj\usart.o --redirect
#        _Printf=_PrintfFull --redirect _Scanf=_ScanfFull -o
#        C:\Users\test\Desktop\11\ludeng\EWARM\ludeng\Exe\ludeng.out --map
#        C:\Users\test\Desktop\11\ludeng\EWARM\ludeng\List\ludeng.map --config
#        C:\Users\test\Desktop\11\ludeng\EWARM/stm32f103xb_flash.icf
#        --semihosting --entry __iar_program_start --vfe
#
###############################################################################

*******************************************************************************
*** RUNTIME MODEL ATTRIBUTES
***

CppFlavor       = *
__SystemLibrary = DLib


*******************************************************************************
*** PLACEMENT SUMMARY
***

"A0":  place at 0x08000000 { ro section .intvec };
"P1":  place in [from 0x08000000 to 0x0801ffff] { ro };
"P2":  place in [from 0x20000000 to 0x20004fff] { rw, block CSTACK, block HEAP };
initialize by copy { rw };

  Section            Kind        Address    Size  Object
  -------            ----        -------    ----  ------
"A0":                                       0xec
  .intvec            ro code  0x08000000    0xec  startup_stm32f103xb.o [1]
                            - 0x080000ec    0xec

"P1":                                     0x28f8
  .text              ro code  0x080000ec   0x6f0  stm32f1xx_hal_rcc.o [1]
  .text              ro code  0x080007dc     0xc  stm32f1xx_hal.o [1]
  .text              ro code  0x080007e8    0x4c  stm32f1xx_hal.o [1]
  .text              ro code  0x08000834    0x56  ABImemcpy_unaligned.o [5]
  .rodata            const    0x0800088a     0x2  stm32f1xx_hal_rcc.o [1]
  .text              ro code  0x0800088c   0x142  stm32f1xx_hal_cortex.o [1]
  .rodata            const    0x080009ce     0x2  stm32f1xx_hal_rcc_ex.o [1]
  .text              ro code  0x080009d0   0x618  stm32f1xx_hal_adc.o [1]
  .text              ro code  0x08000fe8    0xb0  adc.o [1]
  .text              ro code  0x08001098   0x244  stm32f1xx_hal_rcc_ex.o [1]
  .text              ro code  0x080012dc   0x40e  main.o [1]
  .text              ro code  0x080016ec   0x328  stm32f1xx_hal_gpio.o [1]
  .text              ro code  0x08001a14    0x28  stm32f1xx_hal.o [1]
  .text              ro code  0x08001a3c    0xa4  gpio.o [1]
  .text              ro code  0x08001ae0    0xb4  usart.o [1]
  .text              ro code  0x08001b94    0xf0  stm32f1xx_hal_adc_ex.o [1]
  .text              ro code  0x08001c84   0x1de  LCD1602.o [1]
  .text              ro code  0x08001e64    0x1c  I32ToDbl.o [4]
  .text              ro code  0x08001e80   0x1a2  DblMul.o [4]
  .text              ro code  0x08002024   0x256  DblDiv.o [4]
  .text              ro code  0x0800227c    0x90  DblToFlt.o [4]
  .text              ro code  0x0800230c    0x24  FltCmpGe.o [4]
  .text              ro code  0x08002330    0x24  FltCmpLe.o [4]
  .text              ro code  0x08002354    0x28  stm32f1xx_hal.o [1]
  .text              ro code  0x0800237c    0xac  stm32f1xx_hal_msp.o [1]
  .text              ro code  0x08002428   0x218  stm32f1xx_hal_uart.o [1]
  .text              ro code  0x08002640    0x68  system_stm32f1xx.o [1]
  .text              ro code  0x080026a8    0x40  zero_init3.o [5]
  .rodata            const    0x080026e8    0x2c  adc.o [1]
  .rodata            const    0x08002714    0x2c  main.o [1]
  .rodata            const    0x08002740    0x2c  usart.o [1]
  .text              ro code  0x0800276c    0x2c  copy_init3.o [5]
  .text              ro code  0x08002798    0x28  data_init.o [5]
  .iar.init_table    const    0x080027c0    0x24  - Linker created -
  .text              ro code  0x080027e4    0x1c  stm32f1xx_it.o [1]
  .text              ro code  0x08002800    0x18  stm32f1xx_hal.o [1]
  .text              ro code  0x08002818    0x1a  cmain.o [5]
  .text              ro code  0x08002832     0x4  low_level_init.o [3]
  .text              ro code  0x08002836     0x4  exit.o [3]
  .text              ro code  0x0800283c     0xa  cexit.o [5]
  .text              ro code  0x08002848    0x14  exit.o [6]
  .rodata            const    0x0800285c    0x10  main.o [1]
  .rodata            const    0x0800286c    0x10  stm32f1xx_hal_rcc.o [1]
  .rodata            const    0x0800287c    0x10  stm32f1xx_hal_rcc_ex.o [1]
  .rodata            const    0x0800288c    0x10  system_stm32f1xx.o [1]
  .text              ro code  0x0800289c    0x10  startup_stm32f103xb.o [1]
  .rodata            const    0x080028ac     0xc  main.o [1]
  .text              ro code  0x080028b8     0xc  cstartup_M.o [5]
  Initializer bytes  const    0x080028c4     0xc  <for P2-1>
  .rodata            const    0x080028d0     0x8  main.o [1]
  .rodata            const    0x080028d8     0x8  main.o [1]
  .rodata            const    0x080028e0     0x8  main.o [1]
  .rodata            const    0x080028e8     0x8  main.o [1]
  .rodata            const    0x080028f0     0x8  main.o [1]
  .rodata            const    0x080028f8     0x8  main.o [1]
  .rodata            const    0x08002900     0x8  main.o [1]
  .rodata            const    0x08002908     0x8  main.o [1]
  .rodata            const    0x08002910     0x8  main.o [1]
  .rodata            const    0x08002918     0x8  main.o [1]
  .rodata            const    0x08002920     0x8  main.o [1]
  .rodata            const    0x08002928     0x8  main.o [1]
  .rodata            const    0x08002930     0x8  system_stm32f1xx.o [1]
  .text              ro code  0x08002938     0x4  startup_stm32f103xb.o [1]
  .text              ro code  0x0800293c     0x4  startup_stm32f103xb.o [1]
  .text              ro code  0x08002940     0x4  startup_stm32f103xb.o [1]
  .text              ro code  0x08002944     0x4  startup_stm32f103xb.o [1]
  .text              ro code  0x08002948     0x4  startup_stm32f103xb.o [1]
  .text              ro code  0x0800294c     0x4  startup_stm32f103xb.o [1]
  .text              ro code  0x08002950     0x4  startup_stm32f103xb.o [1]
  .text              ro code  0x08002954     0x4  startup_stm32f103xb.o [1]
  .text              ro code  0x08002958     0x4  startup_stm32f103xb.o [1]
  .text              ro code  0x0800295c     0x4  startup_stm32f103xb.o [1]
  .text              ro code  0x08002960     0x4  startup_stm32f103xb.o [1]
  .text              ro code  0x08002964     0x4  startup_stm32f103xb.o [1]
  .text              ro code  0x08002968     0x4  startup_stm32f103xb.o [1]
  .text              ro code  0x0800296c     0x4  startup_stm32f103xb.o [1]
  .text              ro code  0x08002970     0x4  startup_stm32f103xb.o [1]
  .text              ro code  0x08002974     0x4  startup_stm32f103xb.o [1]
  .text              ro code  0x08002978     0x4  startup_stm32f103xb.o [1]
  .text              ro code  0x0800297c     0x4  startup_stm32f103xb.o [1]
  .text              ro code  0x08002980     0x4  startup_stm32f103xb.o [1]
  .text              ro code  0x08002984     0x4  startup_stm32f103xb.o [1]
  .text              ro code  0x08002988     0x4  startup_stm32f103xb.o [1]
  .text              ro code  0x0800298c     0x4  startup_stm32f103xb.o [1]
  .text              ro code  0x08002990     0x4  startup_stm32f103xb.o [1]
  .text              ro code  0x08002994     0x4  startup_stm32f103xb.o [1]
  .text              ro code  0x08002998     0x4  startup_stm32f103xb.o [1]
  .text              ro code  0x0800299c     0x4  startup_stm32f103xb.o [1]
  .text              ro code  0x080029a0     0x4  startup_stm32f103xb.o [1]
  .text              ro code  0x080029a4     0x4  startup_stm32f103xb.o [1]
  .text              ro code  0x080029a8     0x4  startup_stm32f103xb.o [1]
  .text              ro code  0x080029ac     0x4  startup_stm32f103xb.o [1]
  .text              ro code  0x080029b0     0x4  startup_stm32f103xb.o [1]
  .text              ro code  0x080029b4     0x4  startup_stm32f103xb.o [1]
  .text              ro code  0x080029b8     0x4  startup_stm32f103xb.o [1]
  .text              ro code  0x080029bc     0x4  startup_stm32f103xb.o [1]
  .text              ro code  0x080029c0     0x4  startup_stm32f103xb.o [1]
  .text              ro code  0x080029c4     0x4  startup_stm32f103xb.o [1]
  .text              ro code  0x080029c8     0x4  startup_stm32f103xb.o [1]
  .text              ro code  0x080029cc     0x4  startup_stm32f103xb.o [1]
  .text              ro code  0x080029d0     0x4  startup_stm32f103xb.o [1]
  .text              ro code  0x080029d4     0x4  startup_stm32f103xb.o [1]
  .text              ro code  0x080029d8     0x4  startup_stm32f103xb.o [1]
  .text              ro code  0x080029dc     0x4  startup_stm32f103xb.o [1]
  .text              ro code  0x080029e0     0x4  startup_stm32f103xb.o [1]
  .rodata            const    0x080029e4     0x0  zero_init3.o [5]
  .rodata            const    0x080029e4     0x0  copy_init3.o [5]
                            - 0x080029e4  0x28f8

"P2", part 1 of 3:                           0xc
  P2-1                        0x20000000     0x9  <Init block>
    .data            inited   0x20000000     0x4  stm32f1xx_hal.o [1]
    .data            inited   0x20000004     0x4  system_stm32f1xx.o [1]
    .data            inited   0x20000008     0x1  stm32f1xx_hal.o [1]
                            - 0x20000009     0x9

"P2", part 2 of 3:                         0x400
  CSTACK                      0x20000010   0x400  <Block>
    CSTACK           uninit   0x20000010   0x400  <Block tail>
                            - 0x20000410   0x400

"P2", part 3 of 3:                          0x74
  .bss               zero     0x20000410    0x40  usart.o [1]
  .bss               zero     0x20000450    0x30  adc.o [1]
  .bss               zero     0x20000480     0x4  stm32f1xx_hal.o [1]
                            - 0x20000484    0x74


*******************************************************************************
*** INIT TABLE
***

          Address     Size
          -------     ----
Zero (__iar_zero_init3)
    1 destination range, total size 0x74:
          0x20000410  0x74

Copy (__iar_copy_init3)
    1 source range, total size 0xc (133% of destination):
          0x080028c4   0xc
    1 destination range, total size 0x9:
          0x20000000   0x9



*******************************************************************************
*** MODULE SUMMARY
***

    Module                  ro code  ro data  rw data
    ------                  -------  -------  -------
C:\Users\test\Desktop\11\ludeng\EWARM\ludeng\Obj: [1]
    LCD1602.o                   478
    adc.o                       176       44       48
    gpio.o                      164
    main.o                    1 038      168
    startup_stm32f103xb.o       424
    stm32f1xx_hal.o             192        5        9
    stm32f1xx_hal_adc.o       1 560
    stm32f1xx_hal_adc_ex.o      240
    stm32f1xx_hal_cortex.o      322
    stm32f1xx_hal_gpio.o        808
    stm32f1xx_hal_msp.o         172
    stm32f1xx_hal_rcc.o       1 776       18
    stm32f1xx_hal_rcc_ex.o      580       18
    stm32f1xx_hal_uart.o        536
    stm32f1xx_it.o               28
    system_stm32f1xx.o          104       28        4
    usart.o                     180       44       64
    -------------------------------------------------
    Total:                    8 778      325      125

command line: [2]
    -------------------------------------------------
    Total:

dl7M_tlf.a: [3]
    exit.o                        4
    low_level_init.o              4
    -------------------------------------------------
    Total:                        8

m7M_tl.a: [4]
    DblDiv.o                    598
    DblMul.o                    418
    DblToFlt.o                  144
    FltCmpGe.o                   36
    FltCmpLe.o                   36
    I32ToDbl.o                   28
    -------------------------------------------------
    Total:                    1 260

rt7M_tl.a: [5]
    ABImemcpy_unaligned.o        86
    cexit.o                      10
    cmain.o                      26
    copy_init3.o                 44
    cstartup_M.o                 12
    data_init.o                  40
    zero_init3.o                 64
    -------------------------------------------------
    Total:                      282

shb_l.a: [6]
    exit.o                       20
    -------------------------------------------------
    Total:                       20

    Gaps                         12
    Linker created                        39    1 024
-----------------------------------------------------
    Grand Total:             10 360      364    1 149


*******************************************************************************
*** ENTRY LIST
***

Entry                      Address   Size  Type      Object
-----                      -------   ----  ----      ------
.iar.init_table$$Base   0x080027c0          --   Gb  - Linker created -
.iar.init_table$$Limit  0x080027e4          --   Gb  - Linker created -
?main                   0x08002819         Code  Gb  cmain.o [5]
ADC_ConversionStop_Disable
                        0x08000f9d   0x4a  Code  Gb  stm32f1xx_hal_adc.o [1]
ADC_Enable              0x08000ef7   0x6e  Code  Gb  stm32f1xx_hal_adc.o [1]
AHBPrescTable           0x0800288c   0x10  Data  Gb  system_stm32f1xx.o [1]
APBPrescTable           0x08002930    0x8  Data  Gb  system_stm32f1xx.o [1]
BusFault_Handler        0x080027eb    0x2  Code  Gb  stm32f1xx_it.o [1]
CSTACK$$Base            0x20000010          --   Gb  - Linker created -
CSTACK$$Limit           0x20000410          --   Gb  - Linker created -
DebugMon_Handler        0x080027f1    0x2  Code  Gb  stm32f1xx_it.o [1]
Get_Adc                 0x080012dd   0x20  Code  Gb  main.o [1]
Get_Adc_Average         0x080012fd   0x2c  Code  Gb  main.o [1]
HAL_ADCEx_Calibration_Start
                        0x08001b95   0xec  Code  Gb  stm32f1xx_hal_adc_ex.o [1]
HAL_ADC_ConfigChannel   0x08000dad  0x14a  Code  Gb  stm32f1xx_hal_adc.o [1]
HAL_ADC_GetValue        0x08000da7    0x6  Code  Gb  stm32f1xx_hal_adc.o [1]
HAL_ADC_Init            0x080009d1  0x148  Code  Gb  stm32f1xx_hal_adc.o [1]
HAL_ADC_MspInit         0x0800104b   0x3a  Code  Gb  adc.o [1]
HAL_ADC_PollForConversion
                        0x08000c45  0x162  Code  Gb  stm32f1xx_hal_adc.o [1]
HAL_ADC_Start           0x08000b19  0x12c  Code  Gb  stm32f1xx_hal_adc.o [1]
HAL_Delay               0x08002355   0x28  Code  Wk  stm32f1xx_hal.o [1]
HAL_GPIO_Init           0x080016ed  0x2ba  Code  Gb  stm32f1xx_hal_gpio.o [1]
HAL_GPIO_ReadPin        0x080019a7   0x18  Code  Gb  stm32f1xx_hal_gpio.o [1]
HAL_GPIO_WritePin       0x080019bf   0x14  Code  Gb  stm32f1xx_hal_gpio.o [1]
HAL_GetTick             0x080007dd    0xc  Code  Wk  stm32f1xx_hal.o [1]
HAL_IncTick             0x08002801   0x18  Code  Wk  stm32f1xx_hal.o [1]
HAL_Init                0x08001a15   0x22  Code  Gb  stm32f1xx_hal.o [1]
HAL_InitTick            0x080007e9   0x4c  Code  Wk  stm32f1xx_hal.o [1]
HAL_MspInit             0x0800237d   0xac  Code  Gb  stm32f1xx_hal_msp.o [1]
HAL_NVIC_SetPriority    0x08000955   0x26  Code  Gb  stm32f1xx_hal_cortex.o [1]
HAL_NVIC_SetPriorityGrouping
                        0x08000949    0xc  Code  Gb  stm32f1xx_hal_cortex.o [1]
HAL_RCCEx_GetPeriphCLKFreq
                        0x080011a5  0x10a  Code  Gb  stm32f1xx_hal_rcc_ex.o [1]
HAL_RCCEx_PeriphCLKConfig
                        0x08001099  0x10c  Code  Gb  stm32f1xx_hal_rcc_ex.o [1]
HAL_RCC_ClockConfig     0x08000543  0x184  Code  Gb  stm32f1xx_hal_rcc.o [1]
HAL_RCC_GetHCLKFreq     0x0800073f    0x6  Code  Gb  stm32f1xx_hal_rcc.o [1]
HAL_RCC_GetPCLK1Freq    0x08000745   0x16  Code  Gb  stm32f1xx_hal_rcc.o [1]
HAL_RCC_GetPCLK2Freq    0x0800075b   0x16  Code  Gb  stm32f1xx_hal_rcc.o [1]
HAL_RCC_GetSysClockFreq
                        0x080006c7   0x78  Code  Gb  stm32f1xx_hal_rcc.o [1]
HAL_RCC_OscConfig       0x080000ed  0x456  Code  Gb  stm32f1xx_hal_rcc.o [1]
HAL_SYSTICK_CLKSourceConfig
                        0x08000987   0x20  Code  Gb  stm32f1xx_hal_cortex.o [1]
HAL_SYSTICK_Callback    0x080009cd    0x2  Code  Wk  stm32f1xx_hal_cortex.o [1]
HAL_SYSTICK_Config      0x0800097b    0xc  Code  Gb  stm32f1xx_hal_cortex.o [1]
HAL_SYSTICK_IRQHandler  0x080009c5    0x8  Code  Gb  stm32f1xx_hal_cortex.o [1]
HAL_UART_Init           0x08002429   0x76  Code  Gb  stm32f1xx_hal_uart.o [1]
HAL_UART_MspInit        0x08001b29   0x56  Code  Gb  usart.o [1]
HardFault_Handler       0x080027e7    0x2  Code  Gb  stm32f1xx_it.o [1]
LCD_Write_half_byte     0x08001d6d   0x92  Code  Gb  LCD1602.o [1]
LCD_init                0x08001c85   0x94  Code  Gb  LCD1602.o [1]
LCD_set_xy              0x08001e05   0x24  Code  Gb  LCD1602.o [1]
LCD_write_cmd           0x08001d19   0x2a  Code  Gb  LCD1602.o [1]
LCD_write_data          0x08001d43   0x2a  Code  Gb  LCD1602.o [1]
LCD_write_string        0x08001e29   0x26  Code  Gb  LCD1602.o [1]
MX_ADC1_Init            0x08000fe9   0x62  Code  Gb  adc.o [1]
MX_GPIO_Init            0x08001a3d   0xa4  Code  Gb  gpio.o [1]
MX_USART1_UART_Init     0x08001ae1   0x48  Code  Gb  usart.o [1]
MemManage_Handler       0x080027e9    0x2  Code  Gb  stm32f1xx_it.o [1]
NMI_Handler             0x080027e5    0x2  Code  Gb  stm32f1xx_it.o [1]
NVIC_EncodePriority     0x080008db   0x3e  Code  Lc  stm32f1xx_hal_cortex.o [1]
NVIC_GetPriorityGrouping
                        0x080008ab    0xa  Code  Lc  stm32f1xx_hal_cortex.o [1]
NVIC_SetPriority        0x080008b5   0x26  Code  Lc  stm32f1xx_hal_cortex.o [1]
NVIC_SetPriorityGrouping
                        0x0800088d   0x1e  Code  Lc  stm32f1xx_hal_cortex.o [1]
PendSV_Handler          0x080027f3    0x2  Code  Gb  stm32f1xx_it.o [1]
RCC_Delay               0x08000771   0x26  Code  Lc  stm32f1xx_hal_rcc.o [1]
Region$$Table$$Base     0x080027c0          --   Gb  - Linker created -
Region$$Table$$Limit    0x080027e4          --   Gb  - Linker created -
SVC_Handler             0x080027ef    0x2  Code  Gb  stm32f1xx_it.o [1]
SysTick_Config          0x08000919   0x30  Code  Lc  stm32f1xx_hal_cortex.o [1]
SysTick_Handler         0x080027f5    0xc  Code  Gb  stm32f1xx_it.o [1]
SystemClock_Config      0x080015d5   0x9c  Code  Gb  main.o [1]
SystemCoreClock         0x20000004    0x4  Data  Gb  system_stm32f1xx.o [1]
SystemInit              0x08002641   0x4e  Code  Gb  system_stm32f1xx.o [1]
UART_SetConfig          0x0800249f  0x198  Code  Lc  stm32f1xx_hal_uart.o [1]
UsageFault_Handler      0x080027ed    0x2  Code  Gb  stm32f1xx_it.o [1]
_Error_Handler          0x080016e9    0x2  Code  Gb  main.o [1]
__aeabi_cfcmple         0x08002331         Code  Gb  FltCmpLe.o [4]
__aeabi_cfrcmple        0x0800230d         Code  Gb  FltCmpGe.o [4]
__aeabi_d2f             0x0800227d         Code  Gb  DblToFlt.o [4]
__aeabi_ddiv            0x08002025         Code  Gb  DblDiv.o [4]
__aeabi_dmul            0x08001e81         Code  Gb  DblMul.o [4]
__aeabi_ui2d            0x08001e65         Code  Gb  I32ToDbl.o [4]
__cmain                 0x08002819         Code  Gb  cmain.o [5]
__exit                  0x08002849   0x14  Code  Gb  exit.o [6]
__iar_copy_init3        0x0800276d   0x2c  Code  Gb  copy_init3.o [5]
__iar_data_init3        0x08002799   0x28  Code  Gb  data_init.o [5]
__iar_program_start     0x080028b9         Code  Gb  cstartup_M.o [5]
__iar_ui2d              0x08001e69         Code  Gb  I32ToDbl.o [4]
__iar_unaligned___aeabi_memcpy4
                        0x08000835         Code  Gb  ABImemcpy_unaligned.o [5]
__iar_unaligned___aeabi_memcpy8
                        0x08000835         Code  Gb  ABImemcpy_unaligned.o [5]
__iar_zero_init3        0x080026a9   0x40  Code  Gb  zero_init3.o [5]
__low_level_init        0x08002833    0x4  Code  Gb  low_level_init.o [3]
__vector_table          0x08000000         Data  Gb  startup_stm32f103xb.o [1]
_call_main              0x08002825         Code  Gb  cmain.o [5]
_exit                   0x0800283d         Code  Gb  cexit.o [5]
_main                   0x0800282f         Code  Gb  cmain.o [5]
delay                   0x08001e4f   0x14  Code  Gb  LCD1602.o [1]
exit                    0x08002837    0x4  Code  Gb  exit.o [3]
hadc1                   0x20000450   0x30  Data  Gb  adc.o [1]
huart1                  0x20000410   0x40  Data  Gb  usart.o [1]
main                    0x08001329  0x2ac  Code  Gb  main.o [1]
uwTick                  0x20000480    0x4  Data  Gb  stm32f1xx_hal.o [1]
uwTickFreq              0x20000008    0x1  Data  Gb  stm32f1xx_hal.o [1]
uwTickPrio              0x20000000    0x4  Data  Gb  stm32f1xx_hal.o [1]


[1] = C:\Users\test\Desktop\11\ludeng\EWARM\ludeng\Obj
[2] = command line
[3] = dl7M_tlf.a
[4] = m7M_tl.a
[5] = rt7M_tl.a
[6] = shb_l.a

  10 360 bytes of readonly  code memory
     364 bytes of readonly  data memory
   1 149 bytes of readwrite data memory

Errors: none
Warnings: none
