###############################################################################
#
# IAR ELF Linker V7.80.4.12462/W32 for ARM                05/Nov/2018  10:00:48
# Copyright 2007-2017 IAR Systems AB.
#
#    Output file  =  
#        C:\Users\test\Desktop\11\dimian\EWARM\dimian\Exe\dimian.out
#    Map file     =  
#        C:\Users\test\Desktop\11\dimian\EWARM\dimian\List\dimian.map
#    Command line =  
#        C:\Users\test\Desktop\11\dimian\EWARM\dimian\Obj\bsp_EEPROM.o
#        C:\Users\test\Desktop\11\dimian\EWARM\dimian\Obj\dhcp.o
#        C:\Users\test\Desktop\11\dimian\EWARM\dimian\Obj\gpio.o
#        C:\Users\test\Desktop\11\dimian\EWARM\dimian\Obj\main.o
#        C:\Users\test\Desktop\11\dimian\EWARM\dimian\Obj\socket.o
#        C:\Users\test\Desktop\11\dimian\EWARM\dimian\Obj\spi.o
#        C:\Users\test\Desktop\11\dimian\EWARM\dimian\Obj\startup_stm32f103xe.o
#        C:\Users\test\Desktop\11\dimian\EWARM\dimian\Obj\stm32f1xx_hal.o
#        C:\Users\test\Desktop\11\dimian\EWARM\dimian\Obj\stm32f1xx_hal_cortex.o
#        C:\Users\test\Desktop\11\dimian\EWARM\dimian\Obj\stm32f1xx_hal_dma.o
#        C:\Users\test\Desktop\11\dimian\EWARM\dimian\Obj\stm32f1xx_hal_flash.o
#        C:\Users\test\Desktop\11\dimian\EWARM\dimian\Obj\stm32f1xx_hal_flash_ex.o
#        C:\Users\test\Desktop\11\dimian\EWARM\dimian\Obj\stm32f1xx_hal_gpio.o
#        C:\Users\test\Desktop\11\dimian\EWARM\dimian\Obj\stm32f1xx_hal_gpio_ex.o
#        C:\Users\test\Desktop\11\dimian\EWARM\dimian\Obj\stm32f1xx_hal_msp.o
#        C:\Users\test\Desktop\11\dimian\EWARM\dimian\Obj\stm32f1xx_hal_pwr.o
#        C:\Users\test\Desktop\11\dimian\EWARM\dimian\Obj\stm32f1xx_hal_rcc.o
#        C:\Users\test\Desktop\11\dimian\EWARM\dimian\Obj\stm32f1xx_hal_rcc_ex.o
#        C:\Users\test\Desktop\11\dimian\EWARM\dimian\Obj\stm32f1xx_hal_spi.o
#        C:\Users\test\Desktop\11\dimian\EWARM\dimian\Obj\stm32f1xx_hal_spi_ex.o
#        C:\Users\test\Desktop\11\dimian\EWARM\dimian\Obj\stm32f1xx_hal_tim.o
#        C:\Users\test\Desktop\11\dimian\EWARM\dimian\Obj\stm32f1xx_hal_tim_ex.o
#        C:\Users\test\Desktop\11\dimian\EWARM\dimian\Obj\stm32f1xx_hal_uart.o
#        C:\Users\test\Desktop\11\dimian\EWARM\dimian\Obj\stm32f1xx_it.o
#        C:\Users\test\Desktop\11\dimian\EWARM\dimian\Obj\system_stm32f1xx.o
#        C:\Users\test\Desktop\11\dimian\EWARM\dimian\Obj\tcp_demo.o
#        C:\Users\test\Desktop\11\dimian\EWARM\dimian\Obj\tim.o
#        C:\Users\test\Desktop\11\dimian\EWARM\dimian\Obj\usart.o
#        C:\Users\test\Desktop\11\dimian\EWARM\dimian\Obj\utility.o
#        C:\Users\test\Desktop\11\dimian\EWARM\dimian\Obj\w5500.o
#        C:\Users\test\Desktop\11\dimian\EWARM\dimian\Obj\w5500_conf.o
#        --redirect _Printf=_PrintfFull --redirect _Scanf=_ScanfFull -o
#        C:\Users\test\Desktop\11\dimian\EWARM\dimian\Exe\dimian.out --map
#        C:\Users\test\Desktop\11\dimian\EWARM\dimian\List\dimian.map --config
#        C:\Users\test\Desktop\11\dimian\EWARM/stm32f103xe_flash.icf
#        --semihosting --entry __iar_program_start --vfe
#
###############################################################################

*******************************************************************************
*** RUNTIME MODEL ATTRIBUTES
***

CppFlavor                     = *
__Heap_Handler                = Basic
__SystemLibrary               = DLib
__dlib_dynamic_initialization = normal


*******************************************************************************
*** PLACEMENT SUMMARY
***

"A0":  place at 0x08000000 { ro section .intvec };
"P1":  place in [from 0x08000000 to 0x0807ffff] { ro };
"P2":  place in [from 0x20000000 to 0x2000ffff] { rw, block CSTACK, block HEAP };
initialize by copy { rw };

  Section             Kind        Address    Size  Object
  -------             ----        -------    ----  ------
"A0":                                       0x130
  .intvec             ro code  0x08000000   0x130  startup_stm32f103xe.o [1]
                             - 0x08000130   0x130

"P1":                                      0x4c32
  .text               ro code  0x08000130  0x119a  xprintffull.o [3]
  .text               ro code  0x080012ca    0x20  xmbtowc.o [3]
  .text               ro code  0x080012ec    0x16  strchr.o [5]
  .text               ro code  0x08001304    0x36  strlen.o [5]
  .text               ro code  0x0800133c    0x58  memchr.o [5]
  .text               ro code  0x08001394     0xa  xmbcurmax.o [3]
  .text               ro code  0x080013a0    0xb0  xxmemxmalloc.o [3]
  .text               ro code  0x08001450    0x1a  xwctomb.o [3]
  .text               ro code  0x0800146c    0x76  ABImemcpy_unaligned.o [5]
  .text               ro code  0x080014e4    0x80  xxmemxfree.o [3]
  .text               ro code  0x08001564    0xee  I64DivMod.o [5]
  .text               ro code  0x08001652    0x44  xdnorm.o [4]
  .text               ro code  0x08001698    0x2e  DblCmpLe.o [4]
  .text               ro code  0x080016c8    0x2e  DblCmpGe.o [4]
  .text               ro code  0x080016f8   0x10c  xdscale.o [4]
  .text               ro code  0x08001804    0x58  DblToI32.o [4]
  .text               ro code  0x0800185c    0x30  I32ToDbl.o [4]
  .text               ro code  0x0800188c   0x180  DblSub.o [4]
  .text               ro code  0x08001a0c   0x1a2  DblMul.o [4]
  .text               ro code  0x08001bb0   0x256  DblDiv.o [4]
  .text               ro code  0x08001e08    0x6c  localeconv.o [3]
  .text               ro code  0x08001e74     0xe  div.o [3]
  .text               ro code  0x08001e84    0x14  setlocale.o [3]
  .text               ro code  0x08001e98    0x60  xencoding_sb.o [3]
  .text               ro code  0x08001ef8    0x2c  xgetmemchunk.o [3]
  .text               ro code  0x08001f24     0x2  I64DivZer.o [5]
  .text               ro code  0x08001f28    0xd4  DblAdd.o [4]
  .text               ro code  0x08001ffc     0x2  xtls.o [3]
  .text               ro code  0x08002000   0x520  stm32f1xx_hal_uart.o [1]
  .text               ro code  0x08002520   0x20c  usart.o [1]
  .text               ro code  0x0800272c     0xc  stm32f1xx_hal.o [1]
  .text               ro code  0x08002738   0x11c  stm32f1xx_hal_dma.o [1]
  .text               ro code  0x08002854     0x2  stm32f1xx_hal_uart.o [1]
  .text               ro code  0x08002856     0x2  stm32f1xx_hal_uart.o [1]
  .text               ro code  0x08002858   0x36c  main.o [1]
  .text               ro code  0x08002bc4   0x4ae  stm32f1xx_hal_rcc.o [1]
  .text               ro code  0x08003074   0x1d8  stm32f1xx_hal_gpio.o [1]
  .text               ro code  0x0800324c    0xde  stm32f1xx_hal_cortex.o [1]
  .text               ro code  0x0800332c    0x24  stm32f1xx_hal.o [1]
  .text               ro code  0x08003350    0xd6  gpio.o [1]
  .text               ro code  0x08003428    0xd0  spi.o [1]
  .text               ro code  0x080034f8    0xd0  tim.o [1]
  .text               ro code  0x080035c8    0x24  printf.o [3]
  .text               ro code  0x080035ec   0x470  w5500_conf.o [1]
  .text               ro code  0x08003a5c   0x1b8  w5500.o [1]
  .text               ro code  0x08003c14    0xa0  tcp_demo.o [1]
  .text               ro code  0x08003cb4    0x28  stm32f1xx_hal.o [1]
  .text               ro code  0x08003cdc    0x40  stm32f1xx_hal.o [1]
  .text               ro code  0x08003d1c    0x9c  stm32f1xx_hal_msp.o [1]
  .text               ro code  0x08003db8    0x82  stm32f1xx_hal_spi_ex.o [1]
  .text               ro code  0x08003e3c   0x356  stm32f1xx_hal_tim.o [1]
  .text               ro code  0x08004194    0x4a  stm32f1xx_hal_tim_ex.o [1]
  .text               ro code  0x080041e0   0x2a4  stm32f1xx_hal_spi.o [1]
  .text               ro code  0x08004484   0x27e  bsp_EEPROM.o [1]
  .text               ro code  0x08004704    0x30  utility.o [1]
  .text               ro code  0x08004734   0x2d8  socket.o [1]
  .text               ro code  0x08004a0c     0x2  stm32f1xx_hal_tim.o [1]
  .text               ro code  0x08004a0e     0x2  stm32f1xx_hal_tim.o [1]
  .text               ro code  0x08004a10     0x2  stm32f1xx_hal_tim_ex.o [1]
  .text               ro code  0x08004a12     0x2  stm32f1xx_hal_tim.o [1]
  .text               ro code  0x08004a14     0x2  stm32f1xx_hal_tim_ex.o [1]
  .text               ro code  0x08004a16     0x2  stm32f1xx_hal_tim.o [1]
  .text               ro code  0x08004a18    0x5c  system_stm32f1xx.o [1]
  .text               ro code  0x08004a74    0x50  stm32f1xx_it.o [1]
  .text               ro code  0x08004ac4    0x10  stm32f1xx_hal.o [1]
  .text               ro code  0x08004ad4    0x40  zero_init3.o [5]
  .text               ro code  0x08004b14    0x38  packbits_init_single.o [5]
  .text               ro code  0x08004b4c    0x28  data_init.o [5]
  .iar.init_table     const    0x08004b74    0x20  - Linker created -
  .text               ro code  0x08004b94    0x1a  cmain.o [5]
  .text               ro code  0x08004bae     0x4  low_level_init.o [3]
  .text               ro code  0x08004bb2     0x4  exit.o [3]
  .text               ro code  0x08004bb8     0xa  cexit.o [5]
  .text               ro code  0x08004bc4    0x14  exit.o [6]
  .text               ro code  0x08004bd8    0x16  xprout.o [3]
  .text               ro code  0x08004bf0     0xc  putchar.o [3]
  .text               ro code  0x08004bfc    0x10  startup_stm32f103xe.o [1]
  .text               ro code  0x08004c0c     0xc  cstartup_M.o [5]
  .rodata             const    0x08004c18     0x8  system_stm32f1xx.o [1]
  .text               ro code  0x08004c20     0x4  startup_stm32f103xe.o [1]
  .text               ro code  0x08004c24     0x4  startup_stm32f103xe.o [1]
  .text               ro code  0x08004c28     0x4  startup_stm32f103xe.o [1]
  .text               ro code  0x08004c2c     0x4  startup_stm32f103xe.o [1]
  .text               ro code  0x08004c30     0x4  startup_stm32f103xe.o [1]
  .text               ro code  0x08004c34     0x4  startup_stm32f103xe.o [1]
  .text               ro code  0x08004c38     0x4  startup_stm32f103xe.o [1]
  .text               ro code  0x08004c3c     0x4  startup_stm32f103xe.o [1]
  .text               ro code  0x08004c40     0x4  startup_stm32f103xe.o [1]
  .text               ro code  0x08004c44     0x4  startup_stm32f103xe.o [1]
  .text               ro code  0x08004c48     0x4  startup_stm32f103xe.o [1]
  .text               ro code  0x08004c4c     0x4  startup_stm32f103xe.o [1]
  .text               ro code  0x08004c50     0x4  startup_stm32f103xe.o [1]
  .text               ro code  0x08004c54     0x4  startup_stm32f103xe.o [1]
  .text               ro code  0x08004c58     0x4  startup_stm32f103xe.o [1]
  .text               ro code  0x08004c5c     0x4  startup_stm32f103xe.o [1]
  .text               ro code  0x08004c60     0x4  startup_stm32f103xe.o [1]
  .text               ro code  0x08004c64     0x4  startup_stm32f103xe.o [1]
  .text               ro code  0x08004c68     0x4  startup_stm32f103xe.o [1]
  .text               ro code  0x08004c6c     0x4  startup_stm32f103xe.o [1]
  .text               ro code  0x08004c70     0x4  startup_stm32f103xe.o [1]
  .text               ro code  0x08004c74     0x4  startup_stm32f103xe.o [1]
  .text               ro code  0x08004c78     0x4  startup_stm32f103xe.o [1]
  .text               ro code  0x08004c7c     0x4  startup_stm32f103xe.o [1]
  .text               ro code  0x08004c80     0x4  startup_stm32f103xe.o [1]
  .text               ro code  0x08004c84     0x4  startup_stm32f103xe.o [1]
  .text               ro code  0x08004c88     0x4  startup_stm32f103xe.o [1]
  .text               ro code  0x08004c8c     0x4  startup_stm32f103xe.o [1]
  .text               ro code  0x08004c90     0x4  startup_stm32f103xe.o [1]
  .text               ro code  0x08004c94     0x4  startup_stm32f103xe.o [1]
  .text               ro code  0x08004c98     0x4  startup_stm32f103xe.o [1]
  .text               ro code  0x08004c9c     0x4  startup_stm32f103xe.o [1]
  .text               ro code  0x08004ca0     0x4  startup_stm32f103xe.o [1]
  .text               ro code  0x08004ca4     0x4  startup_stm32f103xe.o [1]
  .text               ro code  0x08004ca8     0x4  startup_stm32f103xe.o [1]
  .text               ro code  0x08004cac     0x4  startup_stm32f103xe.o [1]
  .text               ro code  0x08004cb0     0x4  startup_stm32f103xe.o [1]
  .text               ro code  0x08004cb4     0x4  startup_stm32f103xe.o [1]
  .text               ro code  0x08004cb8     0x4  startup_stm32f103xe.o [1]
  .text               ro code  0x08004cbc     0x4  startup_stm32f103xe.o [1]
  .text               ro code  0x08004cc0     0x4  startup_stm32f103xe.o [1]
  .text               ro code  0x08004cc4     0x4  startup_stm32f103xe.o [1]
  .text               ro code  0x08004cc8     0x4  startup_stm32f103xe.o [1]
  .text               ro code  0x08004ccc     0x4  startup_stm32f103xe.o [1]
  .text               ro code  0x08004cd0     0x4  startup_stm32f103xe.o [1]
  .text               ro code  0x08004cd4     0x4  startup_stm32f103xe.o [1]
  .text               ro code  0x08004cd8     0x4  startup_stm32f103xe.o [1]
  .text               ro code  0x08004cdc     0x4  startup_stm32f103xe.o [1]
  .text               ro code  0x08004ce0     0x4  startup_stm32f103xe.o [1]
  .text               ro code  0x08004ce4     0x4  startup_stm32f103xe.o [1]
  .text               ro code  0x08004ce8     0x4  startup_stm32f103xe.o [1]
  .text               ro code  0x08004cec     0x4  startup_stm32f103xe.o [1]
  .text               ro code  0x08004cf0     0x4  startup_stm32f103xe.o [1]
  .text               ro code  0x08004cf4     0x4  startup_stm32f103xe.o [1]
  .text               ro code  0x08004cf8     0x4  startup_stm32f103xe.o [1]
  .rodata             const    0x08004cfc     0x0  zero_init3.o [5]
  .rodata             const    0x08004cfc     0x0  packbits_init_single.o [5]
  Initializer bytes   const    0x08004cfc    0x66  <for P2-1>
                             - 0x08004d62  0x4c32

"P2", part 1 of 3:                          0x1b8
  P2-1                         0x20000000   0x1b8  <Init block>
    .data             inited   0x20000000     0x8  main.o [1]
    .data             inited   0x20000008     0xc  stm32f1xx_hal.o [1]
    .data             inited   0x20000014     0x4  system_stm32f1xx.o [1]
    .data             inited   0x20000018     0x8  w5500.o [1]
    .data             inited   0x20000020     0x8  w5500.o [1]
    .data             inited   0x20000028    0x38  w5500_conf.o [1]
    .data             inited   0x20000060    0x14  w5500_conf.o [1]
    .data             inited   0x20000074     0x4  w5500_conf.o [1]
    .data             inited   0x20000078    0x40  xfiles.o [3]
    __DLIB_PERTHREAD  inited   0x200000b8    0x88  localeconv.o [3]
    __DLIB_PERTHREAD  inited   0x20000140    0x74  setlocale.o [3]
    .data             inited   0x200001b4     0x2  w5500_conf.o [1]
    .data             inited   0x200001b6     0x2  w5500_conf.o [1]
                             - 0x200001b8   0x1b8

"P2", part 2 of 3:                          0x600
  CSTACK                       0x200001b8   0x400  <Block>
    CSTACK            uninit   0x200001b8   0x400  <Block tail>
  HEAP                         0x200005b8   0x200  <Block>
    HEAP              uninit   0x200005b8   0x200  <Block tail>
                             - 0x200007b8   0x600

"P2", part 3 of 3:                         0x1248
  .bss                zero     0x200007b8  0x100c  main.o [1]
  .bss                zero     0x200017c4    0x58  spi.o [1]
  .bss                zero     0x2000181c    0x50  xfiles.o [3]
  .bss                zero     0x2000186c    0x40  tim.o [1]
  .bss                zero     0x200018ac    0x40  usart.o [1]
  .bss                zero     0x200018ec    0x40  usart.o [1]
  .bss                zero     0x2000192c    0x40  usart.o [1]
  .bss                zero     0x2000196c    0x40  usart.o [1]
  .bss                zero     0x200019ac    0x20  w5500.o [1]
  .bss                zero     0x200019cc    0x18  dhcp.o [1]
  .bss                zero     0x200019e4     0xc  w5500_conf.o [1]
  .bss                zero     0x200019f0     0x8  xxmemxmalloc.o [3]
  .bss                zero     0x200019f8     0x4  xgetmemchunk.o [3]
  .bss                zero     0x200019fc     0x1  main.o [1]
  .bss                zero     0x200019fd     0x1  utility.o [1]
                             - 0x200019fe  0x1246


*******************************************************************************
*** INIT TABLE
***

          Address     Size
          -------     ----
Zero (__iar_zero_init3)
    1 destination range, total size 0x1246:
          0x200007b8  0x1246

Copy/packbits (__iar_packbits_init_single3)
    1 source range, total size 0x66 (23% of destination):
          0x08004cfc    0x66
    1 destination range, total size 0x1b8:
          0x20000000   0x1b8



*******************************************************************************
*** MODULE SUMMARY
***

    Module                  ro code  ro data  rw data
    ------                  -------  -------  -------
C:\Users\test\Desktop\11\dimian\EWARM\dimian\Obj: [1]
    bsp_EEPROM.o                638
    dhcp.o                                         24
    gpio.o                      214
    main.o                      876        1    4 117
    socket.o                    728
    spi.o                       208                88
    startup_stm32f103xe.o       540
    stm32f1xx_hal.o             168        3       12
    stm32f1xx_hal_cortex.o      222
    stm32f1xx_hal_dma.o         284
    stm32f1xx_hal_gpio.o        472
    stm32f1xx_hal_msp.o         156
    stm32f1xx_hal_rcc.o       1 198
    stm32f1xx_hal_spi.o         676
    stm32f1xx_hal_spi_ex.o      130
    stm32f1xx_hal_tim.o         862
    stm32f1xx_hal_tim_ex.o       78
    stm32f1xx_hal_uart.o      1 316
    stm32f1xx_it.o               80
    system_stm32f1xx.o           92        9        4
    tcp_demo.o                  160
    tim.o                       208                64
    usart.o                     524               256
    utility.o                    48                 1
    w5500.o                     440        4       48
    w5500_conf.o              1 136       19       96
    -------------------------------------------------
    Total:                   11 454       36    4 710

command line: [2]
    -------------------------------------------------
    Total:

dl7M_tlf.a: [3]
    div.o                        14
    exit.o                        4
    localeconv.o                108       32      136
    low_level_init.o              4
    printf.o                     36
    putchar.o                    12
    setlocale.o                  20       27      116
    xencoding_sb.o               96
    xfiles.o                              15      144
    xgetmemchunk.o               44                 4
    xmbcurmax.o                  10
    xmbtowc.o                    32
    xprintffull.o             4 506
    xprout.o                     22
    xtls.o                        2
    xwctomb.o                    26
    xxmemxfree.o                128
    xxmemxmalloc.o              176                 8
    -------------------------------------------------
    Total:                    5 240       74      408

m7M_tl.a: [4]
    DblAdd.o                    212
    DblCmpGe.o                   46
    DblCmpLe.o                   46
    DblDiv.o                    598
    DblMul.o                    418
    DblSub.o                    384
    DblToI32.o                   88
    I32ToDbl.o                   48
    xdnorm.o                     68
    xdscale.o                   268
    -------------------------------------------------
    Total:                    2 176

rt7M_tl.a: [5]
    ABImemcpy_unaligned.o       118
    I64DivMod.o                 238
    I64DivZer.o                   2
    cexit.o                      10
    cmain.o                      26
    cstartup_M.o                 12
    data_init.o                  40
    memchr.o                     88
    packbits_init_single.o       56
    strchr.o                     22
    strlen.o                     54
    zero_init3.o                 64
    -------------------------------------------------
    Total:                      730

shb_l.a: [6]
    exit.o                       20
    -------------------------------------------------
    Total:                       20

    Gaps                         48
    Linker created                        32    1 536
-----------------------------------------------------
    Grand Total:             19 668      142    6 654


*******************************************************************************
*** ENTRY LIST
***

Entry                      Address   Size  Type      Object
-----                      -------   ----  ----      ------
.iar.init_table$$Base   0x08004b74          --   Gb  - Linker created -
.iar.init_table$$Limit  0x08004b94          --   Gb  - Linker created -
?main                   0x08004b95         Code  Gb  cmain.o [5]
AHBPrescTable           0x08004a64   0x10  Data  Gb  system_stm32f1xx.o [1]
APBPrescTable           0x08004c18    0x8  Data  Gb  system_stm32f1xx.o [1]
BusFault_Handler        0x08004a7b    0x2  Code  Gb  stm32f1xx_it.o [1]
CSTACK$$Base            0x200001b8          --   Gb  - Linker created -
CSTACK$$Limit           0x200005b8          --   Gb  - Linker created -
Com1_Counter            0x200017bc    0x2  Data  Gb  main.o [1]
Com1_Rxbuff             0x200007bc  0x400  Data  Gb  main.o [1]
Com2_Counter            0x200017be    0x2  Data  Gb  main.o [1]
Com2_Rxbuff             0x20000bbc  0x400  Data  Gb  main.o [1]
Com3_Counter            0x200017c0    0x2  Data  Gb  main.o [1]
Com3_Rxbuff             0x20000fbc  0x400  Data  Gb  main.o [1]
Com4_Counter            0x200017c2    0x2  Data  Gb  main.o [1]
Com4_Rxbuff             0x200013bc  0x400  Data  Gb  main.o [1]
ConfigMsg               0x20000028   0x1c  Data  Gb  w5500_conf.o [1]
DHCP_GET                0x200019cc   0x18  Data  Gb  dhcp.o [1]
DebugMon_Handler        0x08004a81    0x2  Code  Gb  stm32f1xx_it.o [1]
EEPROM_CheckOk          0x08004619   0x16  Code  Gb  bsp_EEPROM.o [1]
EEPROM_MSG              0x20000044   0x14  Data  Gb  w5500_conf.o [1]
EEPROM_ReadBytes        0x0800462f   0x64  Code  Gb  bsp_EEPROM.o [1]
EEPROM_WriteBytes       0x08004693   0x70  Code  Gb  bsp_EEPROM.o [1]
HAL_DMA_Abort_IT        0x08002739   0xe2  Code  Gb  stm32f1xx_hal_dma.o [1]
HAL_Delay               0x08003cb5   0x28  Code  Wk  stm32f1xx_hal.o [1]
HAL_GPIO_Init           0x08003075  0x188  Code  Gb  stm32f1xx_hal_gpio.o [1]
HAL_GPIO_ReadPin        0x080031fd    0xc  Code  Gb  stm32f1xx_hal_gpio.o [1]
HAL_GPIO_WritePin       0x08003209    0x8  Code  Gb  stm32f1xx_hal_gpio.o [1]
HAL_GetTick             0x0800272d    0xc  Code  Wk  stm32f1xx_hal.o [1]
HAL_IncTick             0x08004ac5   0x10  Code  Wk  stm32f1xx_hal.o [1]
HAL_Init                0x0800332d   0x20  Code  Gb  stm32f1xx_hal.o [1]
HAL_InitTick            0x08003cdd   0x40  Code  Wk  stm32f1xx_hal.o [1]
HAL_MspInit             0x08003d1d   0x9c  Code  Gb  stm32f1xx_hal_msp.o [1]
HAL_NVIC_EnableIRQ      0x080032bb    0xc  Code  Gb  stm32f1xx_hal_cortex.o [1]
HAL_NVIC_SetPriority    0x08003281   0x3a  Code  Gb  stm32f1xx_hal_cortex.o [1]
HAL_NVIC_SetPriorityGrouping
                        0x08003267   0x1a  Code  Gb  stm32f1xx_hal_cortex.o [1]
HAL_RCC_ClockConfig     0x08002e9f  0x10a  Code  Gb  stm32f1xx_hal_rcc.o [1]
HAL_RCC_GetHCLKFreq     0x0800300b    0x6  Code  Gb  stm32f1xx_hal_rcc.o [1]
HAL_RCC_GetPCLK1Freq    0x08003011   0x10  Code  Gb  stm32f1xx_hal_rcc.o [1]
HAL_RCC_GetPCLK2Freq    0x08003021    0xe  Code  Gb  stm32f1xx_hal_rcc.o [1]
HAL_RCC_GetSysClockFreq
                        0x08002fbd   0x4e  Code  Gb  stm32f1xx_hal_rcc.o [1]
HAL_RCC_OscConfig       0x08002bc5  0x2d2  Code  Gb  stm32f1xx_hal_rcc.o [1]
HAL_SPI_Init            0x08003db9   0x82  Code  Gb  stm32f1xx_hal_spi_ex.o [1]
HAL_SPI_MspInit         0x0800346d   0x4e  Code  Gb  spi.o [1]
HAL_SPI_TransmitReceive
                        0x080041e1  0x18e  Code  Gb  stm32f1xx_hal_spi.o [1]
HAL_SYSTICK_CLKSourceConfig
                        0x080032f7   0x14  Code  Gb  stm32f1xx_hal_cortex.o [1]
HAL_SYSTICK_Callback    0x08003329    0x2  Code  Wk  stm32f1xx_hal_cortex.o [1]
HAL_SYSTICK_Config      0x080032cf   0x28  Code  Gb  stm32f1xx_hal_cortex.o [1]
HAL_SYSTICK_IRQHandler  0x08003325    0x4  Code  Gb  stm32f1xx_hal_cortex.o [1]
HAL_TIMEx_BreakCallback
                        0x08004a11    0x2  Code  Wk  stm32f1xx_hal_tim_ex.o [1]
HAL_TIMEx_CommutationCallback
                        0x08004a15    0x2  Code  Wk  stm32f1xx_hal_tim_ex.o [1]
HAL_TIMEx_MasterConfigSynchronization
                        0x08004195   0x4a  Code  Gb  stm32f1xx_hal_tim_ex.o [1]
HAL_TIM_Base_Init       0x08003e3d   0x1a  Code  Gb  stm32f1xx_hal_tim.o [1]
HAL_TIM_Base_MspInit    0x08003561   0x34  Code  Gb  tim.o [1]
HAL_TIM_ConfigClockSource
                        0x08003fc5   0xa8  Code  Gb  stm32f1xx_hal_tim.o [1]
HAL_TIM_IC_CaptureCallback
                        0x08004a0d    0x2  Code  Wk  stm32f1xx_hal_tim.o [1]
HAL_TIM_IRQHandler      0x08003e73  0x142  Code  Gb  stm32f1xx_hal_tim.o [1]
HAL_TIM_OC_DelayElapsedCallback
                        0x08004a0f    0x2  Code  Wk  stm32f1xx_hal_tim.o [1]
HAL_TIM_PWM_PulseFinishedCallback
                        0x08004a17    0x2  Code  Wk  stm32f1xx_hal_tim.o [1]
HAL_TIM_PeriodElapsedCallback
                        0x08003905    0x2  Code  Gb  w5500_conf.o [1]
HAL_TIM_TriggerCallback
                        0x08004a13    0x2  Code  Wk  stm32f1xx_hal_tim.o [1]
HAL_UART_ErrorCallback  0x08002855    0x2  Code  Wk  stm32f1xx_hal_uart.o [1]
HAL_UART_IRQHandler     0x080021db  0x14e  Code  Gb  stm32f1xx_hal_uart.o [1]
HAL_UART_Init           0x08002001   0x24  Code  Gb  stm32f1xx_hal_uart.o [1]
HAL_UART_MspInit        0x0800259f  0x100  Code  Gb  usart.o [1]
HAL_UART_Receive_IT     0x08002167   0x54  Code  Gb  stm32f1xx_hal_uart.o [1]
HAL_UART_RxCpltCallback
                        0x0800299b   0xae  Code  Gb  main.o [1]
HAL_UART_Transmit       0x08002071   0xa0  Code  Gb  stm32f1xx_hal_uart.o [1]
HAL_UART_Transmit_IT    0x08002127   0x40  Code  Gb  stm32f1xx_hal_uart.o [1]
HAL_UART_TxCpltCallback
                        0x08002857    0x2  Code  Wk  stm32f1xx_hal_uart.o [1]
HEAP$$Base              0x200005b8          --   Gb  - Linker created -
HEAP$$Limit             0x200007b8          --   Gb  - Linker created -
HM_TRP_Init             0x08002ae1   0x10  Code  Gb  main.o [1]
HM_TRP_send_Init        0x08002a49   0x12  Code  Gb  main.o [1]
HardFault_Handler       0x08004a77    0x2  Code  Gb  stm32f1xx_it.o [1]
I2C_Ack                 0x08004561   0x1c  Code  Gb  bsp_EEPROM.o [1]
I2C_CheckDevice         0x080045c5   0x4c  Code  Gb  bsp_EEPROM.o [1]
I2C_Delay               0x08004485    0x2  Code  Lc  bsp_EEPROM.o [1]
I2C_NAck                0x080045a1    0xe  Code  Gb  bsp_EEPROM.o [1]
I2C_ReadByte            0x080044f3   0x30  Code  Gb  bsp_EEPROM.o [1]
I2C_SendByte            0x080044ad   0x46  Code  Gb  bsp_EEPROM.o [1]
I2C_Start               0x08004487   0x18  Code  Gb  bsp_EEPROM.o [1]
I2C_Stop                0x0800449f    0xe  Code  Gb  bsp_EEPROM.o [1]
I2C_WaitAck             0x0800452d   0x34  Code  Gb  bsp_EEPROM.o [1]
IINCHIP_READ            0x0800380f   0x2a  Code  Gb  w5500_conf.o [1]
IINCHIP_WRITE           0x080037eb   0x20  Code  Gb  w5500_conf.o [1]
LoadInt                 0x080007a7   0x6e  Code  Lc  xprintffull.o [3]
MX_GPIO_Init            0x08003351   0xb6  Code  Gb  gpio.o [1]
MX_SPI1_Init            0x08003429   0x44  Code  Gb  spi.o [1]
MX_TIM2_Init            0x080034f9   0x68  Code  Gb  tim.o [1]
MX_UART4_Init           0x08002521   0x16  Code  Gb  usart.o [1]
MX_USART1_UART_Init     0x08002537   0x16  Code  Gb  usart.o [1]
MX_USART2_UART_Init     0x08002555   0x16  Code  Gb  usart.o [1]
MX_USART3_UART_Init     0x08002589   0x16  Code  Gb  usart.o [1]
MemManage_Handler       0x08004a79    0x2  Code  Gb  stm32f1xx_it.o [1]
NMI_Handler             0x08004a75    0x2  Code  Gb  stm32f1xx_it.o [1]
NVIC_SetPriority        0x0800324d   0x1a  Code  Lc  stm32f1xx_hal_cortex.o [1]
PendSV_Handler          0x08004a83    0x2  Code  Gb  stm32f1xx_it.o [1]
RSIZE                   0x200019bc   0x10  Data  Gb  w5500.o [1]
Region$$Table$$Base     0x08004b74          --   Gb  - Linker created -
Region$$Table$$Limit    0x08004b94          --   Gb  - Linker created -
SPI_CheckFlag_BSY       0x08004465   0x20  Code  Lc  stm32f1xx_hal_spi.o [1]
SPI_SendByte            0x080037c1   0x2a  Code  Gb  w5500_conf.o [1]
SPI_WaitFlagStateUntilTimeout
                        0x080043db   0x8a  Code  Lc  stm32f1xx_hal_spi.o [1]
SSIZE                   0x200019ac   0x10  Data  Gb  w5500.o [1]
SVC_Handler             0x08004a7f    0x2  Code  Gb  stm32f1xx_it.o [1]
SysTick_Handler         0x08004a85    0xe  Code  Gb  stm32f1xx_it.o [1]
SystemClock_Config      0x08002927   0x74  Code  Gb  main.o [1]
SystemCoreClock         0x20000014    0x4  Data  Gb  system_stm32f1xx.o [1]
SystemInit              0x08004a19   0x3a  Code  Gb  system_stm32f1xx.o [1]
TIM2_IRQHandler         0x08004a93    0x6  Code  Gb  stm32f1xx_it.o [1]
TIM_Base_SetConfig      0x08004097   0x76  Code  Gb  stm32f1xx_hal_tim.o [1]
TIM_ETR_SetConfig       0x0800417f   0x14  Code  Lc  stm32f1xx_hal_tim.o [1]
TIM_ITRx_SetConfig      0x0800416f   0x10  Code  Lc  stm32f1xx_hal_tim.o [1]
TIM_TI1_ConfigInputStage
                        0x08004129   0x22  Code  Lc  stm32f1xx_hal_tim.o [1]
TIM_TI2_ConfigInputStage
                        0x0800414b   0x24  Code  Lc  stm32f1xx_hal_tim.o [1]
UART4_IRQHandler        0x08004aab    0x6  Code  Gb  stm32f1xx_it.o [1]
UART_DMAAbortOnError    0x0800239d    0xc  Code  Lc  stm32f1xx_hal_uart.o [1]
UART_EndRxTransfer      0x0800237f   0x1c  Code  Lc  stm32f1xx_hal_uart.o [1]
UART_Receive_IT         0x080023a9   0x92  Code  Lc  stm32f1xx_hal_uart.o [1]
UART_SetConfig          0x0800243b   0xdc  Code  Lc  stm32f1xx_hal_uart.o [1]
UART_WaitOnFlagUntilTimeout
                        0x08002329   0x56  Code  Lc  stm32f1xx_hal_uart.o [1]
USART1_IRQHandler       0x08004a99    0x6  Code  Gb  stm32f1xx_it.o [1]
USART2_IRQHandler       0x08004a9f    0x6  Code  Gb  stm32f1xx_it.o [1]
USART3_IRQHandler       0x08004aa5    0x6  Code  Gb  stm32f1xx_it.o [1]
UsageFault_Handler      0x08004a7d    0x2  Code  Gb  stm32f1xx_it.o [1]
_EncodingSb_Mbtowc      0x08001eb3   0x30  Code  Gb  xencoding_sb.o [3]
_EncodingSb_Mbtowc::initial
                        0x08001ef0    0x8  Data  Lc  xencoding_sb.o [3]
_EncodingSb_Wctomb      0x08001e99   0x1a  Code  Gb  xencoding_sb.o [3]
_EncodingSb_Wctomb::initial
                        0x08001ee8    0x8  Data  Lc  xencoding_sb.o [3]
_Error_Handler          0x08002af1    0x2  Code  Gb  main.o [1]
_GenldFull              0x0800102d  0x254  Code  Lc  xprintffull.o [3]
_IsdstStr               0x20000144    0x4  Data  Gb  setlocale.o [3]
_LdtobFull              0x08000c2d  0x3fa  Code  Lc  xprintffull.o [3]
_LitobFull              0x08000b21  0x10a  Code  Lc  xprintffull.o [3]
_LocaleEncoding         0x08001e85    0xe  Code  Gb  setlocale.o [3]
_LocaleReturnString     0x20000164   0x50  Data  Lc  setlocale.o [3]
_Locale_Profile         0x20000148   0x1c  Data  Gb  setlocale.o [3]
_Locale_aeabi_lconv     0x20000108   0x38  Data  Gb  localeconv.o [3]
_Locale_lconv           0x200000b8   0x50  Data  Gb  localeconv.o [3]
_Mbtowc                 0x080012cb   0x20  Code  Gb  xmbtowc.o [3]
_PrintfFull             0x08000131  0x660  Code  Gb  xprintffull.o [3]
_Prout                  0x08004bd9   0x16  Code  Gb  xprout.o [3]
_PutcharsFull           0x08001281   0x2e  Code  Lc  xprintffull.o [3]
_PutstrFull             0x08000815  0x306  Code  Lc  xprintffull.o [3]
_TzoneStr               0x20000140    0x4  Data  Gb  setlocale.o [3]
_Wctomb                 0x08001451   0x1a  Code  Gb  xwctomb.o [3]
__aeabi_cdcmple         0x08001699         Code  Gb  DblCmpLe.o [4]
__aeabi_cdrcmple        0x080016c9         Code  Gb  DblCmpGe.o [4]
__aeabi_d2iz            0x08001805         Code  Gb  DblToI32.o [4]
__aeabi_d2uiz           0x08001831         Code  Gb  DblToI32.o [4]
__aeabi_ddiv            0x08001bb1         Code  Gb  DblDiv.o [4]
__aeabi_dmul            0x08001a0d         Code  Gb  DblMul.o [4]
__aeabi_dsub            0x0800188d         Code  Gb  DblSub.o [4]
__aeabi_i2d             0x0800185d         Code  Gb  I32ToDbl.o [4]
__aeabi_ldiv0           0x08001f25         Code  Gb  I64DivZer.o [5]
__aeabi_ui2d            0x08001871         Code  Gb  I32ToDbl.o [4]
__aeabi_uldivmod        0x08001565         Code  Gb  I64DivMod.o [5]
__cmain                 0x08004b95         Code  Gb  cmain.o [5]
__data_Aldata           0x200019f0    0x8  Data  Gb  xxmemxmalloc.o [3]
__data_GetMemChunk      0x08001ef9   0x2c  Code  Gb  xgetmemchunk.o [3]
__data_GetMemChunk::start
                        0x200019f8    0x4  Data  Lc  xgetmemchunk.o [3]
__exit                  0x08004bc5   0x14  Code  Gb  exit.o [6]
__iar_Dnorm             0x08001653   0x44  Code  Gb  xdnorm.o [4]
__iar_Dscale            0x080016f9  0x10c  Code  Gb  xdscale.o [4]
__iar_Locale_lconv_init
                        0x08001e09   0x3a  Code  Gb  localeconv.o [3]
__iar_Mbcurmax          0x08001395    0xa  Code  Gb  xmbcurmax.o [3]
__iar_Memchr            0x0800133d         Code  Gb  memchr.o [5]
__iar_Stdout            0x20000078   0x40  Data  Gb  xfiles.o [3]
__iar_Strchr            0x080012ed         Code  Gb  strchr.o [5]
__iar_d2uiz             0x0800183d         Code  Gb  DblToI32.o [4]
__iar_dadd              0x08001f29         Code  Gb  DblAdd.o [4]
__iar_data_init3        0x08004b4d   0x28  Code  Gb  data_init.o [5]
__iar_dlib_perthread_access
                        0x08001ffd    0x2  Code  Gb  xtls.o [3]
__iar_dsub              0x080018a1         Code  Gb  DblSub.o [4]
__iar_dsubStart         0x080018b3         Code  Gb  DblSub.o [4]
__iar_packbits_init_single3
                        0x08004b15   0x38  Code  Gb  packbits_init_single.o [5]
__iar_program_start     0x08004c0d         Code  Gb  cstartup_M.o [5]
__iar_ui2d              0x08001875         Code  Gb  I32ToDbl.o [4]
__iar_unaligned___aeabi_memcpy
                        0x0800146d         Code  Gb  ABImemcpy_unaligned.o [5]
__iar_unaligned___aeabi_memcpy4
                        0x0800148d         Code  Gb  ABImemcpy_unaligned.o [5]
__iar_unaligned___aeabi_memcpy8
                        0x0800148d         Code  Gb  ABImemcpy_unaligned.o [5]
__iar_zero_init3        0x08004ad5   0x40  Code  Gb  zero_init3.o [5]
__low_level_init        0x08004baf    0x4  Code  Gb  low_level_init.o [3]
__vector_table          0x08000000         Data  Gb  startup_stm32f103xe.o [1]
_call_main              0x08004ba1         Code  Gb  cmain.o [5]
_exit                   0x08004bb9         Code  Gb  cexit.o [5]
_main                   0x08004bab         Code  Gb  cmain.o [5]
aRxStartMessages_1      0x200019fc    0x1  Data  Gb  main.o [1]
aRxStartMessages_2      0x200007b8    0x1  Data  Gb  main.o [1]
aRxStartMessages_3      0x200007b9    0x1  Data  Gb  main.o [1]
aRxStartMessages_4      0x200007ba    0x1  Data  Gb  main.o [1]
close                   0x080047bd   0x26  Code  Gb  socket.o [1]
delay_ms                0x08004705    0x4  Code  Gb  utility.o [1]
delay_us                0x08004709   0x24  Code  Gb  utility.o [1]
dhcp_ok                 0x2000006d    0x1  Data  Gb  w5500_conf.o [1]
dhcp_time               0x200019ec    0x4  Data  Gb  w5500_conf.o [1]
div                     0x08001e75    0xe  Code  Gb  div.o [3]
dns_server              0x20000070    0x4  Data  Gb  w5500_conf.o [1]
do_udp                  0x08003c1b   0x86  Code  Gb  tcp_demo.o [1]
exit                    0x08004bb3    0x4  Code  Gb  exit.o [3]
fac_us                  0x200019fd    0x1  Data  Lc  utility.o [1]
fputc                   0x08002859   0x14  Code  Gb  main.o [1]
free                    0x080014e5   0x7a  Code  Gb  xxmemxfree.o [3]
gateway                 0x20000068    0x4  Data  Gb  w5500_conf.o [1]
getGAR                  0x08003a71    0xc  Code  Gb  w5500.o [1]
getIINCHIP_TxMAX        0x08003a5d    0x8  Code  Gb  w5500.o [1]
getSIPR                 0x08003aad    0xc  Code  Gb  w5500.o [1]
getSUBR                 0x08003aa1    0xc  Code  Gb  w5500.o [1]
getSn_IR                0x08003ab9    0xa  Code  Gb  w5500.o [1]
getSn_RX_RSR            0x08003ad7    0xc  Code  Gb  w5500.o [1]
getSn_SR                0x08003acd    0xa  Code  Gb  w5500.o [1]
hspi1                   0x200017c4   0x58  Data  Gb  spi.o [1]
htim2                   0x2000186c   0x40  Data  Gb  tim.o [1]
huart1                  0x200018ec   0x40  Data  Gb  usart.o [1]
huart2                  0x2000192c   0x40  Data  Gb  usart.o [1]
huart3                  0x2000196c   0x40  Data  Gb  usart.o [1]
huart4                  0x200018ac   0x40  Data  Gb  usart.o [1]
ip_from                 0x2000006c    0x1  Data  Gb  w5500_conf.o [1]
local_ip                0x20000060    0x4  Data  Gb  w5500_conf.o [1]
local_port              0x200001b4    0x2  Data  Gb  w5500_conf.o [1]
localeconv              0x08001e43   0x16  Code  Gb  localeconv.o [3]
mac                     0x20000058    0x8  Data  Gb  w5500_conf.o [1]
main                    0x0800286d   0xba  Code  Gb  main.o [1]
malloc                  0x080013a1   0xac  Code  Gb  xxmemxmalloc.o [3]
memchr                  0x0800133d         Code  Gb  memchr.o [5]
ms                      0x200019e8    0x4  Data  Gb  w5500_conf.o [1]
ntptimer                0x200019e4    0x1  Data  Gb  w5500_conf.o [1]
obuf                    0x2000181c   0x50  Data  Lc  xfiles.o [3]
printf                  0x080035c9   0x24  Code  Gb  printf.o [3]
putchar                 0x08004bf1    0xc  Code  Gb  putchar.o [3]
read_config_from_eeprom
                        0x080038eb   0x1a  Code  Gb  w5500_conf.o [1]
recvfrom                0x080048bf  0x11a  Code  Gb  socket.o [1]
remote_ip               0x20000074    0x4  Data  Gb  w5500_conf.o [1]
remote_port             0x200001b6    0x2  Data  Gb  w5500_conf.o [1]
reset_w5500             0x080035ed   0x22  Code  Gb  w5500_conf.o [1]
rxsize                  0x20000020    0x8  Data  Gb  w5500.o [1]
send_data_processing    0x08003b13   0x36  Code  Gb  w5500.o [1]
sendto                  0x080047ef   0xc2  Code  Gb  socket.o [1]
setGAR                  0x08003a65    0xc  Code  Gb  w5500.o [1]
setSHAR                 0x08003a89    0xc  Code  Gb  w5500.o [1]
setSIPR                 0x08003a95    0xc  Code  Gb  w5500.o [1]
setSUBR                 0x08003a7d    0xc  Code  Gb  w5500.o [1]
setSn_IR                0x08003ac3    0xa  Code  Gb  w5500.o [1]
set_send_speed          0x20000000    0x8  Data  Gb  main.o [1]
set_w5500_ip            0x0800360f  0x156  Code  Gb  w5500_conf.o [1]
set_w5500_mac           0x08003775   0x1e  Code  Gb  w5500_conf.o [1]
socket                  0x08004735   0x82  Code  Gb  socket.o [1]
socket_buf_init         0x08003b85   0x6a  Code  Gb  w5500.o [1]
strchr                  0x080012ed         Code  Gb  strchr.o [5]
strlen                  0x08001305         Code  Gb  strlen.o [5]
subnet                  0x20000064    0x4  Data  Gb  w5500_conf.o [1]
timer2_isr              0x08003907   0x1e  Code  Gb  w5500_conf.o [1]
txsize                  0x20000018    0x8  Data  Gb  w5500.o [1]
uwTick                  0x2000000c    0x4  Data  Gb  stm32f1xx_hal.o [1]
uwTickFreq              0x20000008    0x1  Data  Gb  stm32f1xx_hal.o [1]
uwTickPrio              0x20000010    0x4  Data  Gb  stm32f1xx_hal.o [1]
wiz_cs                  0x080037ab   0x16  Code  Gb  w5500_conf.o [1]
wiz_read_buf            0x0800388d   0x3e  Code  Gb  w5500_conf.o [1]
wiz_write_buf           0x08003839   0x3a  Code  Gb  w5500_conf.o [1]
write_config_to_eeprom  0x080038d5   0x16  Code  Gb  w5500_conf.o [1]


[1] = C:\Users\test\Desktop\11\dimian\EWARM\dimian\Obj
[2] = command line
[3] = dl7M_tlf.a
[4] = m7M_tl.a
[5] = rt7M_tl.a
[6] = shb_l.a

  19 668 bytes of readonly  code memory
     142 bytes of readonly  data memory
   6 654 bytes of readwrite data memory

Errors: none
Warnings: none
