###############################################################################
#
# IAR ELF Linker V7.80.4.12462/W32 for ARM                25/Mar/2019  10:25:23
# Copyright 2007-2017 IAR Systems AB.
#
#    Output file  =  
#        C:\Users\test\Desktop\11\zhiwen\EWARM\zhiwen\Exe\zhiwen.out
#    Map file     =  
#        C:\Users\test\Desktop\11\zhiwen\EWARM\zhiwen\List\zhiwen.map
#    Command line =  
#        C:\Users\test\Desktop\11\zhiwen\EWARM\zhiwen\Obj\as608.o
#        C:\Users\test\Desktop\11\zhiwen\EWARM\zhiwen\Obj\bsp_EEPROM.o
#        C:\Users\test\Desktop\11\zhiwen\EWARM\zhiwen\Obj\gpio.o
#        C:\Users\test\Desktop\11\zhiwen\EWARM\zhiwen\Obj\HW_key.o
#        C:\Users\test\Desktop\11\zhiwen\EWARM\zhiwen\Obj\i2c.o
#        C:\Users\test\Desktop\11\zhiwen\EWARM\zhiwen\Obj\main.o
#        C:\Users\test\Desktop\11\zhiwen\EWARM\zhiwen\Obj\startup_stm32f103xb.o
#        C:\Users\test\Desktop\11\zhiwen\EWARM\zhiwen\Obj\stm32f1xx_hal.o
#        C:\Users\test\Desktop\11\zhiwen\EWARM\zhiwen\Obj\stm32f1xx_hal_cortex.o
#        C:\Users\test\Desktop\11\zhiwen\EWARM\zhiwen\Obj\stm32f1xx_hal_dma.o
#        C:\Users\test\Desktop\11\zhiwen\EWARM\zhiwen\Obj\stm32f1xx_hal_flash.o
#        C:\Users\test\Desktop\11\zhiwen\EWARM\zhiwen\Obj\stm32f1xx_hal_flash_ex.o
#        C:\Users\test\Desktop\11\zhiwen\EWARM\zhiwen\Obj\stm32f1xx_hal_gpio.o
#        C:\Users\test\Desktop\11\zhiwen\EWARM\zhiwen\Obj\stm32f1xx_hal_gpio_ex.o
#        C:\Users\test\Desktop\11\zhiwen\EWARM\zhiwen\Obj\stm32f1xx_hal_i2c.o
#        C:\Users\test\Desktop\11\zhiwen\EWARM\zhiwen\Obj\stm32f1xx_hal_msp.o
#        C:\Users\test\Desktop\11\zhiwen\EWARM\zhiwen\Obj\stm32f1xx_hal_pwr.o
#        C:\Users\test\Desktop\11\zhiwen\EWARM\zhiwen\Obj\stm32f1xx_hal_rcc.o
#        C:\Users\test\Desktop\11\zhiwen\EWARM\zhiwen\Obj\stm32f1xx_hal_rcc_ex.o
#        C:\Users\test\Desktop\11\zhiwen\EWARM\zhiwen\Obj\stm32f1xx_hal_tim.o
#        C:\Users\test\Desktop\11\zhiwen\EWARM\zhiwen\Obj\stm32f1xx_hal_tim_ex.o
#        C:\Users\test\Desktop\11\zhiwen\EWARM\zhiwen\Obj\stm32f1xx_hal_uart.o
#        C:\Users\test\Desktop\11\zhiwen\EWARM\zhiwen\Obj\stm32f1xx_it.o
#        C:\Users\test\Desktop\11\zhiwen\EWARM\zhiwen\Obj\system_stm32f1xx.o
#        C:\Users\test\Desktop\11\zhiwen\EWARM\zhiwen\Obj\tim.o
#        C:\Users\test\Desktop\11\zhiwen\EWARM\zhiwen\Obj\usart.o --redirect
#        _Printf=_PrintfFull --redirect _Scanf=_ScanfFull -o
#        C:\Users\test\Desktop\11\zhiwen\EWARM\zhiwen\Exe\zhiwen.out --map
#        C:\Users\test\Desktop\11\zhiwen\EWARM\zhiwen\List\zhiwen.map --config
#        C:\Users\test\Desktop\11\zhiwen\EWARM/stm32f103xb_flash.icf
#        --semihosting --entry __iar_program_start --vfe
#
###############################################################################

*******************************************************************************
*** RUNTIME MODEL ATTRIBUTES
***

CppFlavor                     = *
__Heap_Handler                = Basic
__SystemLibrary               = DLib
__dlib_dynamic_initialization = normal


*******************************************************************************
*** PLACEMENT SUMMARY
***

"A0":  place at 0x08000000 { ro section .intvec };
"P1":  place in [from 0x08000000 to 0x0801ffff] { ro };
"P2":  place in [from 0x20000000 to 0x20004fff] { rw, block CSTACK, block HEAP };
initialize by copy { rw };

  Section             Kind        Address    Size  Object
  -------             ----        -------    ----  ------
"A0":                                        0xec
  .intvec             ro code  0x08000000    0xec  startup_stm32f103xb.o [1]
                             - 0x080000ec    0xec

"P1":                                      0x4b01
  .text               ro code  0x080000ec  0x119a  xprintffull.o [3]
  .text               ro code  0x08001286    0x20  xmbtowc.o [3]
  .rodata             const    0x080012a6     0x2  stm32f1xx_hal_rcc.o [1]
  .text               ro code  0x080012a8    0x16  strchr.o [5]
  .text               ro code  0x080012c0    0x36  strlen.o [5]
  .text               ro code  0x080012f8    0x58  memchr.o [5]
  .text               ro code  0x08001350     0xa  xmbcurmax.o [3]
  .text               ro code  0x0800135c    0xb0  xxmemxmalloc.o [3]
  .text               ro code  0x0800140c    0x1a  xwctomb.o [3]
  .text               ro code  0x08001428    0x76  ABImemcpy_unaligned.o [5]
  .text               ro code  0x080014a0    0x80  xxmemxfree.o [3]
  .text               ro code  0x08001520    0xee  I64DivMod.o [5]
  .text               ro code  0x0800160e    0x44  xdnorm.o [4]
  .text               ro code  0x08001654    0x2e  DblCmpLe.o [4]
  .text               ro code  0x08001684    0x2e  DblCmpGe.o [4]
  .text               ro code  0x080016b4   0x10c  xdscale.o [4]
  .text               ro code  0x080017c0    0x58  DblToI32.o [4]
  .text               ro code  0x08001818    0x30  I32ToDbl.o [4]
  .text               ro code  0x08001848   0x180  DblSub.o [4]
  .text               ro code  0x080019c8   0x1a2  DblMul.o [4]
  .text               ro code  0x08001b6c   0x256  DblDiv.o [4]
  .text               ro code  0x08001dc4    0x6c  localeconv.o [3]
  .text               ro code  0x08001e30     0xe  div.o [3]
  .text               ro code  0x08001e40    0x14  setlocale.o [3]
  .text               ro code  0x08001e54    0x60  xencoding_sb.o [3]
  .text               ro code  0x08001eb4    0x2c  xgetmemchunk.o [3]
  .text               ro code  0x08001ee0     0x2  I64DivZer.o [5]
  .text               ro code  0x08001ee4    0xd4  DblAdd.o [4]
  .text               ro code  0x08001fb8     0x2  xtls.o [3]
  .text               ro code  0x08001fbc   0x6f0  stm32f1xx_hal_rcc.o [1]
  .text               ro code  0x080026ac     0xc  stm32f1xx_hal.o [1]
  .text               ro code  0x080026b8    0x4c  stm32f1xx_hal.o [1]
  .text               ro code  0x08002704   0x166  stm32f1xx_hal_cortex.o [1]
  .text               ro code  0x0800286c   0x51c  as608.o [1]
  .text               ro code  0x08002d88    0x28  stm32f1xx_hal.o [1]
  .text               ro code  0x08002db0    0x10  as608.o [1]
  .text               ro code  0x08002dc0    0x24  printf.o [3]
  .text               ro code  0x08002de4    0x2e  strstr.o [3]
  .text               ro code  0x08002e14   0x370  stm32f1xx_hal_uart.o [1]
  .text               ro code  0x08003184   0x144  usart.o [1]
  .text               ro code  0x080032c8   0x21e  main.o [1]
  .text               ro code  0x080034e8   0x310  stm32f1xx_hal_gpio.o [1]
  .text               ro code  0x080037f8    0x28  stm32f1xx_hal.o [1]
  .text               ro code  0x08003820    0xd0  gpio.o [1]
  .text               ro code  0x080038f0    0xa4  i2c.o [1]
  .text               ro code  0x08003994   0x11c  tim.o [1]
  .text               ro code  0x08003ab0    0xac  stm32f1xx_hal_msp.o [1]
  .text               ro code  0x08003b5c   0x198  stm32f1xx_hal_i2c.o [1]
  .text               ro code  0x08003cf4   0x258  stm32f1xx_hal_tim.o [1]
  .text               ro code  0x08003f4c    0x5c  stm32f1xx_hal_tim_ex.o [1]
  .text               ro code  0x08003fa8    0xd6  xfspos.o [3]
  .text               ro code  0x08004080    0xb0  fflush.o [3]
  .text               ro code  0x08004130     0xc  xfgpos.o [3]
  .text               ro code  0x0800413c    0x4c  lseek.o [6]
  .text               ro code  0x08004188     0xc  errno.o [3]
  .text               ro code  0x08004194     0x4  xsyslock_nop.o [3]
  .text               ro code  0x08004198    0x10  write.o [6]
  .text               ro code  0x080041a8    0xcc  XShHandles.o [3]
  .text               ro code  0x08004274    0x1e  dwrite.o [6]
  .text               ro code  0x08004292    0x20  iarwstd.o [6]
  .text               ro code  0x080042b2    0x22  iarwrite.o [6]
  .text               ro code  0x080042d4    0x6c  iarttio.o [6]
  .text               ro code  0x08004340     0x8  XShttio.o [3]
  .text               ro code  0x08004348    0xb8  xfwprep.o [3]
  .text               ro code  0x08004400    0x22  fseek.o [3]
  .text               ro code  0x08004424    0x80  xfofind.o [3]
  .text               ro code  0x080044a4    0x7a  fclose.o [3]
  .text               ro code  0x0800451e    0x1a  close.o [6]
  .text               ro code  0x08004538    0x16  remove.o [6]
  .text               ro code  0x08004550    0x68  system_stm32f1xx.o [1]
  .text               ro code  0x080045b8    0x58  xcloseall.o [3]
  .text               ro code  0x08004610    0x56  fputc.o [3]
  .text               ro code  0x08004666    0x40  zero_init3.o [5]
  .rodata             const    0x080046a8    0x38  as608.o [1]
  .text               ro code  0x080046e0    0x38  packbits_init_single.o [5]
  .rodata             const    0x08004718    0x2c  i2c.o [1]
  .rodata             const    0x08004744    0x2c  main.o [1]
  .rodata             const    0x08004770    0x2c  tim.o [1]
  .rodata             const    0x0800479c    0x2c  usart.o [1]
  .text               ro code  0x080047c8    0x28  data_init.o [5]
  .rodata             const    0x080047f0    0x24  as608.o [1]
  .rodata             const    0x08004814    0x24  as608.o [1]
  .iar.init_table     const    0x08004838    0x20  - Linker created -
  .rodata             const    0x08004858    0x20  as608.o [1]
  .rodata             const    0x08004878    0x20  as608.o [1]
  .rodata             const    0x08004898    0x1c  as608.o [1]
  .text               ro code  0x080048b4    0x1c  stm32f1xx_it.o [1]
  .text               ro code  0x080048d0    0x18  stm32f1xx_hal.o [1]
  .text               ro code  0x080048e8    0x1a  cmain.o [5]
  .text               ro code  0x08004902     0x4  low_level_init.o [3]
  .text               ro code  0x08004906     0x4  exit.o [3]
  .text               ro code  0x0800490c     0xe  cexit.o [5]
  .text               ro code  0x0800491c    0x14  exit.o [6]
  .text               ro code  0x08004930    0x16  xprout.o [3]
  .text               ro code  0x08004948     0xc  putchar.o [3]
  .rodata             const    0x08004954    0x14  as608.o [1]
  .rodata             const    0x08004968    0x14  as608.o [1]
  .rodata             const    0x0800497c    0x14  as608.o [1]
  .rodata             const    0x08004990    0x14  as608.o [1]
  .rodata             const    0x080049a4    0x14  as608.o [1]
  .rodata             const    0x080049b8    0x14  as608.o [1]
  .rodata             const    0x080049cc    0x10  as608.o [1]
  .rodata             const    0x080049dc    0x10  as608.o [1]
  .rodata             const    0x080049ec    0x10  as608.o [1]
  .rodata             const    0x080049fc    0x10  as608.o [1]
  .rodata             const    0x08004a0c    0x10  as608.o [1]
  .rodata             const    0x08004a1c    0x10  as608.o [1]
  .rodata             const    0x08004a2c    0x10  as608.o [1]
  .rodata             const    0x08004a3c    0x10  stm32f1xx_hal_rcc.o [1]
  .rodata             const    0x08004a4c    0x10  system_stm32f1xx.o [1]
  .text               ro code  0x08004a5c    0x10  startup_stm32f103xb.o [1]
  .rodata             const    0x08004a6c     0xc  as608.o [1]
  .rodata             const    0x08004a78     0xc  as608.o [1]
  .rodata             const    0x08004a84     0xc  as608.o [1]
  .rodata             const    0x08004a90     0xc  as608.o [1]
  .text               ro code  0x08004a9c     0xc  cstartup_M.o [5]
  .rodata             const    0x08004aa8     0x8  as608.o [1]
  .rodata             const    0x08004ab0     0x8  system_stm32f1xx.o [1]
  .text               ro code  0x08004ab8     0x4  startup_stm32f103xb.o [1]
  .text               ro code  0x08004abc     0x4  startup_stm32f103xb.o [1]
  .text               ro code  0x08004ac0     0x4  startup_stm32f103xb.o [1]
  .text               ro code  0x08004ac4     0x4  startup_stm32f103xb.o [1]
  .text               ro code  0x08004ac8     0x4  startup_stm32f103xb.o [1]
  .text               ro code  0x08004acc     0x4  startup_stm32f103xb.o [1]
  .text               ro code  0x08004ad0     0x4  startup_stm32f103xb.o [1]
  .text               ro code  0x08004ad4     0x4  startup_stm32f103xb.o [1]
  .text               ro code  0x08004ad8     0x4  startup_stm32f103xb.o [1]
  .text               ro code  0x08004adc     0x4  startup_stm32f103xb.o [1]
  .text               ro code  0x08004ae0     0x4  startup_stm32f103xb.o [1]
  .text               ro code  0x08004ae4     0x4  startup_stm32f103xb.o [1]
  .text               ro code  0x08004ae8     0x4  startup_stm32f103xb.o [1]
  .text               ro code  0x08004aec     0x4  startup_stm32f103xb.o [1]
  .text               ro code  0x08004af0     0x4  startup_stm32f103xb.o [1]
  .text               ro code  0x08004af4     0x4  startup_stm32f103xb.o [1]
  .text               ro code  0x08004af8     0x4  startup_stm32f103xb.o [1]
  .text               ro code  0x08004afc     0x4  startup_stm32f103xb.o [1]
  .text               ro code  0x08004b00     0x4  startup_stm32f103xb.o [1]
  .text               ro code  0x08004b04     0x4  startup_stm32f103xb.o [1]
  .text               ro code  0x08004b08     0x4  startup_stm32f103xb.o [1]
  .text               ro code  0x08004b0c     0x4  startup_stm32f103xb.o [1]
  .text               ro code  0x08004b10     0x4  startup_stm32f103xb.o [1]
  .text               ro code  0x08004b14     0x4  startup_stm32f103xb.o [1]
  .text               ro code  0x08004b18     0x4  startup_stm32f103xb.o [1]
  .text               ro code  0x08004b1c     0x4  startup_stm32f103xb.o [1]
  .text               ro code  0x08004b20     0x4  startup_stm32f103xb.o [1]
  .text               ro code  0x08004b24     0x4  startup_stm32f103xb.o [1]
  .text               ro code  0x08004b28     0x4  startup_stm32f103xb.o [1]
  .text               ro code  0x08004b2c     0x4  startup_stm32f103xb.o [1]
  .text               ro code  0x08004b30     0x4  startup_stm32f103xb.o [1]
  .text               ro code  0x08004b34     0x4  startup_stm32f103xb.o [1]
  .text               ro code  0x08004b38     0x4  startup_stm32f103xb.o [1]
  .text               ro code  0x08004b3c     0x4  startup_stm32f103xb.o [1]
  .text               ro code  0x08004b40     0x4  startup_stm32f103xb.o [1]
  .text               ro code  0x08004b44     0x4  startup_stm32f103xb.o [1]
  .text               ro code  0x08004b48     0x4  startup_stm32f103xb.o [1]
  .text               ro code  0x08004b4c     0x4  startup_stm32f103xb.o [1]
  .text               ro code  0x08004b50     0x4  startup_stm32f103xb.o [1]
  .text               ro code  0x08004b54     0x4  startup_stm32f103xb.o [1]
  .text               ro code  0x08004b58     0x4  startup_stm32f103xb.o [1]
  .text               ro code  0x08004b5c     0x0  cstart_closeall.o [5]
  .rodata             const    0x08004b5c     0x0  zero_init3.o [5]
  .rodata             const    0x08004b5c     0x0  packbits_init_single.o [5]
  Initializer bytes   const    0x08004b5c    0x91  <for P2-1>
                             - 0x08004bed  0x4b01

"P2", part 1 of 3:                          0x1f5
  P2-1                         0x20000000   0x1f5  <Init block>
    .data             inited   0x20000000     0x4  as608.o [1]
    .data             inited   0x20000004     0x4  stm32f1xx_hal.o [1]
    .data             inited   0x20000008     0x4  system_stm32f1xx.o [1]
    .data             inited   0x2000000c    0x40  xfiles.o [3]
    .data             inited   0x2000004c    0x40  xfiles.o [3]
    .data             inited   0x2000008c    0x40  xfiles.o [3]
    .data             inited   0x200000cc    0x20  xfiles.o [3]
    .data             inited   0x200000ec     0x8  XShttio.o [3]
    __DLIB_PERTHREAD  inited   0x200000f4    0x88  localeconv.o [3]
    __DLIB_PERTHREAD  inited   0x2000017c    0x74  setlocale.o [3]
    __DLIB_PERTHREAD  inited   0x200001f0     0x4  errno.o [3]
    .data             inited   0x200001f4     0x1  stm32f1xx_hal.o [1]
                             - 0x200001f5   0x1f5

"P2", part 2 of 3:                          0x600
  CSTACK                       0x200001f8   0x400  <Block>
    CSTACK            uninit   0x200001f8   0x400  <Block tail>
  HEAP                         0x200005f8   0x200  <Block>
    HEAP              uninit   0x200005f8   0x200  <Block tail>
                             - 0x200007f8   0x600

"P2", part 3 of 3:                          0x3a4
  .bss                zero     0x200007f8   0x190  usart.o [1]
  .bss                zero     0x20000988    0x80  XShHandles.o [3]
  .bss                zero     0x20000a08    0x54  i2c.o [1]
  .bss                zero     0x20000a5c    0x50  xfiles.o [3]
  .bss                zero     0x20000aac    0x50  xfiles.o [3]
  .bss                zero     0x20000afc    0x40  tim.o [1]
  .bss                zero     0x20000b3c    0x40  usart.o [1]
  .bss                zero     0x20000b7c     0xc  main.o [1]
  .bss                zero     0x20000b88     0x8  xxmemxmalloc.o [3]
  .bss                zero     0x20000b90     0x4  stm32f1xx_hal.o [1]
  .bss                zero     0x20000b94     0x4  xgetmemchunk.o [3]
  .bss                zero     0x20000b98     0x2  main.o [1]
  .bss                zero     0x20000b9a     0x2  usart.o [1]
                             - 0x20000b9c   0x3a4


*******************************************************************************
*** INIT TABLE
***

          Address     Size
          -------     ----
Zero (__iar_zero_init3)
    1 destination range, total size 0x3a4:
          0x200007f8  0x3a4

Copy/packbits (__iar_packbits_init_single3)
    1 source range, total size 0x91 (28% of destination):
          0x08004b5c   0x91
    1 destination range, total size 0x1f5:
          0x20000000  0x1f5



*******************************************************************************
*** MODULE SUMMARY
***

    Module                  ro code  ro data  rw data
    ------                  -------  -------  -------
C:\Users\test\Desktop\11\zhiwen\EWARM\zhiwen\Obj: [1]
    as608.o                   1 324      509        4
    gpio.o                      208
    i2c.o                       164       44       84
    main.o                      542       44       14
    startup_stm32f103xb.o       416
    stm32f1xx_hal.o             192        2        9
    stm32f1xx_hal_cortex.o      358
    stm32f1xx_hal_gpio.o        784
    stm32f1xx_hal_i2c.o         408
    stm32f1xx_hal_msp.o         172
    stm32f1xx_hal_rcc.o       1 776       18
    stm32f1xx_hal_tim.o         600
    stm32f1xx_hal_tim_ex.o       92
    stm32f1xx_hal_uart.o        880
    stm32f1xx_it.o               28
    system_stm32f1xx.o          104       25        4
    tim.o                       284       44       64
    usart.o                     324       44      466
    -------------------------------------------------
    Total:                    8 656      730      645

command line: [2]
    -------------------------------------------------
    Total:

dl7M_tlf.a: [3]
    XShHandles.o                204               128
    XShttio.o                     8        2        8
    div.o                        14
    errno.o                      12        1        4
    exit.o                        4
    fclose.o                    122
    fflush.o                    176
    fputc.o                      86
    fseek.o                      34
    localeconv.o                108       39      136
    low_level_init.o              4
    printf.o                     36
    putchar.o                    12
    setlocale.o                  20       34      116
    strstr.o                     46
    xcloseall.o                  88
    xencoding_sb.o               96
    xfgpos.o                     12
    xfiles.o                              65      384
    xfofind.o                   128
    xfspos.o                    214
    xfwprep.o                   184
    xgetmemchunk.o               44                 4
    xmbcurmax.o                  10
    xmbtowc.o                    32
    xprintffull.o             4 506
    xprout.o                     22
    xsyslock_nop.o                4
    xtls.o                        2
    xwctomb.o                    26
    xxmemxfree.o                128
    xxmemxmalloc.o              176                 8
    -------------------------------------------------
    Total:                    6 558      141      788

m7M_tl.a: [4]
    DblAdd.o                    212
    DblCmpGe.o                   46
    DblCmpLe.o                   46
    DblDiv.o                    598
    DblMul.o                    418
    DblSub.o                    384
    DblToI32.o                   88
    I32ToDbl.o                   48
    xdnorm.o                     68
    xdscale.o                   268
    -------------------------------------------------
    Total:                    2 176

rt7M_tl.a: [5]
    ABImemcpy_unaligned.o       118
    I64DivMod.o                 238
    I64DivZer.o                   2
    cexit.o                      14
    cmain.o                      26
    cstart_closeall.o
    cstartup_M.o                 12
    data_init.o                  40
    memchr.o                     88
    packbits_init_single.o       56
    strchr.o                     22
    strlen.o                     54
    zero_init3.o                 64
    -------------------------------------------------
    Total:                      734

shb_l.a: [6]
    close.o                      26
    dwrite.o                     30
    exit.o                       20
    iarttio.o                   108
    iarwrite.o                   34
    iarwstd.o                    32
    lseek.o                      76
    remove.o                     22
    write.o                      16
    -------------------------------------------------
    Total:                      364

    Gaps                         44        2
    Linker created                        32    1 536
-----------------------------------------------------
    Grand Total:             18 532      905    2 969


*******************************************************************************
*** ENTRY LIST
***

Entry                      Address   Size  Type      Object
-----                      -------   ----  ----      ------
.iar.init_table$$Base   0x08004838          --   Gb  - Linker created -
.iar.init_table$$Limit  0x08004858          --   Gb  - Linker created -
?main                   0x080048e9         Code  Gb  cmain.o [5]
AHBPrescTable           0x08004a4c   0x10  Data  Gb  system_stm32f1xx.o [1]
APBPrescTable           0x08004ab0    0x8  Data  Gb  system_stm32f1xx.o [1]
AS608Addr               0x20000000    0x4  Data  Gb  as608.o [1]
AS608Para               0x20000b7c    0xc  Data  Gb  main.o [1]
Add_FR                  0x0800339b  0x130  Code  Gb  main.o [1]
BusFault_Handler        0x080048bb    0x2  Code  Gb  stm32f1xx_it.o [1]
CSTACK$$Base            0x200001f8          --   Gb  - Linker created -
CSTACK$$Limit           0x200005f8          --   Gb  - Linker created -
DebugMon_Handler        0x080048c1    0x2  Code  Gb  stm32f1xx_it.o [1]
EnsureMessage           0x08002c27   0xe8  Code  Gb  as608.o [1]
HAL_Delay               0x08002d89   0x28  Code  Wk  stm32f1xx_hal.o [1]
HAL_GPIO_Init           0x080034e9  0x2ba  Code  Gb  stm32f1xx_hal_gpio.o [1]
HAL_GPIO_WritePin       0x080037a3   0x14  Code  Gb  stm32f1xx_hal_gpio.o [1]
HAL_GetTick             0x080026ad    0xc  Code  Wk  stm32f1xx_hal.o [1]
HAL_I2C_Init            0x08003b5d  0x188  Code  Gb  stm32f1xx_hal_i2c.o [1]
HAL_I2C_MspInit         0x0800393f   0x3e  Code  Gb  i2c.o [1]
HAL_IncTick             0x080048d1   0x18  Code  Wk  stm32f1xx_hal.o [1]
HAL_Init                0x080037f9   0x22  Code  Gb  stm32f1xx_hal.o [1]
HAL_InitTick            0x080026b9   0x4c  Code  Wk  stm32f1xx_hal.o [1]
HAL_MspInit             0x08003ab1   0xac  Code  Gb  stm32f1xx_hal_msp.o [1]
HAL_NVIC_EnableIRQ      0x08002807    0xe  Code  Gb  stm32f1xx_hal_cortex.o [1]
HAL_NVIC_SetPriority    0x080027e1   0x26  Code  Gb  stm32f1xx_hal_cortex.o [1]
HAL_NVIC_SetPriorityGrouping
                        0x080027d5    0xc  Code  Gb  stm32f1xx_hal_cortex.o [1]
HAL_RCC_ClockConfig     0x08002413  0x184  Code  Gb  stm32f1xx_hal_rcc.o [1]
HAL_RCC_GetHCLKFreq     0x0800260f    0x6  Code  Gb  stm32f1xx_hal_rcc.o [1]
HAL_RCC_GetPCLK1Freq    0x08002615   0x16  Code  Gb  stm32f1xx_hal_rcc.o [1]
HAL_RCC_GetPCLK2Freq    0x0800262b   0x16  Code  Gb  stm32f1xx_hal_rcc.o [1]
HAL_RCC_GetSysClockFreq
                        0x08002597   0x78  Code  Gb  stm32f1xx_hal_rcc.o [1]
HAL_RCC_OscConfig       0x08001fbd  0x456  Code  Gb  stm32f1xx_hal_rcc.o [1]
HAL_SYSTICK_CLKSourceConfig
                        0x08002821   0x20  Code  Gb  stm32f1xx_hal_cortex.o [1]
HAL_SYSTICK_Callback    0x08002869    0x2  Code  Wk  stm32f1xx_hal_cortex.o [1]
HAL_SYSTICK_Config      0x08002815    0xc  Code  Gb  stm32f1xx_hal_cortex.o [1]
HAL_SYSTICK_IRQHandler  0x08002861    0x8  Code  Gb  stm32f1xx_hal_cortex.o [1]
HAL_TIMEx_MasterConfigSynchronization
                        0x08003f4d   0x5a  Code  Gb  stm32f1xx_hal_tim_ex.o [1]
HAL_TIM_Base_Init       0x08003cf5   0x38  Code  Gb  stm32f1xx_hal_tim.o [1]
HAL_TIM_Base_MspInit    0x08003a0b   0x38  Code  Gb  tim.o [1]
HAL_TIM_ConfigClockSource
                        0x08003d2d  0x11e  Code  Gb  stm32f1xx_hal_tim.o [1]
HAL_UART_Init           0x08002e15   0x76  Code  Gb  stm32f1xx_hal_uart.o [1]
HAL_UART_MspInit        0x080031cd   0x66  Code  Gb  usart.o [1]
HAL_UART_Receive        0x08002e8b   0xe8  Code  Gb  stm32f1xx_hal_uart.o [1]
HEAP$$Base              0x200005f8          --   Gb  - Linker created -
HEAP$$Limit             0x200007f8          --   Gb  - Linker created -
HardFault_Handler       0x080048b7    0x2  Code  Gb  stm32f1xx_it.o [1]
JudgeStr                0x08002917   0x84  Code  Lc  as608.o [1]
LoadInt                 0x08000763   0x6e  Code  Lc  xprintffull.o [3]
MX_GPIO_Init            0x08003821   0xd0  Code  Gb  gpio.o [1]
MX_I2C1_Init            0x080038f1   0x4e  Code  Gb  i2c.o [1]
MX_TIM3_Init            0x08003995   0x76  Code  Gb  tim.o [1]
MX_USART3_UART_Init     0x08003185   0x48  Code  Gb  usart.o [1]
MYUSART_SendData        0x0800286d   0x14  Code  Lc  as608.o [1]
MemManage_Handler       0x080048b9    0x2  Code  Gb  stm32f1xx_it.o [1]
NMI_Handler             0x080048b5    0x2  Code  Gb  stm32f1xx_it.o [1]
NVIC_EnableIRQ          0x0800272d   0x14  Code  Lc  stm32f1xx_hal_cortex.o [1]
NVIC_EncodePriority     0x08002767   0x3e  Code  Lc  stm32f1xx_hal_cortex.o [1]
NVIC_GetPriorityGrouping
                        0x08002723    0xa  Code  Lc  stm32f1xx_hal_cortex.o [1]
NVIC_SetPriority        0x08002741   0x26  Code  Lc  stm32f1xx_hal_cortex.o [1]
NVIC_SetPriorityGrouping
                        0x08002705   0x1e  Code  Lc  stm32f1xx_hal_cortex.o [1]
PS_GenChar              0x080029e1   0x52  Code  Gb  as608.o [1]
PS_GetImage             0x0800299b   0x46  Code  Gb  as608.o [1]
PS_HandShake            0x08002bb1   0x76  Code  Gb  as608.o [1]
PS_Match                0x08002a33   0x46  Code  Gb  as608.o [1]
PS_RegModel             0x08002a79   0x46  Code  Gb  as608.o [1]
PS_StoreChar            0x08002abf   0x7a  Code  Gb  as608.o [1]
PS_ValidTempleteNum     0x08002b39   0x78  Code  Gb  as608.o [1]
PendSV_Handler          0x080048c3    0x2  Code  Gb  stm32f1xx_it.o [1]
RCC_Delay               0x08002641   0x26  Code  Lc  stm32f1xx_hal_rcc.o [1]
Region$$Table$$Base     0x08004838          --   Gb  - Linker created -
Region$$Table$$Limit    0x08004858          --   Gb  - Linker created -
SVC_Handler             0x080048bf    0x2  Code  Gb  stm32f1xx_it.o [1]
SendAddr                0x08002891   0x3a  Code  Lc  as608.o [1]
SendCheck               0x080028fd   0x1a  Code  Lc  as608.o [1]
SendFlag                0x080028cb    0xe  Code  Lc  as608.o [1]
SendHead                0x08002881   0x10  Code  Lc  as608.o [1]
SendLength              0x080028d9   0x16  Code  Lc  as608.o [1]
Sendcmd                 0x080028ef    0xe  Code  Lc  as608.o [1]
ShowErrMessage          0x080032c9    0x2  Code  Gb  main.o [1]
SysTick_Config          0x080027a5   0x30  Code  Lc  stm32f1xx_hal_cortex.o [1]
SysTick_Handler         0x080048c5    0xc  Code  Gb  stm32f1xx_it.o [1]
SystemClock_Config      0x08003313   0x88  Code  Gb  main.o [1]
SystemCoreClock         0x20000008    0x4  Data  Gb  system_stm32f1xx.o [1]
SystemInit              0x08004551   0x4e  Code  Gb  system_stm32f1xx.o [1]
TIM3_IRQHandler         0x08003a43   0x58  Code  Gb  tim.o [1]
TIM_Base_SetConfig      0x08003e4b   0x68  Code  Gb  stm32f1xx_hal_tim.o [1]
TIM_ETR_SetConfig       0x08003f31   0x1c  Code  Lc  stm32f1xx_hal_tim.o [1]
TIM_ITRx_SetConfig      0x08003f1b   0x16  Code  Lc  stm32f1xx_hal_tim.o [1]
TIM_TI1_ConfigInputStage
                        0x08003ec1   0x2c  Code  Lc  stm32f1xx_hal_tim.o [1]
TIM_TI2_ConfigInputStage
                        0x08003eed   0x2e  Code  Lc  stm32f1xx_hal_tim.o [1]
UART_SetConfig          0x08002fe3  0x198  Code  Lc  stm32f1xx_hal_uart.o [1]
UART_WaitOnFlagUntilTimeout
                        0x08002f73   0x70  Code  Lc  stm32f1xx_hal_uart.o [1]
USART3_IRQHandler       0x08003233   0x72  Code  Gb  usart.o [1]
USART3_RX_BUF           0x200007f8  0x190  Data  Gb  usart.o [1]
USART3_RX_STA           0x20000b9a    0x2  Data  Gb  usart.o [1]
UsageFault_Handler      0x080048bd    0x2  Code  Gb  stm32f1xx_it.o [1]
ValidN                  0x20000b98    0x2  Data  Gb  main.o [1]
_Close_all              0x080045b9   0x58  Code  Gb  xcloseall.o [3]
_EncodingSb_Mbtowc      0x08001e6f   0x30  Code  Gb  xencoding_sb.o [3]
_EncodingSb_Mbtowc::initial
                        0x08001eac    0x8  Data  Lc  xencoding_sb.o [3]
_EncodingSb_Wctomb      0x08001e55   0x1a  Code  Gb  xencoding_sb.o [3]
_EncodingSb_Wctomb::initial
                        0x08001ea4    0x8  Data  Lc  xencoding_sb.o [3]
_Error_Handler          0x080034e5    0x2  Code  Gb  main.o [1]
_Files                  0x200000cc   0x20  Data  Gb  xfiles.o [3]
_Fofree                 0x08004425   0x78  Code  Gb  xfofind.o [3]
_Fspos                  0x08003fa9   0xd6  Code  Gb  xfspos.o [3]
_Fwprep                 0x08004349   0xb8  Code  Gb  xfwprep.o [3]
_GenldFull              0x08000fe9  0x254  Code  Lc  xprintffull.o [3]
_IsdstStr               0x20000180    0x4  Data  Gb  setlocale.o [3]
_LdtobFull              0x08000be9  0x3fa  Code  Lc  xprintffull.o [3]
_LitobFull              0x08000add  0x10a  Code  Lc  xprintffull.o [3]
_LocaleEncoding         0x08001e41    0xe  Code  Gb  setlocale.o [3]
_LocaleReturnString     0x200001a0   0x50  Data  Lc  setlocale.o [3]
_Locale_Profile         0x20000184   0x1c  Data  Gb  setlocale.o [3]
_Locale_aeabi_lconv     0x20000144   0x38  Data  Gb  localeconv.o [3]
_Locale_lconv           0x200000f4   0x50  Data  Gb  localeconv.o [3]
_Mbtowc                 0x08001287   0x20  Code  Gb  xmbtowc.o [3]
_Nnl                    0x08004131    0xc  Code  Gb  xfgpos.o [3]
_PrintfFull             0x080000ed  0x660  Code  Gb  xprintffull.o [3]
_Prout                  0x08004931   0x16  Code  Gb  xprout.o [3]
_PutcharsFull           0x0800123d   0x2e  Code  Lc  xprintffull.o [3]
_PutstrFull             0x080007d1  0x306  Code  Lc  xprintffull.o [3]
_TzoneStr               0x2000017c    0x4  Data  Gb  setlocale.o [3]
_Wctomb                 0x0800140d   0x1a  Code  Gb  xwctomb.o [3]
__aeabi_cdcmple         0x08001655         Code  Gb  DblCmpLe.o [4]
__aeabi_cdrcmple        0x08001685         Code  Gb  DblCmpGe.o [4]
__aeabi_d2iz            0x080017c1         Code  Gb  DblToI32.o [4]
__aeabi_d2uiz           0x080017ed         Code  Gb  DblToI32.o [4]
__aeabi_ddiv            0x08001b6d         Code  Gb  DblDiv.o [4]
__aeabi_dmul            0x080019c9         Code  Gb  DblMul.o [4]
__aeabi_dsub            0x08001849         Code  Gb  DblSub.o [4]
__aeabi_errno_addr      0x08004189    0x6  Code  Gb  errno.o [3]
__aeabi_i2d             0x08001819         Code  Gb  I32ToDbl.o [4]
__aeabi_ldiv0           0x08001ee1         Code  Gb  I64DivZer.o [5]
__aeabi_ui2d            0x0800182d         Code  Gb  I32ToDbl.o [4]
__aeabi_uldivmod        0x08001521         Code  Gb  I64DivMod.o [5]
__cexit_closeall        0x0800490f         Code  Gb  cexit.o [5]
__close                 0x0800451f   0x1a  Code  Gb  close.o [6]
__cmain                 0x080048e9         Code  Gb  cmain.o [5]
__cstart_closeall       0x08004b5c         Data  Gb  cstart_closeall.o [5]
__data_Aldata           0x20000b88    0x8  Data  Gb  xxmemxmalloc.o [3]
__data_GetMemChunk      0x08001eb5   0x2c  Code  Gb  xgetmemchunk.o [3]
__data_GetMemChunk::start
                        0x20000b94    0x4  Data  Lc  xgetmemchunk.o [3]
__dwrite                0x08004275   0x1e  Code  Gb  dwrite.o [6]
__exit                  0x0800491d   0x14  Code  Gb  exit.o [6]
__iar_Dnorm             0x0800160f   0x44  Code  Gb  xdnorm.o [4]
__iar_Dscale            0x080016b5  0x10c  Code  Gb  xdscale.o [4]
__iar_Errno             0x200001f0    0x4  Data  Gb  errno.o [3]
__iar_Locale_lconv_init
                        0x08001dc5   0x3a  Code  Gb  localeconv.o [3]
__iar_Lockfilelock      0x08004195    0x2  Code  Gb  xsyslock_nop.o [3]
__iar_Mbcurmax          0x08001351    0xa  Code  Gb  xmbcurmax.o [3]
__iar_Memchr            0x080012f9         Code  Gb  memchr.o [5]
__iar_Stderr            0x2000008c   0x40  Data  Gb  xfiles.o [3]
__iar_Stdin             0x2000000c   0x40  Data  Gb  xfiles.o [3]
__iar_Stdout            0x2000004c   0x40  Data  Gb  xfiles.o [3]
__iar_Strchr            0x080012a9         Code  Gb  strchr.o [5]
__iar_Strstr            0x08002de5   0x2e  Code  Gb  strstr.o [3]
__iar_Unlockfilelock    0x08004197    0x2  Code  Gb  xsyslock_nop.o [3]
__iar_close_ttio        0x080042d5   0x2e  Code  Gb  iarttio.o [6]
__iar_d2uiz             0x080017f9         Code  Gb  DblToI32.o [4]
__iar_dadd              0x08001ee5         Code  Gb  DblAdd.o [4]
__iar_data_init3        0x080047c9   0x28  Code  Gb  data_init.o [5]
__iar_dlib_perthread_access
                        0x08001fb9    0x2  Code  Gb  xtls.o [3]
__iar_dsub              0x0800185d         Code  Gb  DblSub.o [4]
__iar_dsubStart         0x0800186f         Code  Gb  DblSub.o [4]
__iar_get_ttio          0x08004305   0x38  Code  Gb  iarttio.o [6]
__iar_lookup_ttioh      0x08004341    0x8  Code  Gb  XShttio.o [3]
__iar_packbits_init_single3
                        0x080046e1   0x38  Code  Gb  packbits_init_single.o [5]
__iar_program_start     0x08004a9d         Code  Gb  cstartup_M.o [5]
__iar_sh_Discard        0x080041a9   0x3e  Code  Gb  XShHandles.o [3]
__iar_sh_Move           0x080041ed   0x46  Code  Gb  XShHandles.o [3]
__iar_sh_Pos            0x08004233   0x3e  Code  Gb  XShHandles.o [3]
__iar_sh_stdout         0x08004293   0x20  Code  Gb  iarwstd.o [6]
__iar_sh_write          0x080042b3   0x22  Code  Gb  iarwrite.o [6]
__iar_ttio_handles      0x200000ec    0x8  Data  Lc  XShttio.o [3]
__iar_ui2d              0x08001831         Code  Gb  I32ToDbl.o [4]
__iar_unaligned___aeabi_memcpy
                        0x08001429         Code  Gb  ABImemcpy_unaligned.o [5]
__iar_unaligned___aeabi_memcpy4
                        0x08001449         Code  Gb  ABImemcpy_unaligned.o [5]
__iar_unaligned___aeabi_memcpy8
                        0x08001449         Code  Gb  ABImemcpy_unaligned.o [5]
__iar_zero_init3        0x08004667   0x40  Code  Gb  zero_init3.o [5]
__low_level_init        0x08004903    0x4  Code  Gb  low_level_init.o [3]
__lseek                 0x0800413d   0x4c  Code  Gb  lseek.o [6]
__vector_table          0x08000000         Data  Gb  startup_stm32f103xb.o [1]
__write                 0x08004199   0x10  Code  Gb  write.o [6]
_call_main              0x080048f5         Code  Gb  cmain.o [5]
_exit                   0x0800490d         Code  Gb  cexit.o [5]
_main                   0x080048ff         Code  Gb  cmain.o [5]
div                     0x08001e31    0xe  Code  Gb  div.o [3]
ebuf                    0x20000a5c   0x50  Data  Lc  xfiles.o [3]
exit                    0x08004907    0x4  Code  Gb  exit.o [3]
fclose                  0x080044a5   0x7a  Code  Gb  fclose.o [3]
fflush                  0x080040f7   0x34  Code  Gb  fflush.o [3]
fflushOne               0x08004081   0x76  Code  Lc  fflush.o [3]
fputc                   0x08004611   0x56  Code  Gb  fputc.o [3]
free                    0x080014a1   0x7a  Code  Gb  xxmemxfree.o [3]
fseek                   0x08004401   0x22  Code  Gb  fseek.o [3]
hi2c1                   0x20000a08   0x54  Data  Gb  i2c.o [1]
htim3                   0x20000afc   0x40  Data  Gb  tim.o [1]
huart3                  0x20000b3c   0x40  Data  Gb  usart.o [1]
localeconv              0x08001dff   0x16  Code  Gb  localeconv.o [3]
main                    0x080032cb   0x48  Code  Gb  main.o [1]
malloc                  0x0800135d   0xac  Code  Gb  xxmemxmalloc.o [3]
memchr                  0x080012f9         Code  Gb  memchr.o [5]
obuf                    0x20000aac   0x50  Data  Lc  xfiles.o [3]
printf                  0x08002dc1   0x24  Code  Gb  printf.o [3]
putchar                 0x08004949    0xc  Code  Gb  putchar.o [3]
remove                  0x08004539   0x16  Code  Gb  remove.o [6]
sFileInfo               0x20000988   0x80  Data  Lc  XShHandles.o [3]
strchr                  0x080012a9         Code  Gb  strchr.o [5]
strlen                  0x080012c1         Code  Gb  strlen.o [5]
strstr                  0x08002db1   0x10  Code  Gb  as608.o [1]
uwTick                  0x20000b90    0x4  Data  Gb  stm32f1xx_hal.o [1]
uwTickFreq              0x200001f4    0x1  Data  Gb  stm32f1xx_hal.o [1]
uwTickPrio              0x20000004    0x4  Data  Gb  stm32f1xx_hal.o [1]


[1] = C:\Users\test\Desktop\11\zhiwen\EWARM\zhiwen\Obj
[2] = command line
[3] = dl7M_tlf.a
[4] = m7M_tl.a
[5] = rt7M_tl.a
[6] = shb_l.a

  18 532 bytes of readonly  code memory
     905 bytes of readonly  data memory
   2 969 bytes of readwrite data memory

Errors: none
Warnings: none
