###############################################################################
#
# IAR ELF Linker V7.80.4.12462/W32 for ARM                28/Mar/2019  15:26:21
# Copyright 2007-2017 IAR Systems AB.
#
#    Output file  =  
#        C:\Users\test\Desktop\11\zhiwenmokuai\EWARM\zhiwenmokuai\Exe\zhiwenmokuai.out
#    Map file     =  
#        C:\Users\test\Desktop\11\zhiwenmokuai\EWARM\zhiwenmokuai\List\zhiwenmokuai.map
#    Command line =  
#        C:\Users\test\Desktop\11\zhiwenmokuai\EWARM\zhiwenmokuai\Obj\dma.o
#        C:\Users\test\Desktop\11\zhiwenmokuai\EWARM\zhiwenmokuai\Obj\gpio.o
#        C:\Users\test\Desktop\11\zhiwenmokuai\EWARM\zhiwenmokuai\Obj\main.o
#        C:\Users\test\Desktop\11\zhiwenmokuai\EWARM\zhiwenmokuai\Obj\startup_stm32f103xb.o
#        C:\Users\test\Desktop\11\zhiwenmokuai\EWARM\zhiwenmokuai\Obj\stm32f1xx_hal.o
#        C:\Users\test\Desktop\11\zhiwenmokuai\EWARM\zhiwenmokuai\Obj\stm32f1xx_hal_cortex.o
#        C:\Users\test\Desktop\11\zhiwenmokuai\EWARM\zhiwenmokuai\Obj\stm32f1xx_hal_dma.o
#        C:\Users\test\Desktop\11\zhiwenmokuai\EWARM\zhiwenmokuai\Obj\stm32f1xx_hal_flash.o
#        C:\Users\test\Desktop\11\zhiwenmokuai\EWARM\zhiwenmokuai\Obj\stm32f1xx_hal_flash_ex.o
#        C:\Users\test\Desktop\11\zhiwenmokuai\EWARM\zhiwenmokuai\Obj\stm32f1xx_hal_gpio.o
#        C:\Users\test\Desktop\11\zhiwenmokuai\EWARM\zhiwenmokuai\Obj\stm32f1xx_hal_gpio_ex.o
#        C:\Users\test\Desktop\11\zhiwenmokuai\EWARM\zhiwenmokuai\Obj\stm32f1xx_hal_msp.o
#        C:\Users\test\Desktop\11\zhiwenmokuai\EWARM\zhiwenmokuai\Obj\stm32f1xx_hal_pwr.o
#        C:\Users\test\Desktop\11\zhiwenmokuai\EWARM\zhiwenmokuai\Obj\stm32f1xx_hal_rcc.o
#        C:\Users\test\Desktop\11\zhiwenmokuai\EWARM\zhiwenmokuai\Obj\stm32f1xx_hal_rcc_ex.o
#        C:\Users\test\Desktop\11\zhiwenmokuai\EWARM\zhiwenmokuai\Obj\stm32f1xx_hal_tim.o
#        C:\Users\test\Desktop\11\zhiwenmokuai\EWARM\zhiwenmokuai\Obj\stm32f1xx_hal_tim_ex.o
#        C:\Users\test\Desktop\11\zhiwenmokuai\EWARM\zhiwenmokuai\Obj\stm32f1xx_hal_uart.o
#        C:\Users\test\Desktop\11\zhiwenmokuai\EWARM\zhiwenmokuai\Obj\stm32f1xx_it.o
#        C:\Users\test\Desktop\11\zhiwenmokuai\EWARM\zhiwenmokuai\Obj\system_stm32f1xx.o
#        C:\Users\test\Desktop\11\zhiwenmokuai\EWARM\zhiwenmokuai\Obj\usart.o
#        --redirect _Printf=_PrintfFull --redirect _Scanf=_ScanfFull -o
#        C:\Users\test\Desktop\11\zhiwenmokuai\EWARM\zhiwenmokuai\Exe\zhiwenmokuai.out
#        --map
#        C:\Users\test\Desktop\11\zhiwenmokuai\EWARM\zhiwenmokuai\List\zhiwenmokuai.map
#        --config
#        C:\Users\test\Desktop\11\zhiwenmokuai\EWARM/stm32f103xb_flash.icf
#        --semihosting --entry __iar_program_start --vfe
#
###############################################################################

*******************************************************************************
*** RUNTIME MODEL ATTRIBUTES
***

CppFlavor                     = *
__Heap_Handler                = Basic
__SystemLibrary               = DLib
__dlib_dynamic_initialization = normal


*******************************************************************************
*** PLACEMENT SUMMARY
***

"A0":  place at 0x08000000 { ro section .intvec };
"P1":  place in [from 0x08000000 to 0x0801ffff] { ro };
"P2":  place in [from 0x20000000 to 0x20004fff] { rw, block CSTACK, block HEAP };
initialize by copy { rw };

  Section             Kind        Address    Size  Object
  -------             ----        -------    ----  ------
"A0":                                        0xec
  .intvec             ro code  0x08000000    0xec  startup_stm32f103xb.o [1]
                             - 0x080000ec    0xec

"P1":                                      0x4593
  .text               ro code  0x080000ec  0x119a  xprintffull.o [3]
  .text               ro code  0x08001286    0x20  xmbtowc.o [3]
  .rodata             const    0x080012a6     0x2  stm32f1xx_hal_rcc.o [1]
  .text               ro code  0x080012a8    0x16  strchr.o [5]
  .text               ro code  0x080012c0    0x36  strlen.o [5]
  .text               ro code  0x080012f8    0x58  memchr.o [5]
  .text               ro code  0x08001350     0xa  xmbcurmax.o [3]
  .text               ro code  0x0800135c    0xb0  xxmemxmalloc.o [3]
  .text               ro code  0x0800140c    0x1a  xwctomb.o [3]
  .text               ro code  0x08001428    0x76  ABImemcpy_unaligned.o [5]
  .text               ro code  0x080014a0    0x80  xxmemxfree.o [3]
  .text               ro code  0x08001520    0xee  I64DivMod.o [5]
  .text               ro code  0x0800160e    0x44  xdnorm.o [4]
  .text               ro code  0x08001654    0x2e  DblCmpLe.o [4]
  .text               ro code  0x08001684    0x2e  DblCmpGe.o [4]
  .text               ro code  0x080016b4   0x10c  xdscale.o [4]
  .text               ro code  0x080017c0    0x58  DblToI32.o [4]
  .text               ro code  0x08001818    0x30  I32ToDbl.o [4]
  .text               ro code  0x08001848   0x180  DblSub.o [4]
  .text               ro code  0x080019c8   0x1a2  DblMul.o [4]
  .text               ro code  0x08001b6c   0x256  DblDiv.o [4]
  .text               ro code  0x08001dc4    0x6c  localeconv.o [3]
  .text               ro code  0x08001e30     0xe  div.o [3]
  .text               ro code  0x08001e40    0x14  setlocale.o [3]
  .text               ro code  0x08001e54    0x60  xencoding_sb.o [3]
  .text               ro code  0x08001eb4    0x2c  xgetmemchunk.o [3]
  .text               ro code  0x08001ee0     0x2  I64DivZer.o [5]
  .text               ro code  0x08001ee4    0xd4  DblAdd.o [4]
  .text               ro code  0x08001fb8     0x2  xtls.o [3]
  .text               ro code  0x08001fbc   0x810  stm32f1xx_hal_uart.o [1]
  .text               ro code  0x080027cc   0x118  usart.o [1]
  .text               ro code  0x080028e4     0xc  stm32f1xx_hal.o [1]
  .text               ro code  0x080028f0   0x3b4  stm32f1xx_hal_dma.o [1]
  .text               ro code  0x08002ca4     0x2  stm32f1xx_hal_uart.o [1]
  .text               ro code  0x08002ca6     0x2  stm32f1xx_hal_uart.o [1]
  .text               ro code  0x08002ca8     0x2  stm32f1xx_hal_uart.o [1]
  .text               ro code  0x08002caa     0x2  stm32f1xx_hal_uart.o [1]
  .text               ro code  0x08002cac   0x6f0  stm32f1xx_hal_rcc.o [1]
  .text               ro code  0x0800339c   0x1ee  main.o [1]
  .text               ro code  0x0800358c   0x310  stm32f1xx_hal_gpio.o [1]
  .text               ro code  0x0800389c   0x166  stm32f1xx_hal_cortex.o [1]
  .text               ro code  0x08003a04    0x4c  stm32f1xx_hal.o [1]
  .text               ro code  0x08003a50    0x28  stm32f1xx_hal.o [1]
  .text               ro code  0x08003a78    0x94  gpio.o [1]
  .text               ro code  0x08003b0c    0x30  dma.o [1]
  .text               ro code  0x08003b3c    0x28  stm32f1xx_hal.o [1]
  .text               ro code  0x08003b64    0x24  printf.o [3]
  .text               ro code  0x08003b88    0xac  stm32f1xx_hal_msp.o [1]
  .text               ro code  0x08003c34    0xd6  xfspos.o [3]
  .text               ro code  0x08003d0c    0xb0  fflush.o [3]
  .text               ro code  0x08003dbc     0xc  xfgpos.o [3]
  .text               ro code  0x08003dc8    0x4c  lseek.o [6]
  .text               ro code  0x08003e14     0xc  errno.o [3]
  .text               ro code  0x08003e20     0x4  xsyslock_nop.o [3]
  .text               ro code  0x08003e24    0x10  write.o [6]
  .text               ro code  0x08003e34    0xcc  XShHandles.o [3]
  .text               ro code  0x08003f00    0x1e  dwrite.o [6]
  .text               ro code  0x08003f1e    0x20  iarwstd.o [6]
  .text               ro code  0x08003f3e    0x22  iarwrite.o [6]
  .text               ro code  0x08003f60    0x6c  iarttio.o [6]
  .text               ro code  0x08003fcc     0x8  XShttio.o [3]
  .text               ro code  0x08003fd4    0xb8  xfwprep.o [3]
  .text               ro code  0x0800408c    0x22  fseek.o [3]
  .text               ro code  0x080040b0    0x80  xfofind.o [3]
  .text               ro code  0x08004130    0x7a  fclose.o [3]
  .text               ro code  0x080041aa    0x1a  close.o [6]
  .text               ro code  0x080041c4    0x16  remove.o [6]
  .text               ro code  0x080041dc    0x68  system_stm32f1xx.o [1]
  .text               ro code  0x08004244    0x58  xcloseall.o [3]
  .text               ro code  0x0800429c    0x56  fputc.o [3]
  .text               ro code  0x080042f4    0x40  stm32f1xx_it.o [1]
  .text               ro code  0x08004334    0x18  stm32f1xx_hal.o [1]
  .text               ro code  0x0800434c    0x40  zero_init3.o [5]
  .text               ro code  0x0800438c    0x38  packbits_init_single.o [5]
  .rodata             const    0x080043c4    0x34  main.o [1]
  .rodata             const    0x080043f8    0x34  usart.o [1]
  .text               ro code  0x0800442c    0x28  data_init.o [5]
  .iar.init_table     const    0x08004454    0x20  - Linker created -
  .text               ro code  0x08004474    0x1a  cmain.o [5]
  .text               ro code  0x0800448e     0x4  low_level_init.o [3]
  .text               ro code  0x08004492     0x4  exit.o [3]
  .text               ro code  0x08004498     0xe  cexit.o [5]
  .text               ro code  0x080044a8    0x14  exit.o [6]
  .text               ro code  0x080044bc    0x16  xprout.o [3]
  .text               ro code  0x080044d4     0xc  putchar.o [3]
  .rodata             const    0x080044e0    0x14  main.o [1]
  .rodata             const    0x080044f4    0x10  stm32f1xx_hal_rcc.o [1]
  .rodata             const    0x08004504    0x10  system_stm32f1xx.o [1]
  .text               ro code  0x08004514    0x10  startup_stm32f103xb.o [1]
  .text               ro code  0x08004524     0xc  cstartup_M.o [5]
  .rodata             const    0x08004530     0x8  system_stm32f1xx.o [1]
  .text               ro code  0x08004538     0x4  startup_stm32f103xb.o [1]
  .text               ro code  0x0800453c     0x4  startup_stm32f103xb.o [1]
  .text               ro code  0x08004540     0x4  startup_stm32f103xb.o [1]
  .text               ro code  0x08004544     0x4  startup_stm32f103xb.o [1]
  .text               ro code  0x08004548     0x4  startup_stm32f103xb.o [1]
  .text               ro code  0x0800454c     0x4  startup_stm32f103xb.o [1]
  .text               ro code  0x08004550     0x4  startup_stm32f103xb.o [1]
  .text               ro code  0x08004554     0x4  startup_stm32f103xb.o [1]
  .text               ro code  0x08004558     0x4  startup_stm32f103xb.o [1]
  .text               ro code  0x0800455c     0x4  startup_stm32f103xb.o [1]
  .text               ro code  0x08004560     0x4  startup_stm32f103xb.o [1]
  .text               ro code  0x08004564     0x4  startup_stm32f103xb.o [1]
  .text               ro code  0x08004568     0x4  startup_stm32f103xb.o [1]
  .text               ro code  0x0800456c     0x4  startup_stm32f103xb.o [1]
  .text               ro code  0x08004570     0x4  startup_stm32f103xb.o [1]
  .text               ro code  0x08004574     0x4  startup_stm32f103xb.o [1]
  .text               ro code  0x08004578     0x4  startup_stm32f103xb.o [1]
  .text               ro code  0x0800457c     0x4  startup_stm32f103xb.o [1]
  .text               ro code  0x08004580     0x4  startup_stm32f103xb.o [1]
  .text               ro code  0x08004584     0x4  startup_stm32f103xb.o [1]
  .text               ro code  0x08004588     0x4  startup_stm32f103xb.o [1]
  .text               ro code  0x0800458c     0x4  startup_stm32f103xb.o [1]
  .text               ro code  0x08004590     0x4  startup_stm32f103xb.o [1]
  .text               ro code  0x08004594     0x4  startup_stm32f103xb.o [1]
  .text               ro code  0x08004598     0x4  startup_stm32f103xb.o [1]
  .text               ro code  0x0800459c     0x4  startup_stm32f103xb.o [1]
  .text               ro code  0x080045a0     0x4  startup_stm32f103xb.o [1]
  .text               ro code  0x080045a4     0x4  startup_stm32f103xb.o [1]
  .text               ro code  0x080045a8     0x4  startup_stm32f103xb.o [1]
  .text               ro code  0x080045ac     0x4  startup_stm32f103xb.o [1]
  .text               ro code  0x080045b0     0x4  startup_stm32f103xb.o [1]
  .text               ro code  0x080045b4     0x4  startup_stm32f103xb.o [1]
  .text               ro code  0x080045b8     0x4  startup_stm32f103xb.o [1]
  .text               ro code  0x080045bc     0x4  startup_stm32f103xb.o [1]
  .text               ro code  0x080045c0     0x4  startup_stm32f103xb.o [1]
  .text               ro code  0x080045c4     0x4  startup_stm32f103xb.o [1]
  .text               ro code  0x080045c8     0x4  startup_stm32f103xb.o [1]
  .text               ro code  0x080045cc     0x4  startup_stm32f103xb.o [1]
  .text               ro code  0x080045d0     0x4  startup_stm32f103xb.o [1]
  .text               ro code  0x080045d4     0x4  startup_stm32f103xb.o [1]
  .text               ro code  0x080045d8     0x4  startup_stm32f103xb.o [1]
  .text               ro code  0x080045dc     0x0  cstart_closeall.o [5]
  .rodata             const    0x080045dc     0x0  zero_init3.o [5]
  .rodata             const    0x080045dc     0x0  packbits_init_single.o [5]
  Initializer bytes   const    0x080045dc    0xa3  <for P2-1>
                             - 0x0800467f  0x4593

"P2", part 1 of 3:                          0x209
  P2-1                         0x20000000   0x209  <Init block>
    .data             inited   0x20000000     0xc  main.o [1]
    .data             inited   0x2000000c     0xc  main.o [1]
    .data             inited   0x20000018     0x4  stm32f1xx_hal.o [1]
    .data             inited   0x2000001c     0x4  system_stm32f1xx.o [1]
    .data             inited   0x20000020    0x40  xfiles.o [3]
    .data             inited   0x20000060    0x40  xfiles.o [3]
    .data             inited   0x200000a0    0x40  xfiles.o [3]
    .data             inited   0x200000e0    0x20  xfiles.o [3]
    .data             inited   0x20000100     0x8  XShttio.o [3]
    __DLIB_PERTHREAD  inited   0x20000108    0x88  localeconv.o [3]
    __DLIB_PERTHREAD  inited   0x20000190    0x74  setlocale.o [3]
    __DLIB_PERTHREAD  inited   0x20000204     0x4  errno.o [3]
    .data             inited   0x20000208     0x1  stm32f1xx_hal.o [1]
                             - 0x20000209   0x209

"P2", part 2 of 3:                          0x600
  CSTACK                       0x20000210   0x400  <Block>
    CSTACK            uninit   0x20000210   0x400  <Block tail>
  HEAP                         0x20000610   0x200  <Block>
    HEAP              uninit   0x20000610   0x200  <Block tail>
                             - 0x20000810   0x600

"P2", part 3 of 3:                          0x61c
  .bss                zero     0x20000810   0x404  usart.o [1]
  .bss                zero     0x20000c14    0x80  XShHandles.o [3]
  .bss                zero     0x20000c94    0x64  main.o [1]
  .bss                zero     0x20000cf8    0x50  xfiles.o [3]
  .bss                zero     0x20000d48    0x50  xfiles.o [3]
  .bss                zero     0x20000d98    0x44  usart.o [1]
  .bss                zero     0x20000ddc    0x40  usart.o [1]
  .bss                zero     0x20000e1c     0x8  xxmemxmalloc.o [3]
  .bss                zero     0x20000e24     0x4  stm32f1xx_hal.o [1]
  .bss                zero     0x20000e28     0x4  xgetmemchunk.o [3]
                             - 0x20000e2c   0x61c


*******************************************************************************
*** INIT TABLE
***

          Address     Size
          -------     ----
Zero (__iar_zero_init3)
    1 destination range, total size 0x61c:
          0x20000810  0x61c

Copy/packbits (__iar_packbits_init_single3)
    1 source range, total size 0xa3 (31% of destination):
          0x080045dc   0xa3
    1 destination range, total size 0x209:
          0x20000000  0x209



*******************************************************************************
*** MODULE SUMMARY
***

    Module                  ro code  ro data  rw data
    ------                  -------  -------  -------
C:\Users\test\Desktop\11\zhiwenmokuai\EWARM\zhiwenmokuai\Obj: [1]
    dma.o                        48
    gpio.o                      148
    main.o                      494       79      124
    startup_stm32f103xb.o       416
    stm32f1xx_hal.o             192        2        9
    stm32f1xx_hal_cortex.o      358
    stm32f1xx_hal_dma.o         948
    stm32f1xx_hal_gpio.o        784
    stm32f1xx_hal_msp.o         172
    stm32f1xx_hal_rcc.o       1 776       18
    stm32f1xx_hal_uart.o      2 072
    stm32f1xx_it.o               64
    system_stm32f1xx.o          104       26        4
    usart.o                     280       52    1 160
    -------------------------------------------------
    Total:                    7 856      177    1 297

command line: [2]
    -------------------------------------------------
    Total:

dl7M_tlf.a: [3]
    XShHandles.o                204               128
    XShttio.o                     8        2        8
    div.o                        14
    errno.o                      12        1        4
    exit.o                        4
    fclose.o                    122
    fflush.o                    176
    fputc.o                      86
    fseek.o                      34
    localeconv.o                108       43      136
    low_level_init.o              4
    printf.o                     36
    putchar.o                    12
    setlocale.o                  20       36      116
    xcloseall.o                  88
    xencoding_sb.o               96
    xfgpos.o                     12
    xfiles.o                              70      384
    xfofind.o                   128
    xfspos.o                    214
    xfwprep.o                   184
    xgetmemchunk.o               44                 4
    xmbcurmax.o                  10
    xmbtowc.o                    32
    xprintffull.o             4 506
    xprout.o                     22
    xsyslock_nop.o                4
    xtls.o                        2
    xwctomb.o                    26
    xxmemxfree.o                128
    xxmemxmalloc.o              176                 8
    -------------------------------------------------
    Total:                    6 512      152      788

m7M_tl.a: [4]
    DblAdd.o                    212
    DblCmpGe.o                   46
    DblCmpLe.o                   46
    DblDiv.o                    598
    DblMul.o                    418
    DblSub.o                    384
    DblToI32.o                   88
    I32ToDbl.o                   48
    xdnorm.o                     68
    xdscale.o                   268
    -------------------------------------------------
    Total:                    2 176

rt7M_tl.a: [5]
    ABImemcpy_unaligned.o       118
    I64DivMod.o                 238
    I64DivZer.o                   2
    cexit.o                      14
    cmain.o                      26
    cstart_closeall.o
    cstartup_M.o                 12
    data_init.o                  40
    memchr.o                     88
    packbits_init_single.o       56
    strchr.o                     22
    strlen.o                     54
    zero_init3.o                 64
    -------------------------------------------------
    Total:                      734

shb_l.a: [6]
    close.o                      26
    dwrite.o                     30
    exit.o                       20
    iarttio.o                   108
    iarwrite.o                   34
    iarwstd.o                    32
    lseek.o                      76
    remove.o                     22
    write.o                      16
    -------------------------------------------------
    Total:                      364

    Gaps                         44
    Linker created                        32    1 536
-----------------------------------------------------
    Grand Total:             17 686      361    3 621


*******************************************************************************
*** ENTRY LIST
***

Entry                      Address   Size  Type      Object
-----                      -------   ----  ----      ------
.iar.init_table$$Base   0x08004454          --   Gb  - Linker created -
.iar.init_table$$Limit  0x08004474          --   Gb  - Linker created -
?main                   0x08004475         Code  Gb  cmain.o [5]
AHBPrescTable           0x08004504   0x10  Data  Gb  system_stm32f1xx.o [1]
APBPrescTable           0x08004530    0x8  Data  Gb  system_stm32f1xx.o [1]
BusFault_Handler        0x080042fb    0x2  Code  Gb  stm32f1xx_it.o [1]
CSTACK$$Base            0x20000210          --   Gb  - Linker created -
CSTACK$$Limit           0x20000610          --   Gb  - Linker created -
DMA1_Channel3_IRQHandler
                        0x08004311    0xa  Code  Gb  stm32f1xx_it.o [1]
DMA_SetConfig           0x08002c79   0x2c  Code  Lc  stm32f1xx_hal_dma.o [1]
DebugMon_Handler        0x08004301    0x2  Code  Gb  stm32f1xx_it.o [1]
HAL_DMA_Abort           0x08002a01   0x36  Code  Gb  stm32f1xx_hal_dma.o [1]
HAL_DMA_Abort_IT        0x08002a37   0xb4  Code  Gb  stm32f1xx_hal_dma.o [1]
HAL_DMA_IRQHandler      0x08002aeb  0x16a  Code  Gb  stm32f1xx_hal_dma.o [1]
HAL_DMA_Init            0x080028f1   0x78  Code  Gb  stm32f1xx_hal_dma.o [1]
HAL_DMA_Start_IT        0x08002969   0x98  Code  Gb  stm32f1xx_hal_dma.o [1]
HAL_Delay               0x08003b3d   0x28  Code  Wk  stm32f1xx_hal.o [1]
HAL_GPIO_Init           0x0800358d  0x2ba  Code  Gb  stm32f1xx_hal_gpio.o [1]
HAL_GPIO_WritePin       0x08003847   0x14  Code  Gb  stm32f1xx_hal_gpio.o [1]
HAL_GetTick             0x080028e5    0xc  Code  Wk  stm32f1xx_hal.o [1]
HAL_IncTick             0x08004335   0x18  Code  Wk  stm32f1xx_hal.o [1]
HAL_Init                0x08003a51   0x22  Code  Gb  stm32f1xx_hal.o [1]
HAL_InitTick            0x08003a05   0x4c  Code  Wk  stm32f1xx_hal.o [1]
HAL_MspInit             0x08003b89   0xac  Code  Gb  stm32f1xx_hal_msp.o [1]
HAL_NVIC_EnableIRQ      0x0800399f    0xe  Code  Gb  stm32f1xx_hal_cortex.o [1]
HAL_NVIC_SetPriority    0x08003979   0x26  Code  Gb  stm32f1xx_hal_cortex.o [1]
HAL_NVIC_SetPriorityGrouping
                        0x0800396d    0xc  Code  Gb  stm32f1xx_hal_cortex.o [1]
HAL_RCC_ClockConfig     0x08003103  0x184  Code  Gb  stm32f1xx_hal_rcc.o [1]
HAL_RCC_GetHCLKFreq     0x080032ff    0x6  Code  Gb  stm32f1xx_hal_rcc.o [1]
HAL_RCC_GetPCLK1Freq    0x08003305   0x16  Code  Gb  stm32f1xx_hal_rcc.o [1]
HAL_RCC_GetPCLK2Freq    0x0800331b   0x16  Code  Gb  stm32f1xx_hal_rcc.o [1]
HAL_RCC_GetSysClockFreq
                        0x08003287   0x78  Code  Gb  stm32f1xx_hal_rcc.o [1]
HAL_RCC_OscConfig       0x08002cad  0x456  Code  Gb  stm32f1xx_hal_rcc.o [1]
HAL_SYSTICK_CLKSourceConfig
                        0x080039b9   0x20  Code  Gb  stm32f1xx_hal_cortex.o [1]
HAL_SYSTICK_Callback    0x08003a01    0x2  Code  Wk  stm32f1xx_hal_cortex.o [1]
HAL_SYSTICK_Config      0x080039ad    0xc  Code  Gb  stm32f1xx_hal_cortex.o [1]
HAL_SYSTICK_IRQHandler  0x080039f9    0x8  Code  Gb  stm32f1xx_hal_cortex.o [1]
HAL_UART_DMAStop        0x080021c7   0x76  Code  Gb  stm32f1xx_hal_uart.o [1]
HAL_UART_ErrorCallback  0x08002ca5    0x2  Code  Wk  stm32f1xx_hal_uart.o [1]
HAL_UART_IRQHandler     0x0800223d  0x146  Code  Gb  stm32f1xx_hal_uart.o [1]
HAL_UART_Init           0x08001fbd   0x76  Code  Gb  stm32f1xx_hal_uart.o [1]
HAL_UART_MspInit        0x08002815   0xb2  Code  Gb  usart.o [1]
HAL_UART_Receive_DMA    0x08002111   0xb6  Code  Gb  stm32f1xx_hal_uart.o [1]
HAL_UART_RxCpltCallback
                        0x08002ca7    0x2  Code  Wk  stm32f1xx_hal_uart.o [1]
HAL_UART_RxHalfCpltCallback
                        0x08002ca9    0x2  Code  Wk  stm32f1xx_hal_uart.o [1]
HAL_UART_Transmit       0x08002033   0xde  Code  Gb  stm32f1xx_hal_uart.o [1]
HAL_UART_TxCpltCallback
                        0x08002cab    0x2  Code  Wk  stm32f1xx_hal_uart.o [1]
HEAP$$Base              0x20000610          --   Gb  - Linker created -
HEAP$$Limit             0x20000810          --   Gb  - Linker created -
HardFault_Handler       0x080042f7    0x2  Code  Gb  stm32f1xx_it.o [1]
LoadInt                 0x08000763   0x6e  Code  Lc  xprintffull.o [3]
MX_DMA_Init             0x08003b0d   0x30  Code  Gb  dma.o [1]
MX_GPIO_Init            0x08003a79   0x94  Code  Gb  gpio.o [1]
MX_USART3_UART_Init     0x080027cd   0x48  Code  Gb  usart.o [1]
MemManage_Handler       0x080042f9    0x2  Code  Gb  stm32f1xx_it.o [1]
NMI_Handler             0x080042f5    0x2  Code  Gb  stm32f1xx_it.o [1]
NVIC_EnableIRQ          0x080038c5   0x14  Code  Lc  stm32f1xx_hal_cortex.o [1]
NVIC_EncodePriority     0x080038ff   0x3e  Code  Lc  stm32f1xx_hal_cortex.o [1]
NVIC_GetPriorityGrouping
                        0x080038bb    0xa  Code  Lc  stm32f1xx_hal_cortex.o [1]
NVIC_SetPriority        0x080038d9   0x26  Code  Lc  stm32f1xx_hal_cortex.o [1]
NVIC_SetPriorityGrouping
                        0x0800389d   0x1e  Code  Lc  stm32f1xx_hal_cortex.o [1]
PS_ValidTempleteNum     0x0800350b   0x54  Code  Gb  main.o [1]
PS_ValidTempleteNum_buf
                        0x2000000c    0xc  Data  Gb  main.o [1]
PendSV_Handler          0x08004303    0x2  Code  Gb  stm32f1xx_it.o [1]
RCC_Delay               0x08003331   0x26  Code  Lc  stm32f1xx_hal_rcc.o [1]
Region$$Table$$Base     0x08004454          --   Gb  - Linker created -
Region$$Table$$Limit    0x08004474          --   Gb  - Linker created -
SVC_Handler             0x080042ff    0x2  Code  Gb  stm32f1xx_it.o [1]
SysTick_Config          0x0800393d   0x30  Code  Lc  stm32f1xx_hal_cortex.o [1]
SysTick_Handler         0x08004305    0xc  Code  Gb  stm32f1xx_it.o [1]
SystemClock_Config      0x0800342f   0x8c  Code  Gb  main.o [1]
SystemCoreClock         0x2000001c    0x4  Data  Gb  system_stm32f1xx.o [1]
SystemInit              0x080041dd   0x4e  Code  Gb  system_stm32f1xx.o [1]
UART3_TYPE              0x20000810  0x404  Data  Gb  usart.o [1]
UART_DMAAbortOnError    0x080024d9   0x16  Code  Lc  stm32f1xx_hal_uart.o [1]
UART_DMAError           0x080023d9   0x5c  Code  Lc  stm32f1xx_hal_uart.o [1]
UART_DMAReceiveCplt     0x08002385   0x44  Code  Lc  stm32f1xx_hal_uart.o [1]
UART_DMARxHalfCplt      0x080023c9    0xe  Code  Lc  stm32f1xx_hal_uart.o [1]
UART_EndRxTransfer      0x080024b9   0x20  Code  Lc  stm32f1xx_hal_uart.o [1]
UART_EndTransmit_IT     0x0800255f   0x20  Code  Lc  stm32f1xx_hal_uart.o [1]
UART_EndTxTransfer      0x080024a5   0x14  Code  Lc  stm32f1xx_hal_uart.o [1]
UART_Receive_IT         0x0800257f   0xae  Code  Lc  stm32f1xx_hal_uart.o [1]
UART_SetConfig          0x0800262d  0x198  Code  Lc  stm32f1xx_hal_uart.o [1]
UART_Transmit_IT        0x080024f1   0x6e  Code  Lc  stm32f1xx_hal_uart.o [1]
UART_WaitOnFlagUntilTimeout
                        0x08002435   0x70  Code  Lc  stm32f1xx_hal_uart.o [1]
USART3_IRQHandler       0x0800431b   0x10  Code  Gb  stm32f1xx_it.o [1]
UsageFault_Handler      0x080042fd    0x2  Code  Gb  stm32f1xx_it.o [1]
UsartReceive_IDLE       0x080034bb   0x50  Code  Gb  main.o [1]
_Close_all              0x08004245   0x58  Code  Gb  xcloseall.o [3]
_EncodingSb_Mbtowc      0x08001e6f   0x30  Code  Gb  xencoding_sb.o [3]
_EncodingSb_Mbtowc::initial
                        0x08001eac    0x8  Data  Lc  xencoding_sb.o [3]
_EncodingSb_Wctomb      0x08001e55   0x1a  Code  Gb  xencoding_sb.o [3]
_EncodingSb_Wctomb::initial
                        0x08001ea4    0x8  Data  Lc  xencoding_sb.o [3]
_Error_Handler          0x08003589    0x2  Code  Gb  main.o [1]
_Files                  0x200000e0   0x20  Data  Gb  xfiles.o [3]
_Fofree                 0x080040b1   0x78  Code  Gb  xfofind.o [3]
_Fspos                  0x08003c35   0xd6  Code  Gb  xfspos.o [3]
_Fwprep                 0x08003fd5   0xb8  Code  Gb  xfwprep.o [3]
_GenldFull              0x08000fe9  0x254  Code  Lc  xprintffull.o [3]
_IsdstStr               0x20000194    0x4  Data  Gb  setlocale.o [3]
_LdtobFull              0x08000be9  0x3fa  Code  Lc  xprintffull.o [3]
_LitobFull              0x08000add  0x10a  Code  Lc  xprintffull.o [3]
_LocaleEncoding         0x08001e41    0xe  Code  Gb  setlocale.o [3]
_LocaleReturnString     0x200001b4   0x50  Data  Lc  setlocale.o [3]
_Locale_Profile         0x20000198   0x1c  Data  Gb  setlocale.o [3]
_Locale_aeabi_lconv     0x20000158   0x38  Data  Gb  localeconv.o [3]
_Locale_lconv           0x20000108   0x50  Data  Gb  localeconv.o [3]
_Mbtowc                 0x08001287   0x20  Code  Gb  xmbtowc.o [3]
_Nnl                    0x08003dbd    0xc  Code  Gb  xfgpos.o [3]
_PrintfFull             0x080000ed  0x660  Code  Gb  xprintffull.o [3]
_Prout                  0x080044bd   0x16  Code  Gb  xprout.o [3]
_PutcharsFull           0x0800123d   0x2e  Code  Lc  xprintffull.o [3]
_PutstrFull             0x080007d1  0x306  Code  Lc  xprintffull.o [3]
_TzoneStr               0x20000190    0x4  Data  Gb  setlocale.o [3]
_Wctomb                 0x0800140d   0x1a  Code  Gb  xwctomb.o [3]
__aeabi_cdcmple         0x08001655         Code  Gb  DblCmpLe.o [4]
__aeabi_cdrcmple        0x08001685         Code  Gb  DblCmpGe.o [4]
__aeabi_d2iz            0x080017c1         Code  Gb  DblToI32.o [4]
__aeabi_d2uiz           0x080017ed         Code  Gb  DblToI32.o [4]
__aeabi_ddiv            0x08001b6d         Code  Gb  DblDiv.o [4]
__aeabi_dmul            0x080019c9         Code  Gb  DblMul.o [4]
__aeabi_dsub            0x08001849         Code  Gb  DblSub.o [4]
__aeabi_errno_addr      0x08003e15    0x6  Code  Gb  errno.o [3]
__aeabi_i2d             0x08001819         Code  Gb  I32ToDbl.o [4]
__aeabi_ldiv0           0x08001ee1         Code  Gb  I64DivZer.o [5]
__aeabi_ui2d            0x0800182d         Code  Gb  I32ToDbl.o [4]
__aeabi_uldivmod        0x08001521         Code  Gb  I64DivMod.o [5]
__cexit_closeall        0x0800449b         Code  Gb  cexit.o [5]
__close                 0x080041ab   0x1a  Code  Gb  close.o [6]
__cmain                 0x08004475         Code  Gb  cmain.o [5]
__cstart_closeall       0x080045dc         Data  Gb  cstart_closeall.o [5]
__data_Aldata           0x20000e1c    0x8  Data  Gb  xxmemxmalloc.o [3]
__data_GetMemChunk      0x08001eb5   0x2c  Code  Gb  xgetmemchunk.o [3]
__data_GetMemChunk::start
                        0x20000e28    0x4  Data  Lc  xgetmemchunk.o [3]
__dwrite                0x08003f01   0x1e  Code  Gb  dwrite.o [6]
__exit                  0x080044a9   0x14  Code  Gb  exit.o [6]
__iar_Dnorm             0x0800160f   0x44  Code  Gb  xdnorm.o [4]
__iar_Dscale            0x080016b5  0x10c  Code  Gb  xdscale.o [4]
__iar_Errno             0x20000204    0x4  Data  Gb  errno.o [3]
__iar_Locale_lconv_init
                        0x08001dc5   0x3a  Code  Gb  localeconv.o [3]
__iar_Lockfilelock      0x08003e21    0x2  Code  Gb  xsyslock_nop.o [3]
__iar_Mbcurmax          0x08001351    0xa  Code  Gb  xmbcurmax.o [3]
__iar_Memchr            0x080012f9         Code  Gb  memchr.o [5]
__iar_Stderr            0x200000a0   0x40  Data  Gb  xfiles.o [3]
__iar_Stdin             0x20000020   0x40  Data  Gb  xfiles.o [3]
__iar_Stdout            0x20000060   0x40  Data  Gb  xfiles.o [3]
__iar_Strchr            0x080012a9         Code  Gb  strchr.o [5]
__iar_Unlockfilelock    0x08003e23    0x2  Code  Gb  xsyslock_nop.o [3]
__iar_close_ttio        0x08003f61   0x2e  Code  Gb  iarttio.o [6]
__iar_d2uiz             0x080017f9         Code  Gb  DblToI32.o [4]
__iar_dadd              0x08001ee5         Code  Gb  DblAdd.o [4]
__iar_data_init3        0x0800442d   0x28  Code  Gb  data_init.o [5]
__iar_dlib_perthread_access
                        0x08001fb9    0x2  Code  Gb  xtls.o [3]
__iar_dsub              0x0800185d         Code  Gb  DblSub.o [4]
__iar_dsubStart         0x0800186f         Code  Gb  DblSub.o [4]
__iar_get_ttio          0x08003f91   0x38  Code  Gb  iarttio.o [6]
__iar_lookup_ttioh      0x08003fcd    0x8  Code  Gb  XShttio.o [3]
__iar_packbits_init_single3
                        0x0800438d   0x38  Code  Gb  packbits_init_single.o [5]
__iar_program_start     0x08004525         Code  Gb  cstartup_M.o [5]
__iar_sh_Discard        0x08003e35   0x3e  Code  Gb  XShHandles.o [3]
__iar_sh_Move           0x08003e79   0x46  Code  Gb  XShHandles.o [3]
__iar_sh_Pos            0x08003ebf   0x3e  Code  Gb  XShHandles.o [3]
__iar_sh_stdout         0x08003f1f   0x20  Code  Gb  iarwstd.o [6]
__iar_sh_write          0x08003f3f   0x22  Code  Gb  iarwrite.o [6]
__iar_ttio_handles      0x20000100    0x8  Data  Lc  XShttio.o [3]
__iar_ui2d              0x08001831         Code  Gb  I32ToDbl.o [4]
__iar_unaligned___aeabi_memcpy
                        0x08001429         Code  Gb  ABImemcpy_unaligned.o [5]
__iar_unaligned___aeabi_memcpy4
                        0x08001449         Code  Gb  ABImemcpy_unaligned.o [5]
__iar_unaligned___aeabi_memcpy8
                        0x08001449         Code  Gb  ABImemcpy_unaligned.o [5]
__iar_zero_init3        0x0800434d   0x40  Code  Gb  zero_init3.o [5]
__low_level_init        0x0800448f    0x4  Code  Gb  low_level_init.o [3]
__lseek                 0x08003dc9   0x4c  Code  Gb  lseek.o [6]
__vector_table          0x08000000         Data  Gb  startup_stm32f103xb.o [1]
__write                 0x08003e25   0x10  Code  Gb  write.o [6]
_call_main              0x08004481         Code  Gb  cmain.o [5]
_exit                   0x08004499         Code  Gb  cexit.o [5]
_main                   0x0800448b         Code  Gb  cmain.o [5]
check                   0x20000000    0xc  Data  Gb  main.o [1]
data                    0x20000c94   0x64  Data  Gb  main.o [1]
div                     0x08001e31    0xe  Code  Gb  div.o [3]
ebuf                    0x20000cf8   0x50  Data  Lc  xfiles.o [3]
exit                    0x08004493    0x4  Code  Gb  exit.o [3]
fclose                  0x08004131   0x7a  Code  Gb  fclose.o [3]
fflush                  0x08003d83   0x34  Code  Gb  fflush.o [3]
fflushOne               0x08003d0d   0x76  Code  Lc  fflush.o [3]
fputc                   0x0800429d   0x56  Code  Gb  fputc.o [3]
free                    0x080014a1   0x7a  Code  Gb  xxmemxfree.o [3]
fseek                   0x0800408d   0x22  Code  Gb  fseek.o [3]
hdma_usart3_rx          0x20000d98   0x44  Data  Gb  usart.o [1]
huart3                  0x20000ddc   0x40  Data  Gb  usart.o [1]
localeconv              0x08001dff   0x16  Code  Gb  localeconv.o [3]
main                    0x0800339d   0x92  Code  Gb  main.o [1]
malloc                  0x0800135d   0xac  Code  Gb  xxmemxmalloc.o [3]
memchr                  0x080012f9         Code  Gb  memchr.o [5]
obuf                    0x20000d48   0x50  Data  Lc  xfiles.o [3]
printf                  0x08003b65   0x24  Code  Gb  printf.o [3]
putchar                 0x080044d5    0xc  Code  Gb  putchar.o [3]
remove                  0x080041c5   0x16  Code  Gb  remove.o [6]
sFileInfo               0x20000c14   0x80  Data  Lc  XShHandles.o [3]
strchr                  0x080012a9         Code  Gb  strchr.o [5]
strlen                  0x080012c1         Code  Gb  strlen.o [5]
uwTick                  0x20000e24    0x4  Data  Gb  stm32f1xx_hal.o [1]
uwTickFreq              0x20000208    0x1  Data  Gb  stm32f1xx_hal.o [1]
uwTickPrio              0x20000018    0x4  Data  Gb  stm32f1xx_hal.o [1]


[1] = C:\Users\test\Desktop\11\zhiwenmokuai\EWARM\zhiwenmokuai\Obj
[2] = command line
[3] = dl7M_tlf.a
[4] = m7M_tl.a
[5] = rt7M_tl.a
[6] = shb_l.a

  17 686 bytes of readonly  code memory
     361 bytes of readonly  data memory
   3 621 bytes of readwrite data memory

Errors: none
Warnings: none
