###############################################################################
#
# IAR ELF Linker V7.80.4.12462/W32 for ARM                23/Oct/2018  15:15:48
# Copyright 2007-2017 IAR Systems AB.
#
#    Output file  =  
#        C:\Users\test\Desktop\11\shoutai\EWARM\shoutai\Exe\shoutai.out
#    Map file     =  
#        C:\Users\test\Desktop\11\shoutai\EWARM\shoutai\List\shoutai.map
#    Command line =  
#        C:\Users\test\Desktop\11\shoutai\EWARM\shoutai\Obj\main.o
#        C:\Users\test\Desktop\11\shoutai\EWARM\shoutai\Obj\startup_stm32f746xx.o
#        C:\Users\test\Desktop\11\shoutai\EWARM\shoutai\Obj\stm32f7xx_hal.o
#        C:\Users\test\Desktop\11\shoutai\EWARM\shoutai\Obj\stm32f7xx_hal_cortex.o
#        C:\Users\test\Desktop\11\shoutai\EWARM\shoutai\Obj\stm32f7xx_hal_dma.o
#        C:\Users\test\Desktop\11\shoutai\EWARM\shoutai\Obj\stm32f7xx_hal_dma_ex.o
#        C:\Users\test\Desktop\11\shoutai\EWARM\shoutai\Obj\stm32f7xx_hal_flash.o
#        C:\Users\test\Desktop\11\shoutai\EWARM\shoutai\Obj\stm32f7xx_hal_flash_ex.o
#        C:\Users\test\Desktop\11\shoutai\EWARM\shoutai\Obj\stm32f7xx_hal_gpio.o
#        C:\Users\test\Desktop\11\shoutai\EWARM\shoutai\Obj\stm32f7xx_hal_i2c.o
#        C:\Users\test\Desktop\11\shoutai\EWARM\shoutai\Obj\stm32f7xx_hal_i2c_ex.o
#        C:\Users\test\Desktop\11\shoutai\EWARM\shoutai\Obj\stm32f7xx_hal_msp.o
#        C:\Users\test\Desktop\11\shoutai\EWARM\shoutai\Obj\stm32f7xx_hal_pwr.o
#        C:\Users\test\Desktop\11\shoutai\EWARM\shoutai\Obj\stm32f7xx_hal_pwr_ex.o
#        C:\Users\test\Desktop\11\shoutai\EWARM\shoutai\Obj\stm32f7xx_hal_rcc.o
#        C:\Users\test\Desktop\11\shoutai\EWARM\shoutai\Obj\stm32f7xx_hal_rcc_ex.o
#        C:\Users\test\Desktop\11\shoutai\EWARM\shoutai\Obj\stm32f7xx_hal_tim.o
#        C:\Users\test\Desktop\11\shoutai\EWARM\shoutai\Obj\stm32f7xx_hal_tim_ex.o
#        C:\Users\test\Desktop\11\shoutai\EWARM\shoutai\Obj\stm32f7xx_hal_uart.o
#        C:\Users\test\Desktop\11\shoutai\EWARM\shoutai\Obj\stm32f7xx_it.o
#        C:\Users\test\Desktop\11\shoutai\EWARM\shoutai\Obj\system_stm32f7xx.o
#        --redirect _Printf=_PrintfFull --redirect _Scanf=_ScanfFull -o
#        C:\Users\test\Desktop\11\shoutai\EWARM\shoutai\Exe\shoutai.out --map
#        C:\Users\test\Desktop\11\shoutai\EWARM\shoutai\List\shoutai.map
#        --config C:\Users\test\Desktop\11\shoutai\EWARM/stm32f746xx_flash.icf
#        --semihosting --entry __iar_program_start --vfe
#
###############################################################################

*******************************************************************************
*** RUNTIME MODEL ATTRIBUTES
***

CppFlavor                     = *
__Heap_Handler                = Basic
__SystemLibrary               = DLib
__dlib_dynamic_initialization = normal


*******************************************************************************
*** PLACEMENT SUMMARY
***

"A0":  place at 0x08000000 { ro section .intvec };
"P1":  place in [from 0x08000000 to 0x080fffff] { ro };
"P2":  place in [from 0x20000000 to 0x2004ffff] { rw, block CSTACK, block HEAP };
initialize by copy { rw };

  Section             Kind        Address    Size  Object
  -------             ----        -------    ----  ------
"A0":                                       0x1c8
  .intvec             ro code  0x08000000   0x1c8  startup_stm32f746xx.o [1]
                             - 0x080001c8   0x1c8

"P1":                                      0x3ba6
  .text               ro code  0x080001c8  0x119a  xprintffull.o [3]
  .text               ro code  0x08001362    0x20  xmbtowc.o [3]
  .text               ro code  0x08001384    0x16  strchr.o [5]
  .text               ro code  0x0800139c    0x36  strlen.o [5]
  .text               ro code  0x080013d4    0x58  memchr.o [5]
  .text               ro code  0x0800142c     0xa  xmbcurmax.o [3]
  .text               ro code  0x08001438    0xb0  xxmemxmalloc.o [3]
  .text               ro code  0x080014e8    0x1a  xwctomb.o [3]
  .text               ro code  0x08001504    0x76  ABImemcpy_unaligned.o [5]
  .text               ro code  0x0800157c    0x80  xxmemxfree.o [3]
  .text               ro code  0x080015fc    0xee  I64DivMod.o [5]
  .text               ro code  0x080016ea    0x44  xdnorm.o [4]
  .text               ro code  0x08001730    0x2e  DblCmpLe.o [4]
  .text               ro code  0x08001760    0x2e  DblCmpGe.o [4]
  .text               ro code  0x08001790   0x114  xdscale.o [4]
  .text               ro code  0x080018a4    0x58  DblToI32.o [4]
  .text               ro code  0x080018fc    0x30  I32ToDbl.o [4]
  .text               ro code  0x0800192c   0x180  DblSub.o [4]
  .text               ro code  0x08001aac   0x1a2  DblMul.o [4]
  .text               ro code  0x08001c50   0x256  DblDiv.o [4]
  .text               ro code  0x08001ea8    0x6c  localeconv.o [3]
  .text               ro code  0x08001f14     0xe  div.o [3]
  .text               ro code  0x08001f24    0x14  setlocale.o [3]
  .text               ro code  0x08001f38    0x60  xencoding_sb.o [3]
  .text               ro code  0x08001f98    0x2c  xgetmemchunk.o [3]
  .text               ro code  0x08001fc4     0x2  I64DivZer.o [5]
  .text               ro code  0x08001fc8    0xd4  DblAdd.o [4]
  .text               ro code  0x0800209c     0x2  xtls.o [3]
  .text               ro code  0x080020a0   0x780  stm32f7xx_hal_uart.o [1]
  .text               ro code  0x08002820   0x12c  stm32f7xx_hal_msp.o [1]
  .text               ro code  0x0800294c     0xc  stm32f7xx_hal.o [1]
  .text               ro code  0x08002958    0x24  stm32f7xx_hal_dma.o [1]
  .text               ro code  0x0800297c     0x2  stm32f7xx_hal_uart.o [1]
  .text               ro code  0x0800297e     0x2  stm32f7xx_hal_uart.o [1]
  .text               ro code  0x08002980   0x310  main.o [1]
  .text               ro code  0x08002c90   0x470  stm32f7xx_hal_rcc.o [1]
  .text               ro code  0x08003100    0xde  stm32f7xx_hal_cortex.o [1]
  .text               ro code  0x080031e0   0x1f0  stm32f7xx_hal_gpio.o [1]
  .text               ro code  0x080033d0    0x16  stm32f7xx_hal.o [1]
  .text               ro code  0x080033e8    0x24  printf.o [3]
  .text               ro code  0x0800340c     0x6  ABImemclr4.o [5]
  .text               ro code  0x08003414    0x28  stm32f7xx_hal.o [1]
  .text               ro code  0x0800343c    0x76  stm32f7xx_hal_pwr_ex.o [1]
  .text               ro code  0x080034b4   0x46c  stm32f7xx_hal_rcc_ex.o [1]
  .text               ro code  0x08003920    0x40  stm32f7xx_hal.o [1]
  .text               ro code  0x08003960    0x32  ABImemset48.o [5]
  .text               ro code  0x08003994    0x60  system_stm32f7xx.o [1]
  .text               ro code  0x080039f4    0x40  zero_init3.o [5]
  .text               ro code  0x08003a34    0x38  packbits_init_single.o [5]
  .text               ro code  0x08003a6c    0x34  stm32f7xx_it.o [1]
  .text               ro code  0x08003aa0    0x10  stm32f7xx_hal.o [1]
  .text               ro code  0x08003ab0    0x28  data_init.o [5]
  .text               ro code  0x08003ad8    0x22  fpinit_M.o [4]
  .iar.init_table     const    0x08003afc    0x20  - Linker created -
  .text               ro code  0x08003b1c    0x1a  cmain.o [5]
  .text               ro code  0x08003b36     0x4  low_level_init.o [3]
  .text               ro code  0x08003b3a     0x4  exit.o [3]
  .text               ro code  0x08003b40     0xa  cexit.o [5]
  .text               ro code  0x08003b4c    0x14  exit.o [6]
  .text               ro code  0x08003b60    0x16  xprout.o [3]
  .text               ro code  0x08003b78     0xc  putchar.o [3]
  .text               ro code  0x08003b84    0x10  startup_stm32f746xx.o [1]
  .text               ro code  0x08003b94     0xc  cstartup_M.o [5]
  .rodata             const    0x08003ba0     0x8  system_stm32f7xx.o [1]
  .text               ro code  0x08003ba8     0x4  startup_stm32f746xx.o [1]
  .text               ro code  0x08003bac     0x4  startup_stm32f746xx.o [1]
  .text               ro code  0x08003bb0     0x4  startup_stm32f746xx.o [1]
  .text               ro code  0x08003bb4     0x4  startup_stm32f746xx.o [1]
  .text               ro code  0x08003bb8     0x4  startup_stm32f746xx.o [1]
  .text               ro code  0x08003bbc     0x4  startup_stm32f746xx.o [1]
  .text               ro code  0x08003bc0     0x4  startup_stm32f746xx.o [1]
  .text               ro code  0x08003bc4     0x4  startup_stm32f746xx.o [1]
  .text               ro code  0x08003bc8     0x4  startup_stm32f746xx.o [1]
  .text               ro code  0x08003bcc     0x4  startup_stm32f746xx.o [1]
  .text               ro code  0x08003bd0     0x4  startup_stm32f746xx.o [1]
  .text               ro code  0x08003bd4     0x4  startup_stm32f746xx.o [1]
  .text               ro code  0x08003bd8     0x4  startup_stm32f746xx.o [1]
  .text               ro code  0x08003bdc     0x4  startup_stm32f746xx.o [1]
  .text               ro code  0x08003be0     0x4  startup_stm32f746xx.o [1]
  .text               ro code  0x08003be4     0x4  startup_stm32f746xx.o [1]
  .text               ro code  0x08003be8     0x4  startup_stm32f746xx.o [1]
  .text               ro code  0x08003bec     0x4  startup_stm32f746xx.o [1]
  .text               ro code  0x08003bf0     0x4  startup_stm32f746xx.o [1]
  .text               ro code  0x08003bf4     0x4  startup_stm32f746xx.o [1]
  .text               ro code  0x08003bf8     0x4  startup_stm32f746xx.o [1]
  .text               ro code  0x08003bfc     0x4  startup_stm32f746xx.o [1]
  .text               ro code  0x08003c00     0x4  startup_stm32f746xx.o [1]
  .text               ro code  0x08003c04     0x4  startup_stm32f746xx.o [1]
  .text               ro code  0x08003c08     0x4  startup_stm32f746xx.o [1]
  .text               ro code  0x08003c0c     0x4  startup_stm32f746xx.o [1]
  .text               ro code  0x08003c10     0x4  startup_stm32f746xx.o [1]
  .text               ro code  0x08003c14     0x4  startup_stm32f746xx.o [1]
  .text               ro code  0x08003c18     0x4  startup_stm32f746xx.o [1]
  .text               ro code  0x08003c1c     0x4  startup_stm32f746xx.o [1]
  .text               ro code  0x08003c20     0x4  startup_stm32f746xx.o [1]
  .text               ro code  0x08003c24     0x4  startup_stm32f746xx.o [1]
  .text               ro code  0x08003c28     0x4  startup_stm32f746xx.o [1]
  .text               ro code  0x08003c2c     0x4  startup_stm32f746xx.o [1]
  .text               ro code  0x08003c30     0x4  startup_stm32f746xx.o [1]
  .text               ro code  0x08003c34     0x4  startup_stm32f746xx.o [1]
  .text               ro code  0x08003c38     0x4  startup_stm32f746xx.o [1]
  .text               ro code  0x08003c3c     0x4  startup_stm32f746xx.o [1]
  .text               ro code  0x08003c40     0x4  startup_stm32f746xx.o [1]
  .text               ro code  0x08003c44     0x4  startup_stm32f746xx.o [1]
  .text               ro code  0x08003c48     0x4  startup_stm32f746xx.o [1]
  .text               ro code  0x08003c4c     0x4  startup_stm32f746xx.o [1]
  .text               ro code  0x08003c50     0x4  startup_stm32f746xx.o [1]
  .text               ro code  0x08003c54     0x4  startup_stm32f746xx.o [1]
  .text               ro code  0x08003c58     0x4  startup_stm32f746xx.o [1]
  .text               ro code  0x08003c5c     0x4  startup_stm32f746xx.o [1]
  .text               ro code  0x08003c60     0x4  startup_stm32f746xx.o [1]
  .text               ro code  0x08003c64     0x4  startup_stm32f746xx.o [1]
  .text               ro code  0x08003c68     0x4  startup_stm32f746xx.o [1]
  .text               ro code  0x08003c6c     0x4  startup_stm32f746xx.o [1]
  .text               ro code  0x08003c70     0x4  startup_stm32f746xx.o [1]
  .text               ro code  0x08003c74     0x4  startup_stm32f746xx.o [1]
  .text               ro code  0x08003c78     0x4  startup_stm32f746xx.o [1]
  .text               ro code  0x08003c7c     0x4  startup_stm32f746xx.o [1]
  .text               ro code  0x08003c80     0x4  startup_stm32f746xx.o [1]
  .text               ro code  0x08003c84     0x4  startup_stm32f746xx.o [1]
  .text               ro code  0x08003c88     0x4  startup_stm32f746xx.o [1]
  .text               ro code  0x08003c8c     0x4  startup_stm32f746xx.o [1]
  .text               ro code  0x08003c90     0x4  startup_stm32f746xx.o [1]
  .text               ro code  0x08003c94     0x4  startup_stm32f746xx.o [1]
  .text               ro code  0x08003c98     0x4  startup_stm32f746xx.o [1]
  .text               ro code  0x08003c9c     0x4  startup_stm32f746xx.o [1]
  .text               ro code  0x08003ca0     0x4  startup_stm32f746xx.o [1]
  .text               ro code  0x08003ca4     0x4  startup_stm32f746xx.o [1]
  .text               ro code  0x08003ca8     0x4  startup_stm32f746xx.o [1]
  .text               ro code  0x08003cac     0x4  startup_stm32f746xx.o [1]
  .text               ro code  0x08003cb0     0x4  startup_stm32f746xx.o [1]
  .text               ro code  0x08003cb4     0x4  startup_stm32f746xx.o [1]
  .text               ro code  0x08003cb8     0x4  startup_stm32f746xx.o [1]
  .text               ro code  0x08003cbc     0x4  startup_stm32f746xx.o [1]
  .text               ro code  0x08003cc0     0x4  startup_stm32f746xx.o [1]
  .text               ro code  0x08003cc4     0x4  startup_stm32f746xx.o [1]
  .text               ro code  0x08003cc8     0x4  startup_stm32f746xx.o [1]
  .text               ro code  0x08003ccc     0x4  startup_stm32f746xx.o [1]
  .text               ro code  0x08003cd0     0x4  startup_stm32f746xx.o [1]
  .text               ro code  0x08003cd4     0x4  startup_stm32f746xx.o [1]
  .text               ro code  0x08003cd8     0x4  startup_stm32f746xx.o [1]
  .text               ro code  0x08003cdc     0x4  startup_stm32f746xx.o [1]
  .text               ro code  0x08003ce0     0x4  startup_stm32f746xx.o [1]
  .text               ro code  0x08003ce4     0x4  startup_stm32f746xx.o [1]
  .text               ro code  0x08003ce8     0x4  startup_stm32f746xx.o [1]
  .text               ro code  0x08003cec     0x4  startup_stm32f746xx.o [1]
  .text               ro code  0x08003cf0     0x4  startup_stm32f746xx.o [1]
  .text               ro code  0x08003cf4     0x4  startup_stm32f746xx.o [1]
  .text               ro code  0x08003cf8     0x4  startup_stm32f746xx.o [1]
  .text               ro code  0x08003cfc     0x4  startup_stm32f746xx.o [1]
  .text               ro code  0x08003d00     0x4  startup_stm32f746xx.o [1]
  .text               ro code  0x08003d04     0x4  startup_stm32f746xx.o [1]
  .text               ro code  0x08003d08     0x4  startup_stm32f746xx.o [1]
  .text               ro code  0x08003d0c     0x4  startup_stm32f746xx.o [1]
  .text               ro code  0x08003d10     0x4  startup_stm32f746xx.o [1]
  .text               ro code  0x08003d14     0x4  startup_stm32f746xx.o [1]
  .text               ro code  0x08003d18     0x4  startup_stm32f746xx.o [1]
  .text               ro code  0x08003d1c     0x4  startup_stm32f746xx.o [1]
  .text               ro code  0x08003d20     0x4  startup_stm32f746xx.o [1]
  .rodata             const    0x08003d24     0x0  zero_init3.o [5]
  .rodata             const    0x08003d24     0x0  packbits_init_single.o [5]
  Initializer bytes   const    0x08003d24    0x4a  <for P2-1>
                             - 0x08003d6e  0x3ba6

"P2", part 1 of 3:                          0x1cc
  P2-1                         0x20000000   0x1cc  <Init block>
    .data             inited   0x20000000    0x80  main.o [1]
    .data             inited   0x20000080     0xc  stm32f7xx_hal.o [1]
    .data             inited   0x2000008c     0x4  system_stm32f7xx.o [1]
    .data             inited   0x20000090    0x40  xfiles.o [3]
    __DLIB_PERTHREAD  inited   0x200000d0    0x88  localeconv.o [3]
    __DLIB_PERTHREAD  inited   0x20000158    0x74  setlocale.o [3]
                             - 0x200001cc   0x1cc

"P2", part 2 of 3:                          0x600
  CSTACK                       0x200001d0   0x400  <Block>
    CSTACK            uninit   0x200001d0   0x400  <Block tail>
  HEAP                         0x200005d0   0x200  <Block>
    HEAP              uninit   0x200005d0   0x200  <Block tail>
                             - 0x200007d0   0x600

"P2", part 3 of 3:                          0x8d4
  .bss                zero     0x200007d0   0x402  main.o [1]
  .bss                zero     0x20000bd4   0x400  main.o [1]
  .bss                zero     0x20000fd4    0x70  main.o [1]
  .bss                zero     0x20001044    0x50  xfiles.o [3]
  .bss                zero     0x20001094     0x8  xxmemxmalloc.o [3]
  .bss                zero     0x2000109c     0x4  main.o [1]
  .bss                zero     0x200010a0     0x4  xgetmemchunk.o [3]
                             - 0x200010a4   0x8d4


*******************************************************************************
*** INIT TABLE
***

          Address     Size
          -------     ----
Zero (__iar_zero_init3)
    1 destination range, total size 0x8d4:
          0x200007d0  0x8d4

Copy/packbits (__iar_packbits_init_single3)
    1 source range, total size 0x4a (16% of destination):
          0x08003d24   0x4a
    1 destination range, total size 0x1cc:
          0x20000000  0x1cc



*******************************************************************************
*** MODULE SUMMARY
***

    Module                  ro code  ro data  rw data
    ------                  -------  -------  -------
C:\Users\test\Desktop\11\shoutai\EWARM\shoutai\Obj: [1]
    main.o                      784       20    2 294
    startup_stm32f746xx.o       852
    stm32f7xx_hal.o             154        2       12
    stm32f7xx_hal_cortex.o      222
    stm32f7xx_hal_dma.o          36
    stm32f7xx_hal_gpio.o        496
    stm32f7xx_hal_msp.o         300
    stm32f7xx_hal_pwr_ex.o      118
    stm32f7xx_hal_rcc.o       1 136
    stm32f7xx_hal_rcc_ex.o    1 132
    stm32f7xx_hal_uart.o      1 924
    stm32f7xx_it.o               52
    system_stm32f7xx.o           96        9        4
    -------------------------------------------------
    Total:                    7 302       31    2 310

command line: [2]
    -------------------------------------------------
    Total:

dl7M_tlf.a: [3]
    div.o                        14
    exit.o                        4
    localeconv.o                108       22      136
    low_level_init.o              4
    printf.o                     36
    putchar.o                    12
    setlocale.o                  20       19      116
    xencoding_sb.o               96
    xfiles.o                              10      144
    xgetmemchunk.o               44                 4
    xmbcurmax.o                  10
    xmbtowc.o                    32
    xprintffull.o             4 506
    xprout.o                     22
    xtls.o                        2
    xwctomb.o                    26
    xxmemxfree.o                128
    xxmemxmalloc.o              176                 8
    -------------------------------------------------
    Total:                    5 240       51      408

m7M_tls.a: [4]
    DblAdd.o                    212
    DblCmpGe.o                   46
    DblCmpLe.o                   46
    DblDiv.o                    598
    DblMul.o                    418
    DblSub.o                    384
    DblToI32.o                   88
    I32ToDbl.o                   48
    fpinit_M.o                   34
    xdnorm.o                     68
    xdscale.o                   276
    -------------------------------------------------
    Total:                    2 218

rt7M_tl.a: [5]
    ABImemclr4.o                  6
    ABImemcpy_unaligned.o       118
    ABImemset48.o                50
    I64DivMod.o                 238
    I64DivZer.o                   2
    cexit.o                      10
    cmain.o                      26
    cstartup_M.o                 12
    data_init.o                  40
    memchr.o                     88
    packbits_init_single.o       56
    strchr.o                     22
    strlen.o                     54
    zero_init3.o                 64
    -------------------------------------------------
    Total:                      786

shb_l.a: [6]
    exit.o                       20
    -------------------------------------------------
    Total:                       20

    Gaps                         44        2        2
    Linker created                        32    1 536
-----------------------------------------------------
    Grand Total:             15 610      116    4 256


*******************************************************************************
*** ENTRY LIST
***

Entry                      Address   Size  Type      Object
-----                      -------   ----  ----      ------
.iar.init_table$$Base   0x08003afc          --   Gb  - Linker created -
.iar.init_table$$Limit  0x08003b1c          --   Gb  - Linker created -
?main                   0x08003b1d         Code  Gb  cmain.o [5]
AHBPrescTable           0x080039e4   0x10  Data  Gb  system_stm32f7xx.o [1]
APBPrescTable           0x08003ba0    0x8  Data  Gb  system_stm32f7xx.o [1]
BusFault_Handler        0x08003a73    0x2  Code  Gb  stm32f7xx_it.o [1]
CSTACK$$Base            0x200001d0          --   Gb  - Linker created -
CSTACK$$Limit           0x200005d0          --   Gb  - Linker created -
Com1_Counter            0x2000109e    0x2  Data  Gb  main.o [1]
Com1_Rxbuff             0x20000bd4  0x400  Data  Gb  main.o [1]
Com3_Counter            0x20000bd0    0x2  Data  Gb  main.o [1]
Com3_Rxbuff             0x200007d0  0x400  Data  Gb  main.o [1]
DebugMon_Handler        0x08003a79    0x2  Code  Gb  stm32f7xx_it.o [1]
HAL_DMA_Abort_IT        0x08002959   0x24  Code  Gb  stm32f7xx_hal_dma.o [1]
HAL_Delay               0x08003415   0x28  Code  Wk  stm32f7xx_hal.o [1]
HAL_GPIO_Init           0x080031e1  0x1b4  Code  Gb  stm32f7xx_hal_gpio.o [1]
HAL_GPIO_WritePin       0x08003395    0x8  Code  Gb  stm32f7xx_hal_gpio.o [1]
HAL_GetTick             0x0800294d    0xc  Code  Wk  stm32f7xx_hal.o [1]
HAL_IncTick             0x08003aa1   0x10  Code  Wk  stm32f7xx_hal.o [1]
HAL_Init                0x080033d1   0x16  Code  Gb  stm32f7xx_hal.o [1]
HAL_InitTick            0x08003921   0x40  Code  Wk  stm32f7xx_hal.o [1]
HAL_MspInit             0x08002821   0x86  Code  Gb  stm32f7xx_hal_msp.o [1]
HAL_NVIC_EnableIRQ      0x0800316f    0xc  Code  Gb  stm32f7xx_hal_cortex.o [1]
HAL_NVIC_SetPriority    0x08003135   0x3a  Code  Gb  stm32f7xx_hal_cortex.o [1]
HAL_NVIC_SetPriorityGrouping
                        0x0800311b   0x1a  Code  Gb  stm32f7xx_hal_cortex.o [1]
HAL_PWREx_EnableOverDrive
                        0x0800343d   0x48  Code  Gb  stm32f7xx_hal_pwr_ex.o [1]
HAL_RCCEx_PeriphCLKConfig
                        0x080034b5  0x41a  Code  Gb  stm32f7xx_hal_rcc_ex.o [1]
HAL_RCC_ClockConfig     0x08002f59   0xf6  Code  Gb  stm32f7xx_hal_rcc.o [1]
HAL_RCC_GetHCLKFreq     0x080030af    0x6  Code  Gb  stm32f7xx_hal_rcc.o [1]
HAL_RCC_GetPCLK1Freq    0x080030b5   0x10  Code  Gb  stm32f7xx_hal_rcc.o [1]
HAL_RCC_GetPCLK2Freq    0x080030c5    0xe  Code  Gb  stm32f7xx_hal_rcc.o [1]
HAL_RCC_GetSysClockFreq
                        0x08003063   0x4c  Code  Gb  stm32f7xx_hal_rcc.o [1]
HAL_RCC_OscConfig       0x08002c91  0x2c8  Code  Gb  stm32f7xx_hal_rcc.o [1]
HAL_SYSTICK_CLKSourceConfig
                        0x080031ab   0x14  Code  Gb  stm32f7xx_hal_cortex.o [1]
HAL_SYSTICK_Callback    0x080031dd    0x2  Code  Wk  stm32f7xx_hal_cortex.o [1]
HAL_SYSTICK_Config      0x08003183   0x28  Code  Gb  stm32f7xx_hal_cortex.o [1]
HAL_SYSTICK_IRQHandler  0x080031d9    0x4  Code  Gb  stm32f7xx_hal_cortex.o [1]
HAL_UART_ErrorCallback  0x0800297d    0x2  Code  Wk  stm32f7xx_hal_uart.o [1]
HAL_UART_IRQHandler     0x08002285  0x174  Code  Gb  stm32f7xx_hal_uart.o [1]
HAL_UART_Init           0x080020a1   0x30  Code  Gb  stm32f7xx_hal_uart.o [1]
HAL_UART_MspInit        0x080028a7   0x74  Code  Gb  stm32f7xx_hal_msp.o [1]
HAL_UART_Receive_IT     0x08002201   0x7e  Code  Gb  stm32f7xx_hal_uart.o [1]
HAL_UART_RxCpltCallback
                        0x08002bc3   0x5a  Code  Gb  main.o [1]
HAL_UART_Transmit       0x08002121   0xa0  Code  Gb  stm32f7xx_hal_uart.o [1]
HAL_UART_Transmit_IT    0x080021c1   0x40  Code  Gb  stm32f7xx_hal_uart.o [1]
HAL_UART_TxCpltCallback
                        0x0800297f    0x2  Code  Wk  stm32f7xx_hal_uart.o [1]
HEAP$$Base              0x200005d0          --   Gb  - Linker created -
HEAP$$Limit             0x200007d0          --   Gb  - Linker created -
HM_TRP_RX_Init          0x08002c51   0x1a  Code  Gb  main.o [1]
HardFault_Handler       0x08003a6f    0x2  Code  Gb  stm32f7xx_it.o [1]
LoadInt                 0x0800083f   0x6e  Code  Lc  xprintffull.o [3]
MemManage_Handler       0x08003a71    0x2  Code  Gb  stm32f7xx_it.o [1]
NMI_Handler             0x08003a6d    0x2  Code  Gb  stm32f7xx_it.o [1]
NVIC_SetPriority        0x08003101   0x1a  Code  Lc  stm32f7xx_hal_cortex.o [1]
PendSV_Handler          0x08003a7b    0x2  Code  Gb  stm32f7xx_it.o [1]
Region$$Table$$Base     0x08003afc          --   Gb  - Linker created -
Region$$Table$$Limit    0x08003b1c          --   Gb  - Linker created -
SVC_Handler             0x08003a77    0x2  Code  Gb  stm32f7xx_it.o [1]
SysTick_Handler         0x08003a7d    0xe  Code  Gb  stm32f7xx_it.o [1]
SystemClock_Config      0x08002b03   0xc0  Code  Gb  main.o [1]
SystemCoreClock         0x2000008c    0x4  Data  Gb  system_stm32f7xx.o [1]
SystemInit              0x08003995   0x3a  Code  Gb  system_stm32f7xx.o [1]
UART_AdvFeatureConfig   0x0800271d   0xc6  Code  Gb  stm32f7xx_hal_uart.o [1]
UART_CheckIdleState     0x080027e3   0x3e  Code  Gb  stm32f7xx_hal_uart.o [1]
UART_DMAAbortOnError    0x08002459   0x10  Code  Lc  stm32f7xx_hal_uart.o [1]
UART_EndRxTransfer      0x080024dd   0x1c  Code  Lc  stm32f7xx_hal_uart.o [1]
UART_Receive_IT         0x08002469   0x74  Code  Lc  stm32f7xx_hal_uart.o [1]
UART_SetConfig          0x080024f9  0x1fa  Code  Gb  stm32f7xx_hal_uart.o [1]
UART_WaitOnFlagUntilTimeout
                        0x080023f9   0x5e  Code  Gb  stm32f7xx_hal_uart.o [1]
USART1_IRQHandler       0x08003a8b    0x6  Code  Gb  stm32f7xx_it.o [1]
USART3_IRQHandler       0x08003a91    0x6  Code  Gb  stm32f7xx_it.o [1]
UsageFault_Handler      0x08003a75    0x2  Code  Gb  stm32f7xx_it.o [1]
_EncodingSb_Mbtowc      0x08001f53   0x30  Code  Gb  xencoding_sb.o [3]
_EncodingSb_Mbtowc::initial
                        0x08001f90    0x8  Data  Lc  xencoding_sb.o [3]
_EncodingSb_Wctomb      0x08001f39   0x1a  Code  Gb  xencoding_sb.o [3]
_EncodingSb_Wctomb::initial
                        0x08001f88    0x8  Data  Lc  xencoding_sb.o [3]
_GenldFull              0x080010c5  0x254  Code  Lc  xprintffull.o [3]
_IsdstStr               0x2000015c    0x4  Data  Gb  setlocale.o [3]
_LdtobFull              0x08000cc5  0x3fa  Code  Lc  xprintffull.o [3]
_LitobFull              0x08000bb9  0x10a  Code  Lc  xprintffull.o [3]
_LocaleEncoding         0x08001f25    0xe  Code  Gb  setlocale.o [3]
_LocaleReturnString     0x2000017c   0x50  Data  Lc  setlocale.o [3]
_Locale_Profile         0x20000160   0x1c  Data  Gb  setlocale.o [3]
_Locale_aeabi_lconv     0x20000120   0x38  Data  Gb  localeconv.o [3]
_Locale_lconv           0x200000d0   0x50  Data  Gb  localeconv.o [3]
_Mbtowc                 0x08001363   0x20  Code  Gb  xmbtowc.o [3]
_PrintfFull             0x080001c9  0x660  Code  Gb  xprintffull.o [3]
_Prout                  0x08003b61   0x16  Code  Gb  xprout.o [3]
_PutcharsFull           0x08001319   0x2e  Code  Lc  xprintffull.o [3]
_PutstrFull             0x080008ad  0x306  Code  Lc  xprintffull.o [3]
_TzoneStr               0x20000158    0x4  Data  Gb  setlocale.o [3]
_Wctomb                 0x080014e9   0x1a  Code  Gb  xwctomb.o [3]
__aeabi_cdcmple         0x08001731         Code  Gb  DblCmpLe.o [4]
__aeabi_cdrcmple        0x08001761         Code  Gb  DblCmpGe.o [4]
__aeabi_d2iz            0x080018a5         Code  Gb  DblToI32.o [4]
__aeabi_d2uiz           0x080018d1         Code  Gb  DblToI32.o [4]
__aeabi_ddiv            0x08001c51         Code  Gb  DblDiv.o [4]
__aeabi_dmul            0x08001aad         Code  Gb  DblMul.o [4]
__aeabi_dsub            0x0800192d         Code  Gb  DblSub.o [4]
__aeabi_i2d             0x080018fd         Code  Gb  I32ToDbl.o [4]
__aeabi_ldiv0           0x08001fc5         Code  Gb  I64DivZer.o [5]
__aeabi_memclr4         0x0800340d         Code  Gb  ABImemclr4.o [5]
__aeabi_ui2d            0x08001911         Code  Gb  I32ToDbl.o [4]
__aeabi_uldivmod        0x080015fd         Code  Gb  I64DivMod.o [5]
__cmain                 0x08003b1d         Code  Gb  cmain.o [5]
__data_Aldata           0x20001094    0x8  Data  Gb  xxmemxmalloc.o [3]
__data_GetMemChunk      0x08001f99   0x2c  Code  Gb  xgetmemchunk.o [3]
__data_GetMemChunk::start
                        0x200010a0    0x4  Data  Lc  xgetmemchunk.o [3]
__exit                  0x08003b4d   0x14  Code  Gb  exit.o [6]
__iar_Dnorm             0x080016eb   0x44  Code  Gb  xdnorm.o [4]
__iar_Dscale            0x08001791  0x114  Code  Gb  xdscale.o [4]
__iar_Locale_lconv_init
                        0x08001ea9   0x3a  Code  Gb  localeconv.o [3]
__iar_Mbcurmax          0x0800142d    0xa  Code  Gb  xmbcurmax.o [3]
__iar_Memchr            0x080013d5         Code  Gb  memchr.o [5]
__iar_Memset4_word      0x08003961         Code  Gb  ABImemset48.o [5]
__iar_Memset8_word      0x08003961         Code  Gb  ABImemset48.o [5]
__iar_Stdout            0x20000090   0x40  Data  Gb  xfiles.o [3]
__iar_Strchr            0x08001385         Code  Gb  strchr.o [5]
__iar_d2uiz             0x080018dd         Code  Gb  DblToI32.o [4]
__iar_dadd              0x08001fc9         Code  Gb  DblAdd.o [4]
__iar_data_init3        0x08003ab1   0x28  Code  Gb  data_init.o [5]
__iar_dlib_perthread_access
                        0x0800209d    0x2  Code  Gb  xtls.o [3]
__iar_dsub              0x08001941         Code  Gb  DblSub.o [4]
__iar_dsubStart         0x08001953         Code  Gb  DblSub.o [4]
__iar_init_vfp          0x08003ad9         Code  Gb  fpinit_M.o [4]
__iar_packbits_init_single3
                        0x08003a35   0x38  Code  Gb  packbits_init_single.o [5]
__iar_program_start     0x08003b95         Code  Gb  cstartup_M.o [5]
__iar_ui2d              0x08001915         Code  Gb  I32ToDbl.o [4]
__iar_unaligned___aeabi_memcpy
                        0x08001505         Code  Gb  ABImemcpy_unaligned.o [5]
__iar_unaligned___aeabi_memcpy4
                        0x08001525         Code  Gb  ABImemcpy_unaligned.o [5]
__iar_unaligned___aeabi_memcpy8
                        0x08001525         Code  Gb  ABImemcpy_unaligned.o [5]
__iar_zero_init3        0x080039f5   0x40  Code  Gb  zero_init3.o [5]
__low_level_init        0x08003b37    0x4  Code  Gb  low_level_init.o [3]
__vector_table          0x08000000         Data  Gb  startup_stm32f746xx.o [1]
_call_main              0x08003b29         Code  Gb  cmain.o [5]
_exit                   0x08003b41         Code  Gb  cexit.o [5]
_main                   0x08003b33         Code  Gb  cmain.o [5]
aRxStartMessages_1      0x2000109c    0x1  Data  Gb  main.o [1]
aRxStartMessages_3      0x2000109d    0x1  Data  Gb  main.o [1]
div                     0x08001f15    0xe  Code  Gb  div.o [3]
exit                    0x08003b3b    0x4  Code  Gb  exit.o [3]
fputc                   0x08002981   0x14  Code  Gb  main.o [1]
free                    0x0800157d   0x7a  Code  Gb  xxmemxfree.o [3]
huart1                  0x20000000   0x70  Data  Gb  main.o [1]
huart3                  0x20000fd4   0x70  Data  Gb  main.o [1]
localeconv              0x08001ee3   0x16  Code  Gb  localeconv.o [3]
main                    0x08002995  0x148  Code  Gb  main.o [1]
malloc                  0x08001439   0xac  Code  Gb  xxmemxmalloc.o [3]
memchr                  0x080013d5         Code  Gb  memchr.o [5]
obuf                    0x20001044   0x50  Data  Lc  xfiles.o [3]
printf                  0x080033e9   0x24  Code  Gb  printf.o [3]
putchar                 0x08003b79    0xc  Code  Gb  putchar.o [3]
set_rank_434            0x20000078    0x8  Data  Gb  main.o [1]
set_rank_915            0x20000070    0x8  Data  Gb  main.o [1]
strchr                  0x08001385         Code  Gb  strchr.o [5]
strlen                  0x0800139d         Code  Gb  strlen.o [5]
uwTick                  0x20000084    0x4  Data  Gb  stm32f7xx_hal.o [1]
uwTickFreq              0x20000080    0x1  Data  Gb  stm32f7xx_hal.o [1]
uwTickPrio              0x20000088    0x4  Data  Gb  stm32f7xx_hal.o [1]


[1] = C:\Users\test\Desktop\11\shoutai\EWARM\shoutai\Obj
[2] = command line
[3] = dl7M_tlf.a
[4] = m7M_tls.a
[5] = rt7M_tl.a
[6] = shb_l.a

  15 610 bytes of readonly  code memory
     116 bytes of readonly  data memory
   4 256 bytes of readwrite data memory

Errors: none
Warnings: none
