###############################################################################
#
# IAR ELF Linker V7.80.4.12462/W32 for ARM                05/Mar/2019  08:36:58
# Copyright 2007-2017 IAR Systems AB.
#
#    Output file  =  
#        C:\Users\test\Desktop\11\daoyou\EWARM\daoyou\Exe\daoyou.out
#    Map file     =  
#        C:\Users\test\Desktop\11\daoyou\EWARM\daoyou\List\daoyou.map
#    Command line =  
#        C:\Users\test\Desktop\11\daoyou\EWARM\daoyou\Obj\BY8301.o
#        C:\Users\test\Desktop\11\daoyou\EWARM\daoyou\Obj\dma.o
#        C:\Users\test\Desktop\11\daoyou\EWARM\daoyou\Obj\geofence.o
#        C:\Users\test\Desktop\11\daoyou\EWARM\daoyou\Obj\gpio.o
#        C:\Users\test\Desktop\11\daoyou\EWARM\daoyou\Obj\gps.o
#        C:\Users\test\Desktop\11\daoyou\EWARM\daoyou\Obj\i2c.o
#        C:\Users\test\Desktop\11\daoyou\EWARM\daoyou\Obj\LCD1602.o
#        C:\Users\test\Desktop\11\daoyou\EWARM\daoyou\Obj\main.o
#        C:\Users\test\Desktop\11\daoyou\EWARM\daoyou\Obj\startup_stm32f103xb.o
#        C:\Users\test\Desktop\11\daoyou\EWARM\daoyou\Obj\stm32f1xx_hal.o
#        C:\Users\test\Desktop\11\daoyou\EWARM\daoyou\Obj\stm32f1xx_hal_cortex.o
#        C:\Users\test\Desktop\11\daoyou\EWARM\daoyou\Obj\stm32f1xx_hal_dma.o
#        C:\Users\test\Desktop\11\daoyou\EWARM\daoyou\Obj\stm32f1xx_hal_flash.o
#        C:\Users\test\Desktop\11\daoyou\EWARM\daoyou\Obj\stm32f1xx_hal_flash_ex.o
#        C:\Users\test\Desktop\11\daoyou\EWARM\daoyou\Obj\stm32f1xx_hal_gpio.o
#        C:\Users\test\Desktop\11\daoyou\EWARM\daoyou\Obj\stm32f1xx_hal_gpio_ex.o
#        C:\Users\test\Desktop\11\daoyou\EWARM\daoyou\Obj\stm32f1xx_hal_i2c.o
#        C:\Users\test\Desktop\11\daoyou\EWARM\daoyou\Obj\stm32f1xx_hal_msp.o
#        C:\Users\test\Desktop\11\daoyou\EWARM\daoyou\Obj\stm32f1xx_hal_pwr.o
#        C:\Users\test\Desktop\11\daoyou\EWARM\daoyou\Obj\stm32f1xx_hal_rcc.o
#        C:\Users\test\Desktop\11\daoyou\EWARM\daoyou\Obj\stm32f1xx_hal_rcc_ex.o
#        C:\Users\test\Desktop\11\daoyou\EWARM\daoyou\Obj\stm32f1xx_hal_tim.o
#        C:\Users\test\Desktop\11\daoyou\EWARM\daoyou\Obj\stm32f1xx_hal_tim_ex.o
#        C:\Users\test\Desktop\11\daoyou\EWARM\daoyou\Obj\stm32f1xx_hal_uart.o
#        C:\Users\test\Desktop\11\daoyou\EWARM\daoyou\Obj\stm32f1xx_it.o
#        C:\Users\test\Desktop\11\daoyou\EWARM\daoyou\Obj\system_stm32f1xx.o
#        C:\Users\test\Desktop\11\daoyou\EWARM\daoyou\Obj\tim.o
#        C:\Users\test\Desktop\11\daoyou\EWARM\daoyou\Obj\usart.o --redirect
#        _Printf=_PrintfFull --redirect _Scanf=_ScanfFull -o
#        C:\Users\test\Desktop\11\daoyou\EWARM\daoyou\Exe\daoyou.out --map
#        C:\Users\test\Desktop\11\daoyou\EWARM\daoyou\List\daoyou.map --config
#        C:\Users\test\Desktop\11\daoyou\EWARM/stm32f103xb_flash.icf
#        --semihosting --entry __iar_program_start --vfe
#
###############################################################################

*******************************************************************************
*** RUNTIME MODEL ATTRIBUTES
***

CppFlavor                     = *
__Heap_Handler                = Basic
__SystemLibrary               = DLib
__dlib_dynamic_initialization = normal


*******************************************************************************
*** PLACEMENT SUMMARY
***

"A0":  place at 0x08000000 { ro section .intvec };
"P1":  place in [from 0x08000000 to 0x0801ffff] { ro };
"P2":  place in [from 0x20000000 to 0x20004fff] { rw, block CSTACK, block HEAP };
initialize by copy { rw };

  Section             Kind        Address    Size  Object
  -------             ----        -------    ----  ------
"A0":                                        0xec
  .intvec             ro code  0x08000000    0xec  startup_stm32f103xb.o [1]
                             - 0x080000ec    0xec

"P1":                                      0x63a2
  .text               ro code  0x080000ec  0x119a  xprintffull.o [3]
  .text               ro code  0x08001286    0x20  xmbtowc.o [3]
  .text               ro code  0x080012a6     0xa  xsprout.o [3]
  .text               ro code  0x080012b0    0x16  strchr.o [5]
  .rodata             const    0x080012c6     0x2  stm32f1xx_hal_rcc.o [1]
  .text               ro code  0x080012c8    0x36  strlen.o [5]
  .text               ro code  0x08001300    0x58  memchr.o [5]
  .text               ro code  0x08001358     0xa  xmbcurmax.o [3]
  .text               ro code  0x08001364    0xb0  xxmemxmalloc.o [3]
  .text               ro code  0x08001414    0x1a  xwctomb.o [3]
  .text               ro code  0x08001430    0x76  ABImemcpy_unaligned.o [5]
  .text               ro code  0x080014a8    0x80  xxmemxfree.o [3]
  .text               ro code  0x08001528   0x132  I64DivMod.o [5]
  .text               ro code  0x0800165a    0x44  xdnorm.o [4]
  .text               ro code  0x080016a0    0x2e  DblCmpLe.o [4]
  .text               ro code  0x080016d0    0x2e  DblCmpGe.o [4]
  .text               ro code  0x08001700   0x10c  xdscale.o [4]
  .text               ro code  0x0800180c    0x58  DblToI32.o [4]
  .text               ro code  0x08001864    0x30  I32ToDbl.o [4]
  .text               ro code  0x08001894   0x180  DblSub.o [4]
  .text               ro code  0x08001a14   0x1a2  DblMul.o [4]
  .text               ro code  0x08001bb8   0x256  DblDiv.o [4]
  .text               ro code  0x08001e10    0x6c  localeconv.o [3]
  .text               ro code  0x08001e7c     0xe  div.o [3]
  .text               ro code  0x08001e8c    0x14  setlocale.o [3]
  .text               ro code  0x08001ea0    0x60  xencoding_sb.o [3]
  .text               ro code  0x08001f00    0x2c  xgetmemchunk.o [3]
  .text               ro code  0x08001f2c     0x2  I64DivZer.o [5]
  .text               ro code  0x08001f30    0xe8  DblAdd.o [4]
  .text               ro code  0x08002018     0x2  xtls.o [3]
  .text               ro code  0x0800201c   0x810  stm32f1xx_hal_uart.o [1]
  .text               ro code  0x0800282c   0x2b8  usart.o [1]
  .text               ro code  0x08002ae4     0xc  stm32f1xx_hal.o [1]
  .text               ro code  0x08002af0   0x3b4  stm32f1xx_hal_dma.o [1]
  .text               ro code  0x08002ea4     0x2  stm32f1xx_hal_uart.o [1]
  .text               ro code  0x08002ea6     0x2  stm32f1xx_hal_uart.o [1]
  .text               ro code  0x08002ea8     0x2  stm32f1xx_hal_uart.o [1]
  .text               ro code  0x08002eaa     0x2  stm32f1xx_hal_uart.o [1]
  .text               ro code  0x08002eac   0x6f0  stm32f1xx_hal_rcc.o [1]
  .text               ro code  0x0800359c   0x622  main.o [1]
  .text               ro code  0x08003bc0   0x310  stm32f1xx_hal_gpio.o [1]
  .text               ro code  0x08003ed0   0x166  stm32f1xx_hal_cortex.o [1]
  .text               ro code  0x08004038    0x4c  stm32f1xx_hal.o [1]
  .text               ro code  0x08004084    0x28  stm32f1xx_hal.o [1]
  .text               ro code  0x080040ac    0xa0  gpio.o [1]
  .text               ro code  0x0800414c    0x40  dma.o [1]
  .text               ro code  0x0800418c    0xa4  i2c.o [1]
  .text               ro code  0x08004230    0xf8  tim.o [1]
  .text               ro code  0x08004328   0x1e2  LCD1602.o [1]
  .text               ro code  0x0800450c   0x3ec  stm32f1xx_hal_tim.o [1]
  .text               ro code  0x080048f8    0x28  stm32f1xx_hal.o [1]
  .text               ro code  0x08004920    0x68  BY8301.o [1]
  .text               ro code  0x08004988   0x52c  gps.o [1]
  .text               ro code  0x08004eb4    0x34  sprintf.o [3]
  .text               ro code  0x08004ee8    0x66  ABImemset.o [5]
  .text               ro code  0x08004f50    0x20  DblCmpEq.o [4]
  .text               ro code  0x08004f70   0x14c  geofence.o [1]
  .text               ro code  0x080050bc    0xac  stm32f1xx_hal_msp.o [1]
  .text               ro code  0x08005168   0x198  stm32f1xx_hal_i2c.o [1]
  .text               ro code  0x08005300    0x5c  stm32f1xx_hal_tim_ex.o [1]
  .text               ro code  0x0800535c     0x2  stm32f1xx_hal_tim.o [1]
  .text               ro code  0x0800535e     0x2  stm32f1xx_hal_tim.o [1]
  .text               ro code  0x08005360     0x2  stm32f1xx_hal_tim.o [1]
  .text               ro code  0x08005362     0x2  stm32f1xx_hal_tim_ex.o [1]
  .text               ro code  0x08005364     0x2  stm32f1xx_hal_tim.o [1]
  .text               ro code  0x08005366     0x2  stm32f1xx_hal_tim_ex.o [1]
  .text               ro code  0x08005368    0x10  gps.o [1]
  .text               ro code  0x08005378    0x58  I64ToDbl.o [4]
  .text               ro code  0x080053d0     0x6  sin.o [4]
  .text               ro code  0x080053d6     0x6  cos.o [4]
  .text               ro code  0x080053dc    0xf0  sqrt.o [4]
  .text               ro code  0x080054cc    0xf6  asin.o [4]
  .text               ro code  0x080055c4    0x44  round.o [4]
  .text               ro code  0x08005608    0x2e  strstr.o [3]
  .text               ro code  0x08005638   0x426  xsin.o [4]
  .text               ro code  0x08005a60     0xc  iarEdom.o [5]
  .text               ro code  0x08005a70   0x1e0  xatan.o [4]
  .text               ro code  0x08005c50     0xc  errno.o [3]
  .text               ro code  0x08005c5c    0x7e  xdint.o [4]
  .text               ro code  0x08005cdc   0x160  xquad.o [4]
  .text               ro code  0x08005e3c   0x1a8  fmod.o [4]
  .text               ro code  0x08005fe4    0x8c  stm32f1xx_it.o [1]
  .text               ro code  0x08006070    0x18  stm32f1xx_hal.o [1]
  .text               ro code  0x08006088    0x68  system_stm32f1xx.o [1]
  .text               ro code  0x080060f0    0x40  zero_init3.o [5]
  .text               ro code  0x08006130    0x38  packbits_init_single.o [5]
  .rodata             const    0x08006168    0x2c  i2c.o [1]
  .rodata             const    0x08006194    0x2c  main.o [1]
  .rodata             const    0x080061c0    0x2c  tim.o [1]
  .rodata             const    0x080061ec    0x2c  usart.o [1]
  .text               ro code  0x08006218    0x28  data_init.o [5]
  .iar.init_table     const    0x08006240    0x20  - Linker created -
  .text               ro code  0x08006260    0x1a  cmain.o [5]
  .text               ro code  0x0800627a     0x4  low_level_init.o [3]
  .text               ro code  0x0800627e     0x4  exit.o [3]
  .text               ro code  0x08006284     0xa  cexit.o [5]
  .text               ro code  0x08006290    0x14  exit.o [6]
  .rodata             const    0x080062a4    0x18  main.o [1]
  .rodata             const    0x080062bc    0x14  main.o [1]
  .rodata             const    0x080062d0    0x14  main.o [1]
  .rodata             const    0x080062e4    0x14  main.o [1]
  .rodata             const    0x080062f8    0x14  main.o [1]
  .rodata             const    0x0800630c    0x14  main.o [1]
  .rodata             const    0x08006320    0x14  main.o [1]
  .rodata             const    0x08006334    0x14  main.o [1]
  .rodata             const    0x08006348    0x14  main.o [1]
  .rodata             const    0x0800635c    0x14  main.o [1]
  .rodata             const    0x08006370    0x14  main.o [1]
  .rodata             const    0x08006384    0x10  stm32f1xx_hal_rcc.o [1]
  .rodata             const    0x08006394    0x10  system_stm32f1xx.o [1]
  .text               ro code  0x080063a4    0x10  startup_stm32f103xb.o [1]
  .rodata             const    0x080063b4     0xc  main.o [1]
  .rodata             const    0x080063c0     0xc  main.o [1]
  .rodata             const    0x080063cc     0xc  main.o [1]
  .text               ro code  0x080063d8     0xc  cstartup_M.o [5]
  .rodata             const    0x080063e4     0x8  system_stm32f1xx.o [1]
  .text               ro code  0x080063ec     0x4  startup_stm32f103xb.o [1]
  .text               ro code  0x080063f0     0x4  startup_stm32f103xb.o [1]
  .text               ro code  0x080063f4     0x4  startup_stm32f103xb.o [1]
  .text               ro code  0x080063f8     0x4  startup_stm32f103xb.o [1]
  .text               ro code  0x080063fc     0x4  startup_stm32f103xb.o [1]
  .text               ro code  0x08006400     0x4  startup_stm32f103xb.o [1]
  .text               ro code  0x08006404     0x4  startup_stm32f103xb.o [1]
  .text               ro code  0x08006408     0x4  startup_stm32f103xb.o [1]
  .text               ro code  0x0800640c     0x4  startup_stm32f103xb.o [1]
  .text               ro code  0x08006410     0x4  startup_stm32f103xb.o [1]
  .text               ro code  0x08006414     0x4  startup_stm32f103xb.o [1]
  .text               ro code  0x08006418     0x4  startup_stm32f103xb.o [1]
  .text               ro code  0x0800641c     0x4  startup_stm32f103xb.o [1]
  .text               ro code  0x08006420     0x4  startup_stm32f103xb.o [1]
  .text               ro code  0x08006424     0x4  startup_stm32f103xb.o [1]
  .text               ro code  0x08006428     0x4  startup_stm32f103xb.o [1]
  .text               ro code  0x0800642c     0x4  startup_stm32f103xb.o [1]
  .text               ro code  0x08006430     0x4  startup_stm32f103xb.o [1]
  .text               ro code  0x08006434     0x4  startup_stm32f103xb.o [1]
  .text               ro code  0x08006438     0x4  startup_stm32f103xb.o [1]
  .text               ro code  0x0800643c     0x4  startup_stm32f103xb.o [1]
  .text               ro code  0x08006440     0x4  startup_stm32f103xb.o [1]
  .text               ro code  0x08006444     0x4  startup_stm32f103xb.o [1]
  .text               ro code  0x08006448     0x4  startup_stm32f103xb.o [1]
  .text               ro code  0x0800644c     0x4  startup_stm32f103xb.o [1]
  .text               ro code  0x08006450     0x4  startup_stm32f103xb.o [1]
  .text               ro code  0x08006454     0x4  startup_stm32f103xb.o [1]
  .text               ro code  0x08006458     0x4  startup_stm32f103xb.o [1]
  .text               ro code  0x0800645c     0x4  startup_stm32f103xb.o [1]
  .text               ro code  0x08006460     0x4  startup_stm32f103xb.o [1]
  .text               ro code  0x08006464     0x4  startup_stm32f103xb.o [1]
  .text               ro code  0x08006468     0x4  startup_stm32f103xb.o [1]
  .text               ro code  0x0800646c     0x4  startup_stm32f103xb.o [1]
  .text               ro code  0x08006470     0x4  startup_stm32f103xb.o [1]
  .text               ro code  0x08006474     0x4  startup_stm32f103xb.o [1]
  .rodata             const    0x08006478     0x0  zero_init3.o [5]
  .rodata             const    0x08006478     0x0  packbits_init_single.o [5]
  Initializer bytes   const    0x08006478    0x16  <for P2-1>
                             - 0x0800648e  0x63a2

"P2", part 1 of 3:                          0x109
  P2-1                         0x20000000   0x109  <Init block>
    .data             inited   0x20000000     0x4  stm32f1xx_hal.o [1]
    .data             inited   0x20000004     0x4  system_stm32f1xx.o [1]
    __DLIB_PERTHREAD  inited   0x20000008     0x4  errno.o [3]
    __DLIB_PERTHREAD  inited   0x2000000c    0x88  localeconv.o [3]
    __DLIB_PERTHREAD  inited   0x20000094    0x74  setlocale.o [3]
    .data             inited   0x20000108     0x1  stm32f1xx_hal.o [1]
                             - 0x20000109   0x109

"P2", part 2 of 3:                          0x600
  CSTACK                       0x20000110   0x400  <Block>
    CSTACK            uninit   0x20000110   0x400  <Block tail>
  HEAP                         0x20000510   0x200  <Block>
    HEAP              uninit   0x20000510   0x200  <Block tail>
                             - 0x20000710   0x600

"P2", part 3 of 3:                          0xcec
  .bss                zero     0x20000710   0x404  usart.o [1]
  .bss                zero     0x20000b14   0x404  usart.o [1]
  .bss                zero     0x20000f18   0x1f4  main.o [1]
  .bss                zero     0x2000110c    0x88  main.o [1]
  .bss                zero     0x20001194    0x64  main.o [1]
  .bss                zero     0x200011f8    0x54  i2c.o [1]
  .bss                zero     0x2000124c    0x44  usart.o [1]
  .bss                zero     0x20001290    0x44  usart.o [1]
  .bss                zero     0x200012d4    0x40  tim.o [1]
  .bss                zero     0x20001314    0x40  usart.o [1]
  .bss                zero     0x20001354    0x40  usart.o [1]
  .bss                zero     0x20001394    0x40  usart.o [1]
  .bss                zero     0x200013d4    0x14  BY8301.o [1]
  .bss                zero     0x200013e8     0x8  xxmemxmalloc.o [3]
  .bss                zero     0x200013f0     0x4  main.o [1]
  .bss                zero     0x200013f4     0x4  stm32f1xx_hal.o [1]
  .bss                zero     0x200013f8     0x4  xgetmemchunk.o [3]
                             - 0x200013fc   0xcec


*******************************************************************************
*** INIT TABLE
***

          Address     Size
          -------     ----
Zero (__iar_zero_init3)
    1 destination range, total size 0xcec:
          0x20000710  0xcec

Copy/packbits (__iar_packbits_init_single3)
    1 source range, total size 0x16 (8% of destination):
          0x08006478   0x16
    1 destination range, total size 0x109:
          0x20000000  0x109



*******************************************************************************
*** MODULE SUMMARY
***

    Module                  ro code  ro data  rw data
    ------                  -------  -------  -------
C:\Users\test\Desktop\11\daoyou\EWARM\daoyou\Obj: [1]
    BY8301.o                    104                20
    LCD1602.o                   482
    dma.o                        64
    geofence.o                  332
    gpio.o                      160
    gps.o                     1 340
    i2c.o                       164       44       84
    main.o                    1 570      304      740
    startup_stm32f103xb.o       392
    stm32f1xx_hal.o             192        1        9
    stm32f1xx_hal_cortex.o      358
    stm32f1xx_hal_dma.o         948
    stm32f1xx_hal_gpio.o        784
    stm32f1xx_hal_i2c.o         408
    stm32f1xx_hal_msp.o         172
    stm32f1xx_hal_rcc.o       1 776       18
    stm32f1xx_hal_tim.o       1 012
    stm32f1xx_hal_tim_ex.o       96
    stm32f1xx_hal_uart.o      2 072
    stm32f1xx_it.o              140
    system_stm32f1xx.o          104       24        4
    tim.o                       248       44       64
    usart.o                     696       44    2 384
    -------------------------------------------------
    Total:                   13 614      479    3 305

command line: [2]
    -------------------------------------------------
    Total:

dl7M_tlf.a: [3]
    div.o                        14
    errno.o                      12                 4
    exit.o                        4
    localeconv.o                108       12      136
    low_level_init.o              4
    setlocale.o                  20        9      116
    sprintf.o                    52
    strstr.o                     46
    xencoding_sb.o               96
    xgetmemchunk.o               44                 4
    xmbcurmax.o                  10
    xmbtowc.o                    32
    xprintffull.o             4 506
    xsprout.o                    10
    xtls.o                        2
    xwctomb.o                    26
    xxmemxfree.o                128
    xxmemxmalloc.o              176                 8
    -------------------------------------------------
    Total:                    5 290       21      268

m7M_tl.a: [4]
    DblAdd.o                    232
    DblCmpEq.o                   32
    DblCmpGe.o                   46
    DblCmpLe.o                   46
    DblDiv.o                    598
    DblMul.o                    418
    DblSub.o                    384
    DblToI32.o                   88
    I32ToDbl.o                   48
    I64ToDbl.o                   88
    asin.o                      246
    cos.o                         6
    fmod.o                      424
    round.o                      68
    sin.o                         6
    sqrt.o                      240
    xatan.o                     480
    xdint.o                     126
    xdnorm.o                     68
    xdscale.o                   268
    xquad.o                     352
    xsin.o                    1 062
    -------------------------------------------------
    Total:                    5 326

rt7M_tl.a: [5]
    ABImemcpy_unaligned.o       118
    ABImemset.o                 102
    I64DivMod.o                 306
    I64DivZer.o                   2
    cexit.o                      10
    cmain.o                      26
    cstartup_M.o                 12
    data_init.o                  40
    iarEdom.o                    12
    memchr.o                     88
    packbits_init_single.o       56
    strchr.o                     22
    strlen.o                     54
    zero_init3.o                 64
    -------------------------------------------------
    Total:                      912

shb_l.a: [6]
    exit.o                       20
    -------------------------------------------------
    Total:                       20

    Gaps                         48
    Linker created                        32    1 536
-----------------------------------------------------
    Grand Total:             25 210      532    5 109


*******************************************************************************
*** ENTRY LIST
***

Entry                      Address   Size  Type      Object
-----                      -------   ----  ----      ------
.iar.init_table$$Base   0x08006240          --   Gb  - Linker created -
.iar.init_table$$Limit  0x08006260          --   Gb  - Linker created -
?main                   0x08006261         Code  Gb  cmain.o [5]
AHBPrescTable           0x08006394   0x10  Data  Gb  system_stm32f1xx.o [1]
APBPrescTable           0x080063e4    0x8  Data  Gb  system_stm32f1xx.o [1]
BY8301_Play_Voice       0x08004921   0x5e  Code  Gb  BY8301.o [1]
BY8301_Send_Data        0x200013d4   0x14  Data  Gb  BY8301.o [1]
BusFault_Handler        0x08005feb    0x2  Code  Gb  stm32f1xx_it.o [1]
CSTACK$$Base            0x20000110          --   Gb  - Linker created -
CSTACK$$Limit           0x20000510          --   Gb  - Linker created -
DMA1_Channel5_IRQHandler
                        0x08006001    0xa  Code  Gb  stm32f1xx_it.o [1]
DMA1_Channel6_IRQHandler
                        0x0800600b    0xa  Code  Gb  stm32f1xx_it.o [1]
DMA_SetConfig           0x08002e79   0x2c  Code  Lc  stm32f1xx_hal_dma.o [1]
DebugMon_Handler        0x08005ff1    0x2  Code  Gb  stm32f1xx_it.o [1]
GPS_MSG                 0x20000f18  0x1f4  Data  Gb  main.o [1]
HAL_DMA_Abort           0x08002c01   0x36  Code  Gb  stm32f1xx_hal_dma.o [1]
HAL_DMA_Abort_IT        0x08002c37   0xb4  Code  Gb  stm32f1xx_hal_dma.o [1]
HAL_DMA_IRQHandler      0x08002ceb  0x16a  Code  Gb  stm32f1xx_hal_dma.o [1]
HAL_DMA_Init            0x08002af1   0x78  Code  Gb  stm32f1xx_hal_dma.o [1]
HAL_DMA_Start_IT        0x08002b69   0x98  Code  Gb  stm32f1xx_hal_dma.o [1]
HAL_Delay               0x080048f9   0x28  Code  Wk  stm32f1xx_hal.o [1]
HAL_GPIO_Init           0x08003bc1  0x2ba  Code  Gb  stm32f1xx_hal_gpio.o [1]
HAL_GPIO_WritePin       0x08003e7b   0x14  Code  Gb  stm32f1xx_hal_gpio.o [1]
HAL_GetTick             0x08002ae5    0xc  Code  Wk  stm32f1xx_hal.o [1]
HAL_I2C_Init            0x08005169  0x188  Code  Gb  stm32f1xx_hal_i2c.o [1]
HAL_I2C_MspInit         0x080041db   0x3e  Code  Gb  i2c.o [1]
HAL_IncTick             0x08006071   0x18  Code  Wk  stm32f1xx_hal.o [1]
HAL_Init                0x08004085   0x22  Code  Gb  stm32f1xx_hal.o [1]
HAL_InitTick            0x08004039   0x4c  Code  Wk  stm32f1xx_hal.o [1]
HAL_MspInit             0x080050bd   0xac  Code  Gb  stm32f1xx_hal_msp.o [1]
HAL_NVIC_EnableIRQ      0x08003fd3    0xe  Code  Gb  stm32f1xx_hal_cortex.o [1]
HAL_NVIC_SetPriority    0x08003fad   0x26  Code  Gb  stm32f1xx_hal_cortex.o [1]
HAL_NVIC_SetPriorityGrouping
                        0x08003fa1    0xc  Code  Gb  stm32f1xx_hal_cortex.o [1]
HAL_RCC_ClockConfig     0x08003303  0x184  Code  Gb  stm32f1xx_hal_rcc.o [1]
HAL_RCC_GetHCLKFreq     0x080034ff    0x6  Code  Gb  stm32f1xx_hal_rcc.o [1]
HAL_RCC_GetPCLK1Freq    0x08003505   0x16  Code  Gb  stm32f1xx_hal_rcc.o [1]
HAL_RCC_GetPCLK2Freq    0x0800351b   0x16  Code  Gb  stm32f1xx_hal_rcc.o [1]
HAL_RCC_GetSysClockFreq
                        0x08003487   0x78  Code  Gb  stm32f1xx_hal_rcc.o [1]
HAL_RCC_OscConfig       0x08002ead  0x456  Code  Gb  stm32f1xx_hal_rcc.o [1]
HAL_SYSTICK_CLKSourceConfig
                        0x08003fed   0x20  Code  Gb  stm32f1xx_hal_cortex.o [1]
HAL_SYSTICK_Callback    0x08004035    0x2  Code  Wk  stm32f1xx_hal_cortex.o [1]
HAL_SYSTICK_Config      0x08003fe1    0xc  Code  Gb  stm32f1xx_hal_cortex.o [1]
HAL_SYSTICK_IRQHandler  0x0800402d    0x8  Code  Gb  stm32f1xx_hal_cortex.o [1]
HAL_TIMEx_BreakCallback
                        0x08005363    0x2  Code  Wk  stm32f1xx_hal_tim_ex.o [1]
HAL_TIMEx_CommutationCallback
                        0x08005367    0x2  Code  Wk  stm32f1xx_hal_tim_ex.o [1]
HAL_TIMEx_MasterConfigSynchronization
                        0x08005301   0x5a  Code  Gb  stm32f1xx_hal_tim_ex.o [1]
HAL_TIM_Base_Init       0x0800450d   0x38  Code  Gb  stm32f1xx_hal_tim.o [1]
HAL_TIM_Base_MspInit    0x080042af   0x68  Code  Gb  tim.o [1]
HAL_TIM_Base_Start_IT   0x08004545   0x1e  Code  Gb  stm32f1xx_hal_tim.o [1]
HAL_TIM_ConfigClockSource
                        0x080046d9  0x11e  Code  Gb  stm32f1xx_hal_tim.o [1]
HAL_TIM_IC_CaptureCallback
                        0x0800535d    0x2  Code  Wk  stm32f1xx_hal_tim.o [1]
HAL_TIM_IRQHandler      0x08004563  0x176  Code  Gb  stm32f1xx_hal_tim.o [1]
HAL_TIM_OC_DelayElapsedCallback
                        0x0800535f    0x2  Code  Wk  stm32f1xx_hal_tim.o [1]
HAL_TIM_PWM_PulseFinishedCallback
                        0x08005361    0x2  Code  Wk  stm32f1xx_hal_tim.o [1]
HAL_TIM_PeriodElapsedCallback
                        0x08003ae7   0x22  Code  Gb  main.o [1]
HAL_TIM_TriggerCallback
                        0x08005365    0x2  Code  Wk  stm32f1xx_hal_tim.o [1]
HAL_UART_DMAStop        0x08002227   0x76  Code  Gb  stm32f1xx_hal_uart.o [1]
HAL_UART_ErrorCallback  0x08002ea5    0x2  Code  Wk  stm32f1xx_hal_uart.o [1]
HAL_UART_IRQHandler     0x0800229d  0x146  Code  Gb  stm32f1xx_hal_uart.o [1]
HAL_UART_Init           0x0800201d   0x76  Code  Gb  stm32f1xx_hal_uart.o [1]
HAL_UART_MspInit        0x08002905  0x1a2  Code  Gb  usart.o [1]
HAL_UART_Receive_DMA    0x08002171   0xb6  Code  Gb  stm32f1xx_hal_uart.o [1]
HAL_UART_RxCpltCallback
                        0x08002ea7    0x2  Code  Wk  stm32f1xx_hal_uart.o [1]
HAL_UART_RxHalfCpltCallback
                        0x08002ea9    0x2  Code  Wk  stm32f1xx_hal_uart.o [1]
HAL_UART_Transmit       0x08002093   0xde  Code  Gb  stm32f1xx_hal_uart.o [1]
HAL_UART_TxCpltCallback
                        0x08002eab    0x2  Code  Wk  stm32f1xx_hal_uart.o [1]
HEAP$$Base              0x20000510          --   Gb  - Linker created -
HEAP$$Limit             0x20000710          --   Gb  - Linker created -
HardFault_Handler       0x08005fe7    0x2  Code  Gb  stm32f1xx_it.o [1]
LCD_Write_half_byte     0x08004411   0x92  Code  Gb  LCD1602.o [1]
LCD_init                0x08004329   0x94  Code  Gb  LCD1602.o [1]
LCD_set_xy              0x080044ad   0x24  Code  Gb  LCD1602.o [1]
LCD_write_cmd           0x080043bd   0x2a  Code  Gb  LCD1602.o [1]
LCD_write_data          0x080043e7   0x2a  Code  Gb  LCD1602.o [1]
LCD_write_string        0x080044d1   0x26  Code  Gb  LCD1602.o [1]
LoadInt                 0x08000763   0x6e  Code  Lc  xprintffull.o [3]
MX_DMA_Init             0x0800414d   0x40  Code  Gb  dma.o [1]
MX_GPIO_Init            0x080040ad   0xa0  Code  Gb  gpio.o [1]
MX_I2C1_Init            0x0800418d   0x4e  Code  Gb  i2c.o [1]
MX_TIM1_Init            0x08004231   0x7e  Code  Gb  tim.o [1]
MX_USART1_UART_Init     0x0800282d   0x48  Code  Gb  usart.o [1]
MX_USART2_UART_Init     0x08002875   0x48  Code  Gb  usart.o [1]
MX_USART3_UART_Init     0x080028bd   0x48  Code  Gb  usart.o [1]
MemManage_Handler       0x08005fe9    0x2  Code  Gb  stm32f1xx_it.o [1]
NMEA_Comma_Pos          0x08004989   0x32  Code  Gb  gps.o [1]
NMEA_GNRMC_Analysis     0x08004ae5  0x3a6  Code  Gb  gps.o [1]
NMEA_Pow                0x080049bb   0x16  Code  Gb  gps.o [1]
NMEA_Str2num            0x080049d1  0x114  Code  Gb  gps.o [1]
NMI_Handler             0x08005fe5    0x2  Code  Gb  stm32f1xx_it.o [1]
NVIC_EnableIRQ          0x08003ef9   0x14  Code  Lc  stm32f1xx_hal_cortex.o [1]
NVIC_EncodePriority     0x08003f33   0x3e  Code  Lc  stm32f1xx_hal_cortex.o [1]
NVIC_GetPriorityGrouping
                        0x08003eef    0xa  Code  Lc  stm32f1xx_hal_cortex.o [1]
NVIC_SetPriority        0x08003f0d   0x26  Code  Lc  stm32f1xx_hal_cortex.o [1]
NVIC_SetPriorityGrouping
                        0x08003ed1   0x1e  Code  Lc  stm32f1xx_hal_cortex.o [1]
PendSV_Handler          0x08005ff3    0x2  Code  Gb  stm32f1xx_it.o [1]
RCC_Delay               0x08003531   0x26  Code  Lc  stm32f1xx_hal_rcc.o [1]
Region$$Table$$Base     0x08006240          --   Gb  - Linker created -
Region$$Table$$Limit    0x08006260          --   Gb  - Linker created -
SVC_Handler             0x08005fef    0x2  Code  Gb  stm32f1xx_it.o [1]
SysTick_Config          0x08003f71   0x30  Code  Lc  stm32f1xx_hal_cortex.o [1]
SysTick_Handler         0x08005ff5    0xc  Code  Gb  stm32f1xx_it.o [1]
SystemClock_Config      0x080039e7   0x8c  Code  Gb  main.o [1]
SystemCoreClock         0x20000004    0x4  Data  Gb  system_stm32f1xx.o [1]
SystemInit              0x08006089   0x4e  Code  Gb  system_stm32f1xx.o [1]
TIM1_BRK_IRQHandler     0x08006015    0xa  Code  Gb  stm32f1xx_it.o [1]
TIM1_CC_IRQHandler      0x08006033    0xa  Code  Gb  stm32f1xx_it.o [1]
TIM1_TRG_COM_IRQHandler
                        0x08006029    0xa  Code  Gb  stm32f1xx_it.o [1]
TIM1_UP_IRQHandler      0x0800601f    0xa  Code  Gb  stm32f1xx_it.o [1]
TIM_Base_SetConfig      0x080047f7   0x68  Code  Gb  stm32f1xx_hal_tim.o [1]
TIM_ETR_SetConfig       0x080048dd   0x1c  Code  Lc  stm32f1xx_hal_tim.o [1]
TIM_ITRx_SetConfig      0x080048c7   0x16  Code  Lc  stm32f1xx_hal_tim.o [1]
TIM_TI1_ConfigInputStage
                        0x0800486d   0x2c  Code  Lc  stm32f1xx_hal_tim.o [1]
TIM_TI2_ConfigInputStage
                        0x08004899   0x2e  Code  Lc  stm32f1xx_hal_tim.o [1]
UART1_TYPE              0x20000710  0x404  Data  Gb  usart.o [1]
UART2_TYPE              0x20000b14  0x404  Data  Gb  usart.o [1]
UART_DMAAbortOnError    0x08002539   0x16  Code  Lc  stm32f1xx_hal_uart.o [1]
UART_DMAError           0x08002439   0x5c  Code  Lc  stm32f1xx_hal_uart.o [1]
UART_DMAReceiveCplt     0x080023e5   0x44  Code  Lc  stm32f1xx_hal_uart.o [1]
UART_DMARxHalfCplt      0x08002429    0xe  Code  Lc  stm32f1xx_hal_uart.o [1]
UART_EndRxTransfer      0x08002519   0x20  Code  Lc  stm32f1xx_hal_uart.o [1]
UART_EndTransmit_IT     0x080025bf   0x20  Code  Lc  stm32f1xx_hal_uart.o [1]
UART_EndTxTransfer      0x08002505   0x14  Code  Lc  stm32f1xx_hal_uart.o [1]
UART_Receive_IT         0x080025df   0xae  Code  Lc  stm32f1xx_hal_uart.o [1]
UART_SetConfig          0x0800268d  0x198  Code  Lc  stm32f1xx_hal_uart.o [1]
UART_Transmit_IT        0x08002551   0x6e  Code  Lc  stm32f1xx_hal_uart.o [1]
UART_WaitOnFlagUntilTimeout
                        0x08002495   0x70  Code  Lc  stm32f1xx_hal_uart.o [1]
USART1_IRQHandler       0x0800603d   0x10  Code  Gb  stm32f1xx_it.o [1]
USART2_IRQHandler       0x0800604d   0x10  Code  Gb  stm32f1xx_it.o [1]
UsageFault_Handler      0x08005fed    0x2  Code  Gb  stm32f1xx_it.o [1]
UsartReceive_IDLE       0x08003a73   0x74  Code  Gb  main.o [1]
_EncodingSb_Mbtowc      0x08001ebb   0x30  Code  Gb  xencoding_sb.o [3]
_EncodingSb_Mbtowc::initial
                        0x08001ef8    0x8  Data  Lc  xencoding_sb.o [3]
_EncodingSb_Wctomb      0x08001ea1   0x1a  Code  Gb  xencoding_sb.o [3]
_EncodingSb_Wctomb::initial
                        0x08001ef0    0x8  Data  Lc  xencoding_sb.o [3]
_Error_Handler          0x08003bbd    0x2  Code  Gb  main.o [1]
_GenldFull              0x08000fe9  0x254  Code  Lc  xprintffull.o [3]
_IsdstStr               0x20000098    0x4  Data  Gb  setlocale.o [3]
_LdtobFull              0x08000be9  0x3fa  Code  Lc  xprintffull.o [3]
_LitobFull              0x08000add  0x10a  Code  Lc  xprintffull.o [3]
_LocaleEncoding         0x08001e8d    0xe  Code  Gb  setlocale.o [3]
_LocaleReturnString     0x200000b8   0x50  Data  Lc  setlocale.o [3]
_Locale_Profile         0x2000009c   0x1c  Data  Gb  setlocale.o [3]
_Locale_aeabi_lconv     0x2000005c   0x38  Data  Gb  localeconv.o [3]
_Locale_lconv           0x2000000c   0x50  Data  Gb  localeconv.o [3]
_Mbtowc                 0x08001287   0x20  Code  Gb  xmbtowc.o [3]
_PrintfFull             0x080000ed  0x660  Code  Gb  xprintffull.o [3]
_PutcharsFull           0x0800123d   0x2e  Code  Lc  xprintffull.o [3]
_PutstrFull             0x080007d1  0x306  Code  Lc  xprintffull.o [3]
_SProut                 0x080012a7    0xa  Code  Gb  xsprout.o [3]
_TzoneStr               0x20000094    0x4  Data  Gb  setlocale.o [3]
_Wctomb                 0x08001415   0x1a  Code  Gb  xwctomb.o [3]
__aeabi_cdcmpeq         0x08004f51         Code  Gb  DblCmpEq.o [4]
__aeabi_cdcmple         0x080016a1         Code  Gb  DblCmpLe.o [4]
__aeabi_cdrcmple        0x080016d1         Code  Gb  DblCmpGe.o [4]
__aeabi_d2iz            0x0800180d         Code  Gb  DblToI32.o [4]
__aeabi_d2uiz           0x08001839         Code  Gb  DblToI32.o [4]
__aeabi_dadd            0x08001f31         Code  Gb  DblAdd.o [4]
__aeabi_ddiv            0x08001bb9         Code  Gb  DblDiv.o [4]
__aeabi_dmul            0x08001a15         Code  Gb  DblMul.o [4]
__aeabi_dsub            0x08001895         Code  Gb  DblSub.o [4]
__aeabi_errno_addr      0x08005c51    0x6  Code  Gb  errno.o [3]
__aeabi_i2d             0x08001865         Code  Gb  I32ToDbl.o [4]
__aeabi_l2d             0x08005379         Code  Gb  I64ToDbl.o [4]
__aeabi_ldiv0           0x08001f2d         Code  Gb  I64DivZer.o [5]
__aeabi_ldivmod         0x08001529         Code  Gb  I64DivMod.o [5]
__aeabi_memset          0x08004ee9         Code  Gb  ABImemset.o [5]
__aeabi_ui2d            0x08001879         Code  Gb  I32ToDbl.o [4]
__aeabi_uldivmod        0x0800156d         Code  Gb  I64DivMod.o [5]
__cmain                 0x08006261         Code  Gb  cmain.o [5]
__data_Aldata           0x200013e8    0x8  Data  Gb  xxmemxmalloc.o [3]
__data_GetMemChunk      0x08001f01   0x2c  Code  Gb  xgetmemchunk.o [3]
__data_GetMemChunk::start
                        0x200013f8    0x4  Data  Lc  xgetmemchunk.o [3]
__exit                  0x08006291   0x14  Code  Gb  exit.o [6]
__iar_Atan              0x08005a71  0x148  Code  Gb  xatan.o [4]
__iar_Dint              0x08005c5d   0x7e  Code  Gb  xdint.o [4]
__iar_Dnorm             0x0800165b   0x44  Code  Gb  xdnorm.o [4]
__iar_Dscale            0x08001701  0x10c  Code  Gb  xdscale.o [4]
__iar_Errno             0x20000008    0x4  Data  Gb  errno.o [3]
__iar_Locale_lconv_init
                        0x08001e11   0x3a  Code  Gb  localeconv.o [3]
__iar_Mbcurmax          0x08001359    0xa  Code  Gb  xmbcurmax.o [3]
__iar_Memchr            0x08001301         Code  Gb  memchr.o [5]
__iar_Memset            0x08004ee9         Code  Gb  ABImemset.o [5]
__iar_Memset_word       0x08004ef1         Code  Gb  ABImemset.o [5]
__iar_Quad              0x08005cdd  0x160  Code  Gb  xquad.o [4]
__iar_Sin               0x08005639  0x420  Code  Gb  xsin.o [4]
__iar_Strchr            0x080012b1         Code  Gb  strchr.o [5]
__iar_Strstr            0x08005609   0x2e  Code  Gb  strstr.o [3]
__iar_d2uiz             0x08001845         Code  Gb  DblToI32.o [4]
__iar_dadd              0x08001f45         Code  Gb  DblAdd.o [4]
__iar_data_init3        0x08006219   0x28  Code  Gb  data_init.o [5]
__iar_dlib_perthread_access
                        0x08002019    0x2  Code  Gb  xtls.o [3]
__iar_dsub              0x080018a9         Code  Gb  DblSub.o [4]
__iar_dsubStart         0x080018bb         Code  Gb  DblSub.o [4]
__iar_edom              0x08005a61         Code  Gb  iarEdom.o [5]
__iar_fmod              0x08005e3d         Code  Gb  fmod.o [4]
__iar_fmodl             0x08005e3d         Code  Gb  fmod.o [4]
__iar_packbits_init_single3
                        0x08006131   0x38  Code  Gb  packbits_init_single.o [5]
__iar_program_start     0x080063d9         Code  Gb  cstartup_M.o [5]
__iar_sqrt              0x080053dd         Code  Gb  sqrt.o [4]
__iar_ui2d              0x0800187d         Code  Gb  I32ToDbl.o [4]
__iar_ul2d              0x08005395         Code  Gb  I64ToDbl.o [4]
__iar_unaligned___aeabi_memcpy
                        0x08001431         Code  Gb  ABImemcpy_unaligned.o [5]
__iar_unaligned___aeabi_memcpy4
                        0x08001451         Code  Gb  ABImemcpy_unaligned.o [5]
__iar_unaligned___aeabi_memcpy8
                        0x08001451         Code  Gb  ABImemcpy_unaligned.o [5]
__iar_zero_init3        0x080060f1   0x40  Code  Gb  zero_init3.o [5]
__low_level_init        0x0800627b    0x4  Code  Gb  low_level_init.o [3]
__vector_table          0x08000000         Data  Gb  startup_stm32f103xb.o [1]
_call_main              0x0800626d         Code  Gb  cmain.o [5]
_exit                   0x08006285         Code  Gb  cexit.o [5]
_main                   0x08006277         Code  Gb  cmain.o [5]
a                       0x08005c10   0x40  Data  Lc  xatan.o [4]
asin                    0x080054cd   0xf0  Code  Gb  asin.o [4]
cos                     0x080053d7    0x6  Code  Gb  cos.o [4]
data                    0x20001194   0x64  Data  Gb  main.o [1]
delay                   0x080044f7   0x14  Code  Gb  LCD1602.o [1]
delay_1s                0x200013f0    0x4  Data  Gb  main.o [1]
div                     0x08001e7d    0xe  Code  Gb  div.o [3]
exit                    0x0800627f    0x4  Code  Gb  exit.o [3]
fmod                    0x08005e3d         Code  Gb  fmod.o [4]
fmodl                   0x08005e3d         Code  Gb  fmod.o [4]
free                    0x080014a9   0x7a  Code  Gb  xxmemxfree.o [3]
get_distance            0x08004f85  0x120  Code  Gb  geofence.o [1]
gpsx                    0x2000110c   0x88  Data  Gb  main.o [1]
hdma_usart1_rx          0x2000124c   0x44  Data  Gb  usart.o [1]
hdma_usart2_rx          0x20001290   0x44  Data  Gb  usart.o [1]
hi2c1                   0x200011f8   0x54  Data  Gb  i2c.o [1]
htim1                   0x200012d4   0x40  Data  Gb  tim.o [1]
huart1                  0x20001314   0x40  Data  Gb  usart.o [1]
huart2                  0x20001354   0x40  Data  Gb  usart.o [1]
huart3                  0x20001394   0x40  Data  Gb  usart.o [1]
localeconv              0x08001e4b   0x16  Code  Gb  localeconv.o [3]
main                    0x0800359d  0x44a  Code  Gb  main.o [1]
malloc                  0x08001365   0xac  Code  Gb  xxmemxmalloc.o [3]
memchr                  0x08001301         Code  Gb  memchr.o [5]
radian                  0x08004f71   0x14  Code  Gb  geofence.o [1]
round                   0x080055c5   0x44  Code  Gb  round.o [4]
sin                     0x080053d1    0x6  Code  Gb  sin.o [4]
sprintf                 0x08004eb5   0x34  Code  Gb  sprintf.o [3]
sqrt                    0x080053dd         Code  Gb  sqrt.o [4]
sqrtl                   0x080053dd         Code  Gb  sqrt.o [4]
strchr                  0x080012b1         Code  Gb  strchr.o [5]
strlen                  0x080012c9         Code  Gb  strlen.o [5]
strstr                  0x08005369   0x10  Code  Gb  gps.o [1]
uwTick                  0x200013f4    0x4  Data  Gb  stm32f1xx_hal.o [1]
uwTickFreq              0x20000108    0x1  Data  Gb  stm32f1xx_hal.o [1]
uwTickPrio              0x20000000    0x4  Data  Gb  stm32f1xx_hal.o [1]


[1] = C:\Users\test\Desktop\11\daoyou\EWARM\daoyou\Obj
[2] = command line
[3] = dl7M_tlf.a
[4] = m7M_tl.a
[5] = rt7M_tl.a
[6] = shb_l.a

  25 210 bytes of readonly  code memory
     532 bytes of readonly  data memory
   5 109 bytes of readwrite data memory

Errors: none
Warnings: none
