###############################################################################
#
# IAR ELF Linker V7.80.4.12462/W32 for ARM                27/Mar/2019  18:35:26
# Copyright 2007-2017 IAR Systems AB.
#
#    Output file  =  
#        C:\Users\test\Desktop\11\SPI 12864\EWARM\SPI 12864\Exe\SPI 12864.out
#    Map file     =  
#        C:\Users\test\Desktop\11\SPI 12864\EWARM\SPI 12864\List\SPI 12864.map
#    Command line =  
#        "C:\Users\test\Desktop\11\SPI 12864\EWARM\SPI 12864\Obj\gpio.o"
#        "C:\Users\test\Desktop\11\SPI 12864\EWARM\SPI 12864\Obj\main.o"
#        "C:\Users\test\Desktop\11\SPI 12864\EWARM\SPI
#        12864\Obj\startup_stm32f103xb.o" "C:\Users\test\Desktop\11\SPI
#        12864\EWARM\SPI 12864\Obj\stm32f1xx_hal.o"
#        "C:\Users\test\Desktop\11\SPI 12864\EWARM\SPI
#        12864\Obj\stm32f1xx_hal_cortex.o" "C:\Users\test\Desktop\11\SPI
#        12864\EWARM\SPI 12864\Obj\stm32f1xx_hal_dma.o"
#        "C:\Users\test\Desktop\11\SPI 12864\EWARM\SPI
#        12864\Obj\stm32f1xx_hal_flash.o" "C:\Users\test\Desktop\11\SPI
#        12864\EWARM\SPI 12864\Obj\stm32f1xx_hal_flash_ex.o"
#        "C:\Users\test\Desktop\11\SPI 12864\EWARM\SPI
#        12864\Obj\stm32f1xx_hal_gpio.o" "C:\Users\test\Desktop\11\SPI
#        12864\EWARM\SPI 12864\Obj\stm32f1xx_hal_gpio_ex.o"
#        "C:\Users\test\Desktop\11\SPI 12864\EWARM\SPI
#        12864\Obj\stm32f1xx_hal_msp.o" "C:\Users\test\Desktop\11\SPI
#        12864\EWARM\SPI 12864\Obj\stm32f1xx_hal_pwr.o"
#        "C:\Users\test\Desktop\11\SPI 12864\EWARM\SPI
#        12864\Obj\stm32f1xx_hal_rcc.o" "C:\Users\test\Desktop\11\SPI
#        12864\EWARM\SPI 12864\Obj\stm32f1xx_hal_rcc_ex.o"
#        "C:\Users\test\Desktop\11\SPI 12864\EWARM\SPI
#        12864\Obj\stm32f1xx_hal_tim.o" "C:\Users\test\Desktop\11\SPI
#        12864\EWARM\SPI 12864\Obj\stm32f1xx_hal_tim_ex.o"
#        "C:\Users\test\Desktop\11\SPI 12864\EWARM\SPI
#        12864\Obj\stm32f1xx_it.o" "C:\Users\test\Desktop\11\SPI
#        12864\EWARM\SPI 12864\Obj\system_stm32f1xx.o" --redirect
#        _Printf=_PrintfFull --redirect _Scanf=_ScanfFull -o
#        "C:\Users\test\Desktop\11\SPI 12864\EWARM\SPI 12864\Exe\SPI 12864.out"
#        --map "C:\Users\test\Desktop\11\SPI 12864\EWARM\SPI 12864\List\SPI
#        12864.map" --config "C:\Users\test\Desktop\11\SPI
#        12864\EWARM/stm32f103xb_flash.icf" --semihosting --entry
#        __iar_program_start --vfe
#
###############################################################################

*******************************************************************************
*** RUNTIME MODEL ATTRIBUTES
***

CppFlavor       = *
__SystemLibrary = DLib


*******************************************************************************
*** PLACEMENT SUMMARY
***

"A0":  place at 0x08000000 { ro section .intvec };
"P1":  place in [from 0x08000000 to 0x0801ffff] { ro };
"P2":  place in [from 0x20000000 to 0x20004fff] { rw, block CSTACK, block HEAP };
initialize by copy { rw };

  Section            Kind        Address   Size  Object
  -------            ----        -------   ----  ------
"A0":                                      0xec
  .intvec            ro code  0x08000000   0xec  startup_stm32f103xb.o [1]
                            - 0x080000ec   0xec

"P1":                                     0xd10
  .text              ro code  0x080000ec  0x486  stm32f1xx_hal_rcc.o [1]
  .text              ro code  0x08000574    0xc  stm32f1xx_hal.o [1]
  .text              ro code  0x08000580   0x40  stm32f1xx_hal.o [1]
  .text              ro code  0x080005c0   0x56  ABImemcpy_unaligned.o [4]
  .text              ro code  0x08000618   0xc6  stm32f1xx_hal_cortex.o [1]
  .text              ro code  0x080006e0  0x1e0  main.o [1]
  .text              ro code  0x080008c0  0x1b0  stm32f1xx_hal_gpio.o [1]
  .text              ro code  0x08000a70   0x28  stm32f1xx_hal.o [1]
  .text              ro code  0x08000a98   0x24  stm32f1xx_hal.o [1]
  .text              ro code  0x08000abc   0x90  gpio.o [1]
  .text              ro code  0x08000b4c   0x9c  stm32f1xx_hal_msp.o [1]
  .text              ro code  0x08000be8   0x5c  system_stm32f1xx.o [1]
  .text              ro code  0x08000c44   0x2c  copy_init3.o [4]
  .text              ro code  0x08000c70   0x28  data_init.o [4]
  .iar.init_table    const    0x08000c98   0x14  - Linker created -
  .text              ro code  0x08000cac   0x1e  stm32f1xx_it.o [1]
  .text              ro code  0x08000ccc   0x10  stm32f1xx_hal.o [1]
  .text              ro code  0x08000cdc   0x1a  cmain.o [4]
  .text              ro code  0x08000cf6    0x4  low_level_init.o [3]
  .text              ro code  0x08000cfa    0x4  exit.o [3]
  .text              ro code  0x08000d00    0xa  cexit.o [4]
  .text              ro code  0x08000d0c   0x14  exit.o [5]
  Initializer bytes  const    0x08000d20   0x14  <for P2-1>
  .text              ro code  0x08000d34   0x10  startup_stm32f103xb.o [1]
  .text              ro code  0x08000d44    0xc  cstartup_M.o [4]
  .text              ro code  0x08000d50    0x4  startup_stm32f103xb.o [1]
  .text              ro code  0x08000d54    0x4  startup_stm32f103xb.o [1]
  .text              ro code  0x08000d58    0x4  startup_stm32f103xb.o [1]
  .text              ro code  0x08000d5c    0x4  startup_stm32f103xb.o [1]
  .text              ro code  0x08000d60    0x4  startup_stm32f103xb.o [1]
  .text              ro code  0x08000d64    0x4  startup_stm32f103xb.o [1]
  .text              ro code  0x08000d68    0x4  startup_stm32f103xb.o [1]
  .text              ro code  0x08000d6c    0x4  startup_stm32f103xb.o [1]
  .text              ro code  0x08000d70    0x4  startup_stm32f103xb.o [1]
  .text              ro code  0x08000d74    0x4  startup_stm32f103xb.o [1]
  .text              ro code  0x08000d78    0x4  startup_stm32f103xb.o [1]
  .text              ro code  0x08000d7c    0x4  startup_stm32f103xb.o [1]
  .text              ro code  0x08000d80    0x4  startup_stm32f103xb.o [1]
  .text              ro code  0x08000d84    0x4  startup_stm32f103xb.o [1]
  .text              ro code  0x08000d88    0x4  startup_stm32f103xb.o [1]
  .text              ro code  0x08000d8c    0x4  startup_stm32f103xb.o [1]
  .text              ro code  0x08000d90    0x4  startup_stm32f103xb.o [1]
  .text              ro code  0x08000d94    0x4  startup_stm32f103xb.o [1]
  .text              ro code  0x08000d98    0x4  startup_stm32f103xb.o [1]
  .text              ro code  0x08000d9c    0x4  startup_stm32f103xb.o [1]
  .text              ro code  0x08000da0    0x4  startup_stm32f103xb.o [1]
  .text              ro code  0x08000da4    0x4  startup_stm32f103xb.o [1]
  .text              ro code  0x08000da8    0x4  startup_stm32f103xb.o [1]
  .text              ro code  0x08000dac    0x4  startup_stm32f103xb.o [1]
  .text              ro code  0x08000db0    0x4  startup_stm32f103xb.o [1]
  .text              ro code  0x08000db4    0x4  startup_stm32f103xb.o [1]
  .text              ro code  0x08000db8    0x4  startup_stm32f103xb.o [1]
  .text              ro code  0x08000dbc    0x4  startup_stm32f103xb.o [1]
  .text              ro code  0x08000dc0    0x4  startup_stm32f103xb.o [1]
  .text              ro code  0x08000dc4    0x4  startup_stm32f103xb.o [1]
  .text              ro code  0x08000dc8    0x4  startup_stm32f103xb.o [1]
  .text              ro code  0x08000dcc    0x4  startup_stm32f103xb.o [1]
  .text              ro code  0x08000dd0    0x4  startup_stm32f103xb.o [1]
  .text              ro code  0x08000dd4    0x4  startup_stm32f103xb.o [1]
  .text              ro code  0x08000dd8    0x4  startup_stm32f103xb.o [1]
  .text              ro code  0x08000ddc    0x4  startup_stm32f103xb.o [1]
  .text              ro code  0x08000de0    0x4  startup_stm32f103xb.o [1]
  .text              ro code  0x08000de4    0x4  startup_stm32f103xb.o [1]
  .text              ro code  0x08000de8    0x4  startup_stm32f103xb.o [1]
  .text              ro code  0x08000dec    0x4  startup_stm32f103xb.o [1]
  .text              ro code  0x08000df0    0x4  startup_stm32f103xb.o [1]
  .text              ro code  0x08000df4    0x4  startup_stm32f103xb.o [1]
  .text              ro code  0x08000df8    0x4  startup_stm32f103xb.o [1]
  .rodata            const    0x08000dfc    0x0  copy_init3.o [4]
                            - 0x08000dfc  0xd10

"P2", part 1 of 2:                         0x14
  P2-1                        0x20000000   0x14  <Init block>
    .data            inited   0x20000000    0x4  main.o [1]
    .data            inited   0x20000004    0xc  stm32f1xx_hal.o [1]
    .data            inited   0x20000010    0x4  system_stm32f1xx.o [1]
                            - 0x20000014   0x14

"P2", part 2 of 2:                        0x400
  CSTACK                      0x20000018  0x400  <Block>
    CSTACK           uninit   0x20000018  0x400  <Block tail>
                            - 0x20000418  0x400


*******************************************************************************
*** INIT TABLE
***

          Address     Size
          -------     ----
Copy (__iar_copy_init3)
    1 source range, total size 0x14:
          0x08000d20  0x14
    1 destination range, total size 0x14:
          0x20000000  0x14



*******************************************************************************
*** MODULE SUMMARY
***

    Module                  ro code  ro data  rw data
    ------                  -------  -------  -------
C:\Users\test\Desktop\11\SPI 12864\EWARM\SPI 12864\Obj: [1]
    gpio.o                      144
    main.o                      480        4        4
    startup_stm32f103xb.o       424
    stm32f1xx_hal.o             168       12       12
    stm32f1xx_hal_cortex.o      198
    stm32f1xx_hal_gpio.o        432
    stm32f1xx_hal_msp.o         156
    stm32f1xx_hal_rcc.o       1 158
    stm32f1xx_it.o               30
    system_stm32f1xx.o           92        4        4
    -------------------------------------------------
    Total:                    3 282       20       20

command line: [2]
    -------------------------------------------------
    Total:

dl7M_tlf.a: [3]
    exit.o                        4
    low_level_init.o              4
    -------------------------------------------------
    Total:                        8

rt7M_tl.a: [4]
    ABImemcpy_unaligned.o        86
    cexit.o                      10
    cmain.o                      26
    copy_init3.o                 44
    cstartup_M.o                 12
    data_init.o                  40
    -------------------------------------------------
    Total:                      218

shb_l.a: [5]
    exit.o                       20
    -------------------------------------------------
    Total:                       20

    Gaps                         12
    Linker created                        20    1 024
-----------------------------------------------------
    Grand Total:              3 540       40    1 044


*******************************************************************************
*** ENTRY LIST
***

Entry                      Address   Size  Type      Object
-----                      -------   ----  ----      ------
.iar.init_table$$Base   0x08000c98          --   Gb  - Linker created -
.iar.init_table$$Limit  0x08000cac          --   Gb  - Linker created -
?main                   0x08000cdd         Code  Gb  cmain.o [4]
AHBPrescTable           0x08000c34   0x10  Data  Gb  system_stm32f1xx.o [1]
BusFault_Handler        0x08000cb3    0x2  Code  Gb  stm32f1xx_it.o [1]
CSTACK$$Base            0x20000018          --   Gb  - Linker created -
CSTACK$$Limit           0x20000418          --   Gb  - Linker created -
DebugMon_Handler        0x08000cb9    0x2  Code  Gb  stm32f1xx_it.o [1]
Delay                   0x080006e1    0xa  Code  Gb  main.o [1]
HAL_Delay               0x08000a71   0x28  Code  Wk  stm32f1xx_hal.o [1]
HAL_GPIO_Init           0x080008c1  0x174  Code  Gb  stm32f1xx_hal_gpio.o [1]
HAL_GPIO_WritePin       0x08000a35    0x8  Code  Gb  stm32f1xx_hal_gpio.o [1]
HAL_GetTick             0x08000575    0xc  Code  Wk  stm32f1xx_hal.o [1]
HAL_IncTick             0x08000ccd   0x10  Code  Wk  stm32f1xx_hal.o [1]
HAL_Init                0x08000a99   0x20  Code  Gb  stm32f1xx_hal.o [1]
HAL_InitTick            0x08000581   0x40  Code  Wk  stm32f1xx_hal.o [1]
HAL_MspInit             0x08000b4d   0x9c  Code  Gb  stm32f1xx_hal_msp.o [1]
HAL_NVIC_SetPriority    0x0800064d   0x3a  Code  Gb  stm32f1xx_hal_cortex.o [1]
HAL_NVIC_SetPriorityGrouping
                        0x08000633   0x1a  Code  Gb  stm32f1xx_hal_cortex.o [1]
HAL_RCC_ClockConfig     0x080003c7  0x10a  Code  Gb  stm32f1xx_hal_rcc.o [1]
HAL_RCC_GetHCLKFreq     0x08000533    0x6  Code  Gb  stm32f1xx_hal_rcc.o [1]
HAL_RCC_GetSysClockFreq
                        0x080004e5   0x4e  Code  Gb  stm32f1xx_hal_rcc.o [1]
HAL_RCC_OscConfig       0x080000ed  0x2d2  Code  Gb  stm32f1xx_hal_rcc.o [1]
HAL_SYSTICK_CLKSourceConfig
                        0x080006af   0x14  Code  Gb  stm32f1xx_hal_cortex.o [1]
HAL_SYSTICK_Callback    0x080006dd    0x2  Code  Wk  stm32f1xx_hal_cortex.o [1]
HAL_SYSTICK_Config      0x08000687   0x28  Code  Gb  stm32f1xx_hal_cortex.o [1]
HAL_SYSTICK_IRQHandler  0x080006d9    0x4  Code  Gb  stm32f1xx_hal_cortex.o [1]
HardFault_Handler       0x08000caf    0x2  Code  Gb  stm32f1xx_it.o [1]
IIC_Send_Byte           0x080006eb   0x42  Code  Gb  main.o [1]
LCD12864_Display_Char   0x0800079f   0x1e  Code  Gb  main.o [1]
LCD12864_Display_Chars  0x080007c9   0x26  Code  Gb  main.o [1]
LCD_wr                  0x08000737   0x34  Code  Gb  main.o [1]
MX_GPIO_Init            0x08000abd   0x90  Code  Gb  gpio.o [1]
MemManage_Handler       0x08000cb1    0x2  Code  Gb  stm32f1xx_it.o [1]
NMI_Handler             0x08000cad    0x2  Code  Gb  stm32f1xx_it.o [1]
NVIC_SetPriority        0x08000619   0x1a  Code  Lc  stm32f1xx_hal_cortex.o [1]
PendSV_Handler          0x08000cbb    0x2  Code  Gb  stm32f1xx_it.o [1]
Region$$Table$$Base     0x08000c98          --   Gb  - Linker created -
Region$$Table$$Limit    0x08000cac          --   Gb  - Linker created -
SVC_Handler             0x08000cb7    0x2  Code  Gb  stm32f1xx_it.o [1]
SysTick_Handler         0x08000cbd    0xe  Code  Gb  stm32f1xx_it.o [1]
SystemClock_Config      0x08000841   0x74  Code  Gb  main.o [1]
SystemCoreClock         0x20000010    0x4  Data  Gb  system_stm32f1xx.o [1]
SystemInit              0x08000be9   0x3a  Code  Gb  system_stm32f1xx.o [1]
UsageFault_Handler      0x08000cb5    0x2  Code  Gb  stm32f1xx_it.o [1]
__cmain                 0x08000cdd         Code  Gb  cmain.o [4]
__exit                  0x08000d0d   0x14  Code  Gb  exit.o [5]
__iar_copy_init3        0x08000c45   0x2c  Code  Gb  copy_init3.o [4]
__iar_data_init3        0x08000c71   0x28  Code  Gb  data_init.o [4]
__iar_program_start     0x08000d45         Code  Gb  cstartup_M.o [4]
__iar_unaligned___aeabi_memcpy4
                        0x080005c1         Code  Gb  ABImemcpy_unaligned.o [4]
__iar_unaligned___aeabi_memcpy8
                        0x080005c1         Code  Gb  ABImemcpy_unaligned.o [4]
__low_level_init        0x08000cf7    0x4  Code  Gb  low_level_init.o [3]
__vector_table          0x08000000         Data  Gb  startup_stm32f103xb.o [1]
_call_main              0x08000ce9         Code  Gb  cmain.o [4]
_exit                   0x08000d01         Code  Gb  cexit.o [4]
_main                   0x08000cf3         Code  Gb  cmain.o [4]
addresses               0x20000000    0x4  Data  Gb  main.o [1]
exit                    0x08000cfb    0x4  Code  Gb  exit.o [3]
initlcd                 0x0800076b   0x34  Code  Gb  main.o [1]
main                    0x080007ff   0x36  Code  Gb  main.o [1]
uwTick                  0x20000008    0x4  Data  Gb  stm32f1xx_hal.o [1]
uwTickFreq              0x20000004    0x1  Data  Gb  stm32f1xx_hal.o [1]
uwTickPrio              0x2000000c    0x4  Data  Gb  stm32f1xx_hal.o [1]


[1] = C:\Users\test\Desktop\11\SPI 12864\EWARM\SPI 12864\Obj
[2] = command line
[3] = dl7M_tlf.a
[4] = rt7M_tl.a
[5] = shb_l.a

  3 540 bytes of readonly  code memory
     40 bytes of readonly  data memory
  1 044 bytes of readwrite data memory

Errors: none
Warnings: none
