###############################################################################
#
# IAR ELF Linker V7.80.4.12462/W32 for ARM                26/Sep/2018  11:10:30
# Copyright 2007-2017 IAR Systems AB.
#
#    Output file  =  C:\Users\test\Desktop\11\1111\EWARM\1111\Exe\1111.out
#    Map file     =  C:\Users\test\Desktop\11\1111\EWARM\1111\List\1111.map
#    Command line =  
#        C:\Users\test\Desktop\11\1111\EWARM\1111\Obj\main.o
#        C:\Users\test\Desktop\11\1111\EWARM\1111\Obj\startup_stm32f103xb.o
#        C:\Users\test\Desktop\11\1111\EWARM\1111\Obj\stm32f1xx_hal.o
#        C:\Users\test\Desktop\11\1111\EWARM\1111\Obj\stm32f1xx_hal_cortex.o
#        C:\Users\test\Desktop\11\1111\EWARM\1111\Obj\stm32f1xx_hal_dma.o
#        C:\Users\test\Desktop\11\1111\EWARM\1111\Obj\stm32f1xx_hal_flash.o
#        C:\Users\test\Desktop\11\1111\EWARM\1111\Obj\stm32f1xx_hal_flash_ex.o
#        C:\Users\test\Desktop\11\1111\EWARM\1111\Obj\stm32f1xx_hal_gpio.o
#        C:\Users\test\Desktop\11\1111\EWARM\1111\Obj\stm32f1xx_hal_gpio_ex.o
#        C:\Users\test\Desktop\11\1111\EWARM\1111\Obj\stm32f1xx_hal_msp.o
#        C:\Users\test\Desktop\11\1111\EWARM\1111\Obj\stm32f1xx_hal_pwr.o
#        C:\Users\test\Desktop\11\1111\EWARM\1111\Obj\stm32f1xx_hal_rcc.o
#        C:\Users\test\Desktop\11\1111\EWARM\1111\Obj\stm32f1xx_hal_rcc_ex.o
#        C:\Users\test\Desktop\11\1111\EWARM\1111\Obj\stm32f1xx_hal_tim.o
#        C:\Users\test\Desktop\11\1111\EWARM\1111\Obj\stm32f1xx_hal_tim_ex.o
#        C:\Users\test\Desktop\11\1111\EWARM\1111\Obj\stm32f1xx_it.o
#        C:\Users\test\Desktop\11\1111\EWARM\1111\Obj\system_stm32f1xx.o
#        --redirect _Printf=_PrintfFull --redirect _Scanf=_ScanfFull -o
#        C:\Users\test\Desktop\11\1111\EWARM\1111\Exe\1111.out --map
#        C:\Users\test\Desktop\11\1111\EWARM\1111\List\1111.map --config
#        C:\Users\test\Desktop\11\1111\EWARM/stm32f103xb_flash.icf
#        --semihosting --entry __iar_program_start --vfe
#
###############################################################################

*******************************************************************************
*** RUNTIME MODEL ATTRIBUTES
***

CppFlavor       = *
__SystemLibrary = DLib


*******************************************************************************
*** PLACEMENT SUMMARY
***

"A0":  place at 0x08000000 { ro section .intvec };
"P1":  place in [from 0x08000000 to 0x0801ffff] { ro };
"P2":  place in [from 0x20000000 to 0x20004fff] { rw, block CSTACK, block HEAP };
initialize by copy { rw };

  Section            Kind        Address   Size  Object
  -------            ----        -------   ----  ------
"A0":                                      0xec
  .intvec            ro code  0x08000000   0xec  startup_stm32f103xb.o [1]
                            - 0x080000ec   0xec

"P1":                                     0xb4c
  .text              ro code  0x080000ec  0x486  stm32f1xx_hal_rcc.o [1]
  .text              ro code  0x08000574    0xc  stm32f1xx_hal.o [1]
  .text              ro code  0x08000580   0x40  stm32f1xx_hal.o [1]
  .text              ro code  0x080005c0   0x56  ABImemcpy_unaligned.o [4]
  .text              ro code  0x08000618   0xc6  stm32f1xx_hal_cortex.o [1]
  .text              ro code  0x080006e0  0x1b0  stm32f1xx_hal_gpio.o [1]
  .text              ro code  0x08000890   0xd8  main.o [1]
  .text              ro code  0x08000968   0x24  stm32f1xx_hal.o [1]
  .text              ro code  0x0800098c   0x9c  stm32f1xx_hal_msp.o [1]
  .text              ro code  0x08000a28   0x5c  system_stm32f1xx.o [1]
  .text              ro code  0x08000a84   0x2c  copy_init3.o [4]
  .text              ro code  0x08000ab0   0x28  data_init.o [4]
  .iar.init_table    const    0x08000ad8   0x14  - Linker created -
  .text              ro code  0x08000aec   0x1e  stm32f1xx_it.o [1]
  .text              ro code  0x08000b0c   0x10  stm32f1xx_hal.o [1]
  .text              ro code  0x08000b1c   0x1a  cmain.o [4]
  .text              ro code  0x08000b36    0x4  low_level_init.o [3]
  .text              ro code  0x08000b3a    0x4  exit.o [3]
  .text              ro code  0x08000b40    0xa  cexit.o [4]
  .text              ro code  0x08000b4c   0x14  exit.o [5]
  .text              ro code  0x08000b60   0x10  startup_stm32f103xb.o [1]
  Initializer bytes  const    0x08000b70   0x10  <for P2-1>
  .text              ro code  0x08000b80    0xc  cstartup_M.o [4]
  .text              ro code  0x08000b8c    0x4  startup_stm32f103xb.o [1]
  .text              ro code  0x08000b90    0x4  startup_stm32f103xb.o [1]
  .text              ro code  0x08000b94    0x4  startup_stm32f103xb.o [1]
  .text              ro code  0x08000b98    0x4  startup_stm32f103xb.o [1]
  .text              ro code  0x08000b9c    0x4  startup_stm32f103xb.o [1]
  .text              ro code  0x08000ba0    0x4  startup_stm32f103xb.o [1]
  .text              ro code  0x08000ba4    0x4  startup_stm32f103xb.o [1]
  .text              ro code  0x08000ba8    0x4  startup_stm32f103xb.o [1]
  .text              ro code  0x08000bac    0x4  startup_stm32f103xb.o [1]
  .text              ro code  0x08000bb0    0x4  startup_stm32f103xb.o [1]
  .text              ro code  0x08000bb4    0x4  startup_stm32f103xb.o [1]
  .text              ro code  0x08000bb8    0x4  startup_stm32f103xb.o [1]
  .text              ro code  0x08000bbc    0x4  startup_stm32f103xb.o [1]
  .text              ro code  0x08000bc0    0x4  startup_stm32f103xb.o [1]
  .text              ro code  0x08000bc4    0x4  startup_stm32f103xb.o [1]
  .text              ro code  0x08000bc8    0x4  startup_stm32f103xb.o [1]
  .text              ro code  0x08000bcc    0x4  startup_stm32f103xb.o [1]
  .text              ro code  0x08000bd0    0x4  startup_stm32f103xb.o [1]
  .text              ro code  0x08000bd4    0x4  startup_stm32f103xb.o [1]
  .text              ro code  0x08000bd8    0x4  startup_stm32f103xb.o [1]
  .text              ro code  0x08000bdc    0x4  startup_stm32f103xb.o [1]
  .text              ro code  0x08000be0    0x4  startup_stm32f103xb.o [1]
  .text              ro code  0x08000be4    0x4  startup_stm32f103xb.o [1]
  .text              ro code  0x08000be8    0x4  startup_stm32f103xb.o [1]
  .text              ro code  0x08000bec    0x4  startup_stm32f103xb.o [1]
  .text              ro code  0x08000bf0    0x4  startup_stm32f103xb.o [1]
  .text              ro code  0x08000bf4    0x4  startup_stm32f103xb.o [1]
  .text              ro code  0x08000bf8    0x4  startup_stm32f103xb.o [1]
  .text              ro code  0x08000bfc    0x4  startup_stm32f103xb.o [1]
  .text              ro code  0x08000c00    0x4  startup_stm32f103xb.o [1]
  .text              ro code  0x08000c04    0x4  startup_stm32f103xb.o [1]
  .text              ro code  0x08000c08    0x4  startup_stm32f103xb.o [1]
  .text              ro code  0x08000c0c    0x4  startup_stm32f103xb.o [1]
  .text              ro code  0x08000c10    0x4  startup_stm32f103xb.o [1]
  .text              ro code  0x08000c14    0x4  startup_stm32f103xb.o [1]
  .text              ro code  0x08000c18    0x4  startup_stm32f103xb.o [1]
  .text              ro code  0x08000c1c    0x4  startup_stm32f103xb.o [1]
  .text              ro code  0x08000c20    0x4  startup_stm32f103xb.o [1]
  .text              ro code  0x08000c24    0x4  startup_stm32f103xb.o [1]
  .text              ro code  0x08000c28    0x4  startup_stm32f103xb.o [1]
  .text              ro code  0x08000c2c    0x4  startup_stm32f103xb.o [1]
  .text              ro code  0x08000c30    0x4  startup_stm32f103xb.o [1]
  .text              ro code  0x08000c34    0x4  startup_stm32f103xb.o [1]
  .rodata            const    0x08000c38    0x0  copy_init3.o [4]
                            - 0x08000c38  0xb4c

"P2", part 1 of 2:                         0x10
  P2-1                        0x20000000   0x10  <Init block>
    .data            inited   0x20000000    0xc  stm32f1xx_hal.o [1]
    .data            inited   0x2000000c    0x4  system_stm32f1xx.o [1]
                            - 0x20000010   0x10

"P2", part 2 of 2:                        0x400
  CSTACK                      0x20000010  0x400  <Block>
    CSTACK           uninit   0x20000010  0x400  <Block tail>
                            - 0x20000410  0x400


*******************************************************************************
*** INIT TABLE
***

          Address     Size
          -------     ----
Copy (__iar_copy_init3)
    1 source range, total size 0x10:
          0x08000b70  0x10
    1 destination range, total size 0x10:
          0x20000000  0x10



*******************************************************************************
*** MODULE SUMMARY
***

    Module                  ro code  ro data  rw data
    ------                  -------  -------  -------
C:\Users\test\Desktop\11\1111\EWARM\1111\Obj: [1]
    main.o                      216
    startup_stm32f103xb.o       424
    stm32f1xx_hal.o             128       12       12
    stm32f1xx_hal_cortex.o      198
    stm32f1xx_hal_gpio.o        432
    stm32f1xx_hal_msp.o         156
    stm32f1xx_hal_rcc.o       1 158
    stm32f1xx_it.o               30
    system_stm32f1xx.o           92        4        4
    -------------------------------------------------
    Total:                    2 834       16       16

command line: [2]
    -------------------------------------------------
    Total:

dl7M_tlf.a: [3]
    exit.o                        4
    low_level_init.o              4
    -------------------------------------------------
    Total:                        8

rt7M_tl.a: [4]
    ABImemcpy_unaligned.o        86
    cexit.o                      10
    cmain.o                      26
    copy_init3.o                 44
    cstartup_M.o                 12
    data_init.o                  40
    -------------------------------------------------
    Total:                      218

shb_l.a: [5]
    exit.o                       20
    -------------------------------------------------
    Total:                       20

    Gaps                         12
    Linker created                        20    1 024
-----------------------------------------------------
    Grand Total:              3 092       36    1 040


*******************************************************************************
*** ENTRY LIST
***

Entry                      Address   Size  Type      Object
-----                      -------   ----  ----      ------
.iar.init_table$$Base   0x08000ad8          --   Gb  - Linker created -
.iar.init_table$$Limit  0x08000aec          --   Gb  - Linker created -
?main                   0x08000b1d         Code  Gb  cmain.o [4]
AHBPrescTable           0x08000a74   0x10  Data  Gb  system_stm32f1xx.o [1]
BusFault_Handler        0x08000af3    0x2  Code  Gb  stm32f1xx_it.o [1]
CSTACK$$Base            0x20000010          --   Gb  - Linker created -
CSTACK$$Limit           0x20000410          --   Gb  - Linker created -
DebugMon_Handler        0x08000af9    0x2  Code  Gb  stm32f1xx_it.o [1]
HAL_GPIO_Init           0x080006e1  0x174  Code  Gb  stm32f1xx_hal_gpio.o [1]
HAL_GPIO_WritePin       0x08000855    0x8  Code  Gb  stm32f1xx_hal_gpio.o [1]
HAL_GetTick             0x08000575    0xc  Code  Wk  stm32f1xx_hal.o [1]
HAL_IncTick             0x08000b0d   0x10  Code  Wk  stm32f1xx_hal.o [1]
HAL_Init                0x08000969   0x20  Code  Gb  stm32f1xx_hal.o [1]
HAL_InitTick            0x08000581   0x40  Code  Wk  stm32f1xx_hal.o [1]
HAL_MspInit             0x0800098d   0x9c  Code  Gb  stm32f1xx_hal_msp.o [1]
HAL_NVIC_SetPriority    0x0800064d   0x3a  Code  Gb  stm32f1xx_hal_cortex.o [1]
HAL_NVIC_SetPriorityGrouping
                        0x08000633   0x1a  Code  Gb  stm32f1xx_hal_cortex.o [1]
HAL_RCC_ClockConfig     0x080003c7  0x10a  Code  Gb  stm32f1xx_hal_rcc.o [1]
HAL_RCC_GetHCLKFreq     0x08000533    0x6  Code  Gb  stm32f1xx_hal_rcc.o [1]
HAL_RCC_GetSysClockFreq
                        0x080004e5   0x4e  Code  Gb  stm32f1xx_hal_rcc.o [1]
HAL_RCC_OscConfig       0x080000ed  0x2d2  Code  Gb  stm32f1xx_hal_rcc.o [1]
HAL_SYSTICK_CLKSourceConfig
                        0x080006af   0x14  Code  Gb  stm32f1xx_hal_cortex.o [1]
HAL_SYSTICK_Callback    0x080006dd    0x2  Code  Wk  stm32f1xx_hal_cortex.o [1]
HAL_SYSTICK_Config      0x08000687   0x28  Code  Gb  stm32f1xx_hal_cortex.o [1]
HAL_SYSTICK_IRQHandler  0x080006d9    0x4  Code  Gb  stm32f1xx_hal_cortex.o [1]
HardFault_Handler       0x08000aef    0x2  Code  Gb  stm32f1xx_it.o [1]
MemManage_Handler       0x08000af1    0x2  Code  Gb  stm32f1xx_it.o [1]
NMI_Handler             0x08000aed    0x2  Code  Gb  stm32f1xx_it.o [1]
NVIC_SetPriority        0x08000619   0x1a  Code  Lc  stm32f1xx_hal_cortex.o [1]
PendSV_Handler          0x08000afb    0x2  Code  Gb  stm32f1xx_it.o [1]
Region$$Table$$Base     0x08000ad8          --   Gb  - Linker created -
Region$$Table$$Limit    0x08000aec          --   Gb  - Linker created -
SVC_Handler             0x08000af7    0x2  Code  Gb  stm32f1xx_it.o [1]
SysTick_Handler         0x08000afd    0xe  Code  Gb  stm32f1xx_it.o [1]
SystemClock_Config      0x080008f1   0x78  Code  Gb  main.o [1]
SystemCoreClock         0x2000000c    0x4  Data  Gb  system_stm32f1xx.o [1]
SystemInit              0x08000a29   0x3a  Code  Gb  system_stm32f1xx.o [1]
UsageFault_Handler      0x08000af5    0x2  Code  Gb  stm32f1xx_it.o [1]
__cmain                 0x08000b1d         Code  Gb  cmain.o [4]
__exit                  0x08000b4d   0x14  Code  Gb  exit.o [5]
__iar_copy_init3        0x08000a85   0x2c  Code  Gb  copy_init3.o [4]
__iar_data_init3        0x08000ab1   0x28  Code  Gb  data_init.o [4]
__iar_program_start     0x08000b81         Code  Gb  cstartup_M.o [4]
__iar_unaligned___aeabi_memcpy4
                        0x080005c1         Code  Gb  ABImemcpy_unaligned.o [4]
__iar_unaligned___aeabi_memcpy8
                        0x080005c1         Code  Gb  ABImemcpy_unaligned.o [4]
__low_level_init        0x08000b37    0x4  Code  Gb  low_level_init.o [3]
__vector_table          0x08000000         Data  Gb  startup_stm32f103xb.o [1]
_call_main              0x08000b29         Code  Gb  cmain.o [4]
_exit                   0x08000b41         Code  Gb  cexit.o [4]
_main                   0x08000b33         Code  Gb  cmain.o [4]
exit                    0x08000b3b    0x4  Code  Gb  exit.o [3]
main                    0x08000891   0x56  Code  Gb  main.o [1]
uwTick                  0x20000004    0x4  Data  Gb  stm32f1xx_hal.o [1]
uwTickFreq              0x20000000    0x1  Data  Gb  stm32f1xx_hal.o [1]
uwTickPrio              0x20000008    0x4  Data  Gb  stm32f1xx_hal.o [1]


[1] = C:\Users\test\Desktop\11\1111\EWARM\1111\Obj
[2] = command line
[3] = dl7M_tlf.a
[4] = rt7M_tl.a
[5] = shb_l.a

  3 092 bytes of readonly  code memory
     36 bytes of readonly  data memory
  1 040 bytes of readwrite data memory

Errors: none
Warnings: none
